[2025-03-09T19:39:05.814+0000] {taskinstance.py:1956} INFO - Dependencies all met for dep_context=non-requeueable deps ti=<TaskInstance: sync_golden_layer_dag.sync_golden_layer manual__2025-03-09T19:39:04.028517+00:00 [queued]>
[2025-03-09T19:39:05.819+0000] {taskinstance.py:1956} INFO - Dependencies all met for dep_context=requeueable deps ti=<TaskInstance: sync_golden_layer_dag.sync_golden_layer manual__2025-03-09T19:39:04.028517+00:00 [queued]>
[2025-03-09T19:39:05.820+0000] {taskinstance.py:2170} INFO - Starting attempt 1 of 1
[2025-03-09T19:39:05.828+0000] {taskinstance.py:2191} INFO - Executing <Task(PythonOperator): sync_golden_layer> on 2025-03-09 19:39:04.028517+00:00
[2025-03-09T19:39:05.830+0000] {standard_task_runner.py:60} INFO - Started process 4873 to run task
[2025-03-09T19:39:05.833+0000] {standard_task_runner.py:87} INFO - Running: ['***', 'tasks', 'run', 'sync_golden_layer_dag', 'sync_golden_layer', 'manual__2025-03-09T19:39:04.028517+00:00', '--job-id', '45', '--raw', '--subdir', 'DAGS_FOLDER/sync_golden_layer_dag.py', '--cfg-path', '/tmp/tmpi36btzwk']
[2025-03-09T19:39:05.835+0000] {standard_task_runner.py:88} INFO - Job 45: Subtask sync_golden_layer
[2025-03-09T19:39:05.888+0000] {task_command.py:423} INFO - Running <TaskInstance: sync_golden_layer_dag.sync_golden_layer manual__2025-03-09T19:39:04.028517+00:00 [running]> on host 6ddfe969f968
[2025-03-09T19:39:05.949+0000] {taskinstance.py:2480} INFO - Exporting env vars: AIRFLOW_CTX_DAG_OWNER='***' AIRFLOW_CTX_DAG_ID='sync_golden_layer_dag' AIRFLOW_CTX_TASK_ID='sync_golden_layer' AIRFLOW_CTX_EXECUTION_DATE='2025-03-09T19:39:04.028517+00:00' AIRFLOW_CTX_TRY_NUMBER='1' AIRFLOW_CTX_DAG_RUN_ID='manual__2025-03-09T19:39:04.028517+00:00'
[2025-03-09T19:39:05.957+0000] {base.py:83} INFO - Using connection ID 'warehouse' for task execution.
[2025-03-09T19:39:05.966+0000] {sql.py:450} INFO - Running statement: SELECT golden.refresh_types_statistics();, parameters: None
[2025-03-09T19:39:05.978+0000] {sql.py:459} INFO - Rows affected: 1
[2025-03-09T19:39:05.985+0000] {base.py:83} INFO - Using connection ID 'warehouse' for task execution.
[2025-03-09T19:39:05.992+0000] {sql.py:450} INFO - Running statement: SELECT golden.refresh_moves_statistics();, parameters: None
[2025-03-09T19:39:06.011+0000] {sql.py:459} INFO - Rows affected: 1
[2025-03-09T19:39:06.018+0000] {base.py:83} INFO - Using connection ID 'warehouse' for task execution.
[2025-03-09T19:39:06.026+0000] {sql.py:450} INFO - Running statement: SELECT golden.refresh_stats_statistics();, parameters: None
[2025-03-09T19:39:06.036+0000] {sql.py:459} INFO - Rows affected: 1
[2025-03-09T19:39:06.043+0000] {base.py:83} INFO - Using connection ID 'warehouse' for task execution.
[2025-03-09T19:39:06.051+0000] {sql.py:450} INFO - Running statement: SELECT golden.refresh_types_generations_statistics();, parameters: None
[2025-03-09T19:39:06.072+0000] {sql.py:459} INFO - Rows affected: 1
[2025-03-09T19:39:06.073+0000] {python.py:201} INFO - Done. Returned value was: None
[2025-03-09T19:39:06.082+0000] {taskinstance.py:1138} INFO - Marking task as SUCCESS. dag_id=sync_golden_layer_dag, task_id=sync_golden_layer, execution_date=20250309T193904, start_date=20250309T193905, end_date=20250309T193906
[2025-03-09T19:39:06.111+0000] {local_task_job_runner.py:234} INFO - Task exited with return code 0
[2025-03-09T19:39:06.126+0000] {taskinstance.py:3280} INFO - 0 downstream tasks scheduled from follow-on schedule check
