[2025-04-22T06:55:33.828+0000] {taskinstance.py:1956} INFO - Dependencies all met for dep_context=non-requeueable deps ti=<TaskInstance: sync_golden_layer_dag.sync_golden_layer manual__2025-04-22T06:55:30.200291+00:00 [queued]>
[2025-04-22T06:55:33.874+0000] {taskinstance.py:1956} INFO - Dependencies all met for dep_context=requeueable deps ti=<TaskInstance: sync_golden_layer_dag.sync_golden_layer manual__2025-04-22T06:55:30.200291+00:00 [queued]>
[2025-04-22T06:55:33.876+0000] {taskinstance.py:2170} INFO - Starting attempt 1 of 1
[2025-04-22T06:55:33.919+0000] {taskinstance.py:2191} INFO - Executing <Task(PythonOperator): sync_golden_layer> on 2025-04-22 06:55:30.200291+00:00
[2025-04-22T06:55:33.981+0000] {standard_task_runner.py:60} INFO - Started process 12882 to run task
[2025-04-22T06:55:34.030+0000] {standard_task_runner.py:87} INFO - Running: ['***', 'tasks', 'run', 'sync_golden_layer_dag', 'sync_golden_layer', 'manual__2025-04-22T06:55:30.200291+00:00', '--job-id', '162', '--raw', '--subdir', 'DAGS_FOLDER/sync_golden_layer_dag.py', '--cfg-path', '/tmp/tmpw8rplcyg']
[2025-04-22T06:55:34.058+0000] {standard_task_runner.py:88} INFO - Job 162: Subtask sync_golden_layer
[2025-04-22T06:55:34.394+0000] {task_command.py:423} INFO - Running <TaskInstance: sync_golden_layer_dag.sync_golden_layer manual__2025-04-22T06:55:30.200291+00:00 [running]> on host c082e54ac3bd
[2025-04-22T06:55:34.919+0000] {taskinstance.py:2480} INFO - Exporting env vars: AIRFLOW_CTX_DAG_OWNER='***' AIRFLOW_CTX_DAG_ID='sync_golden_layer_dag' AIRFLOW_CTX_TASK_ID='sync_golden_layer' AIRFLOW_CTX_EXECUTION_DATE='2025-04-22T06:55:30.200291+00:00' AIRFLOW_CTX_TRY_NUMBER='1' AIRFLOW_CTX_DAG_RUN_ID='manual__2025-04-22T06:55:30.200291+00:00'
[2025-04-22T06:55:34.953+0000] {base.py:83} INFO - Using connection ID 'warehouse' for task execution.
[2025-04-22T06:55:35.010+0000] {sql.py:450} INFO - Running statement: SELECT golden.refresh_types_statistics();, parameters: None
[2025-04-22T06:55:35.030+0000] {sql.py:459} INFO - Rows affected: 1
[2025-04-22T06:55:35.053+0000] {base.py:83} INFO - Using connection ID 'warehouse' for task execution.
[2025-04-22T06:55:35.141+0000] {sql.py:450} INFO - Running statement: SELECT golden.refresh_moves_statistics();, parameters: None
[2025-04-22T06:55:35.427+0000] {sql.py:459} INFO - Rows affected: 1
[2025-04-22T06:55:35.465+0000] {base.py:83} INFO - Using connection ID 'warehouse' for task execution.
[2025-04-22T06:55:35.621+0000] {sql.py:450} INFO - Running statement: SELECT golden.refresh_stats_statistics();, parameters: None
[2025-04-22T06:55:35.695+0000] {sql.py:459} INFO - Rows affected: 1
[2025-04-22T06:55:35.715+0000] {base.py:83} INFO - Using connection ID 'warehouse' for task execution.
[2025-04-22T06:55:35.739+0000] {sql.py:450} INFO - Running statement: SELECT golden.refresh_types_generations_statistics();, parameters: None
[2025-04-22T06:55:35.782+0000] {sql.py:459} INFO - Rows affected: 1
[2025-04-22T06:55:35.787+0000] {python.py:201} INFO - Done. Returned value was: None
[2025-04-22T06:55:35.822+0000] {taskinstance.py:1138} INFO - Marking task as SUCCESS. dag_id=sync_golden_layer_dag, task_id=sync_golden_layer, execution_date=20250422T065530, start_date=20250422T065533, end_date=20250422T065535
[2025-04-22T06:55:35.934+0000] {local_task_job_runner.py:234} INFO - Task exited with return code 0
[2025-04-22T06:55:36.090+0000] {taskinstance.py:3280} INFO - 0 downstream tasks scheduled from follow-on schedule check
