[2025-11-17T08:42:38.146+0000] {taskinstance.py:1956} INFO - Dependencies all met for dep_context=non-requeueable deps ti=<TaskInstance: sync_golden_layer_dag.sync_golden_layer scheduled__2025-11-16T06:00:00+00:00 [queued]>
[2025-11-17T08:42:38.150+0000] {taskinstance.py:1956} INFO - Dependencies all met for dep_context=requeueable deps ti=<TaskInstance: sync_golden_layer_dag.sync_golden_layer scheduled__2025-11-16T06:00:00+00:00 [queued]>
[2025-11-17T08:42:38.150+0000] {taskinstance.py:2170} INFO - Starting attempt 1 of 1
[2025-11-17T08:42:38.154+0000] {taskinstance.py:2191} INFO - Executing <Task(PythonOperator): sync_golden_layer> on 2025-11-16 06:00:00+00:00
[2025-11-17T08:42:38.157+0000] {standard_task_runner.py:60} INFO - Started process 97798 to run task
[2025-11-17T08:42:38.158+0000] {standard_task_runner.py:87} INFO - Running: ['***', 'tasks', 'run', 'sync_golden_layer_dag', 'sync_golden_layer', 'scheduled__2025-11-16T06:00:00+00:00', '--job-id', '74', '--raw', '--subdir', 'DAGS_FOLDER/sync_golden_layer_dag.py', '--cfg-path', '/tmp/tmpnjt5fn6a']
[2025-11-17T08:42:38.159+0000] {standard_task_runner.py:88} INFO - Job 74: Subtask sync_golden_layer
[2025-11-17T08:42:38.181+0000] {task_command.py:423} INFO - Running <TaskInstance: sync_golden_layer_dag.sync_golden_layer scheduled__2025-11-16T06:00:00+00:00 [running]> on host 67ebf70470b5
[2025-11-17T08:42:38.217+0000] {taskinstance.py:2480} INFO - Exporting env vars: AIRFLOW_CTX_DAG_OWNER='***' AIRFLOW_CTX_DAG_ID='sync_golden_layer_dag' AIRFLOW_CTX_TASK_ID='sync_golden_layer' AIRFLOW_CTX_EXECUTION_DATE='2025-11-16T06:00:00+00:00' AIRFLOW_CTX_TRY_NUMBER='1' AIRFLOW_CTX_DAG_RUN_ID='scheduled__2025-11-16T06:00:00+00:00'
[2025-11-17T08:42:38.222+0000] {base.py:83} INFO - Using connection ID 'warehouse' for task execution.
[2025-11-17T08:42:38.228+0000] {sql.py:450} INFO - Running statement: SELECT golden.refresh_types_statistics();, parameters: None
[2025-11-17T08:42:38.231+0000] {sql.py:459} INFO - Rows affected: 1
[2025-11-17T08:42:38.236+0000] {base.py:83} INFO - Using connection ID 'warehouse' for task execution.
[2025-11-17T08:42:38.241+0000] {sql.py:450} INFO - Running statement: SELECT golden.refresh_moves_statistics();, parameters: None
[2025-11-17T08:42:38.254+0000] {sql.py:459} INFO - Rows affected: 1
[2025-11-17T08:42:38.259+0000] {base.py:83} INFO - Using connection ID 'warehouse' for task execution.
[2025-11-17T08:42:38.264+0000] {sql.py:450} INFO - Running statement: SELECT golden.refresh_stats_statistics();, parameters: None
[2025-11-17T08:42:38.272+0000] {sql.py:459} INFO - Rows affected: 1
[2025-11-17T08:42:38.277+0000] {base.py:83} INFO - Using connection ID 'warehouse' for task execution.
[2025-11-17T08:42:38.283+0000] {sql.py:450} INFO - Running statement: SELECT golden.refresh_types_generations_statistics();, parameters: None
[2025-11-17T08:42:38.286+0000] {sql.py:459} INFO - Rows affected: 1
[2025-11-17T08:42:38.286+0000] {python.py:201} INFO - Done. Returned value was: None
[2025-11-17T08:42:38.291+0000] {taskinstance.py:1138} INFO - Marking task as SUCCESS. dag_id=sync_golden_layer_dag, task_id=sync_golden_layer, execution_date=20251116T060000, start_date=20251117T084238, end_date=20251117T084238
[2025-11-17T08:42:38.297+0000] {local_task_job_runner.py:234} INFO - Task exited with return code 0
[2025-11-17T08:42:38.306+0000] {taskinstance.py:3280} INFO - 0 downstream tasks scheduled from follow-on schedule check
