[2025-04-01T16:41:47.580+0000] {taskinstance.py:1956} INFO - Dependencies all met for dep_context=non-requeueable deps ti=<TaskInstance: sync_golden_layer_dag.sync_golden_layer manual__2025-04-01T16:41:45.644488+00:00 [queued]>
[2025-04-01T16:41:47.587+0000] {taskinstance.py:1956} INFO - Dependencies all met for dep_context=requeueable deps ti=<TaskInstance: sync_golden_layer_dag.sync_golden_layer manual__2025-04-01T16:41:45.644488+00:00 [queued]>
[2025-04-01T16:41:47.587+0000] {taskinstance.py:2170} INFO - Starting attempt 1 of 1
[2025-04-01T16:41:47.598+0000] {taskinstance.py:2191} INFO - Executing <Task(PythonOperator): sync_golden_layer> on 2025-04-01 16:41:45.644488+00:00
[2025-04-01T16:41:47.604+0000] {standard_task_runner.py:60} INFO - Started process 81724 to run task
[2025-04-01T16:41:47.609+0000] {standard_task_runner.py:87} INFO - Running: ['***', 'tasks', 'run', 'sync_golden_layer_dag', 'sync_golden_layer', 'manual__2025-04-01T16:41:45.644488+00:00', '--job-id', '149', '--raw', '--subdir', 'DAGS_FOLDER/sync_golden_layer_dag.py', '--cfg-path', '/tmp/tmpg7wn3qlc']
[2025-04-01T16:41:47.612+0000] {standard_task_runner.py:88} INFO - Job 149: Subtask sync_golden_layer
[2025-04-01T16:41:47.683+0000] {task_command.py:423} INFO - Running <TaskInstance: sync_golden_layer_dag.sync_golden_layer manual__2025-04-01T16:41:45.644488+00:00 [running]> on host c082e54ac3bd
[2025-04-01T16:41:47.779+0000] {taskinstance.py:2480} INFO - Exporting env vars: AIRFLOW_CTX_DAG_OWNER='***' AIRFLOW_CTX_DAG_ID='sync_golden_layer_dag' AIRFLOW_CTX_TASK_ID='sync_golden_layer' AIRFLOW_CTX_EXECUTION_DATE='2025-04-01T16:41:45.644488+00:00' AIRFLOW_CTX_TRY_NUMBER='1' AIRFLOW_CTX_DAG_RUN_ID='manual__2025-04-01T16:41:45.644488+00:00'
[2025-04-01T16:41:47.795+0000] {base.py:83} INFO - Using connection ID 'warehouse' for task execution.
[2025-04-01T16:41:47.827+0000] {sql.py:450} INFO - Running statement: SELECT golden.refresh_types_statistics();, parameters: None
[2025-04-01T16:41:47.839+0000] {sql.py:459} INFO - Rows affected: 1
[2025-04-01T16:41:47.854+0000] {base.py:83} INFO - Using connection ID 'warehouse' for task execution.
[2025-04-01T16:41:47.867+0000] {sql.py:450} INFO - Running statement: SELECT golden.refresh_moves_statistics();, parameters: None
[2025-04-01T16:41:48.008+0000] {sql.py:459} INFO - Rows affected: 1
[2025-04-01T16:41:48.043+0000] {base.py:83} INFO - Using connection ID 'warehouse' for task execution.
[2025-04-01T16:41:48.074+0000] {sql.py:450} INFO - Running statement: SELECT golden.refresh_stats_statistics();, parameters: None
[2025-04-01T16:41:48.136+0000] {sql.py:459} INFO - Rows affected: 1
[2025-04-01T16:41:48.155+0000] {base.py:83} INFO - Using connection ID 'warehouse' for task execution.
[2025-04-01T16:41:48.178+0000] {sql.py:450} INFO - Running statement: SELECT golden.refresh_types_generations_statistics();, parameters: None
[2025-04-01T16:41:48.195+0000] {sql.py:459} INFO - Rows affected: 1
[2025-04-01T16:41:48.197+0000] {python.py:201} INFO - Done. Returned value was: None
[2025-04-01T16:41:48.212+0000] {taskinstance.py:1138} INFO - Marking task as SUCCESS. dag_id=sync_golden_layer_dag, task_id=sync_golden_layer, execution_date=20250401T164145, start_date=20250401T164147, end_date=20250401T164148
[2025-04-01T16:41:48.258+0000] {local_task_job_runner.py:234} INFO - Task exited with return code 0
[2025-04-01T16:41:48.320+0000] {taskinstance.py:3280} INFO - 0 downstream tasks scheduled from follow-on schedule check
