[2025-11-17T08:42:43.618+0000] {taskinstance.py:1956} INFO - Dependencies all met for dep_context=non-requeueable deps ti=<TaskInstance: sync_golden_layer_dag.sync_golden_layer manual__2025-11-17T08:42:42.064425+00:00 [queued]>
[2025-11-17T08:42:43.621+0000] {taskinstance.py:1956} INFO - Dependencies all met for dep_context=requeueable deps ti=<TaskInstance: sync_golden_layer_dag.sync_golden_layer manual__2025-11-17T08:42:42.064425+00:00 [queued]>
[2025-11-17T08:42:43.623+0000] {taskinstance.py:2170} INFO - Starting attempt 1 of 1
[2025-11-17T08:42:43.629+0000] {taskinstance.py:2191} INFO - Executing <Task(PythonOperator): sync_golden_layer> on 2025-11-17 08:42:42.064425+00:00
[2025-11-17T08:42:43.631+0000] {standard_task_runner.py:60} INFO - Started process 97818 to run task
[2025-11-17T08:42:43.633+0000] {standard_task_runner.py:87} INFO - Running: ['***', 'tasks', 'run', 'sync_golden_layer_dag', 'sync_golden_layer', 'manual__2025-11-17T08:42:42.064425+00:00', '--job-id', '81', '--raw', '--subdir', 'DAGS_FOLDER/sync_golden_layer_dag.py', '--cfg-path', '/tmp/tmpuggb_jsx']
[2025-11-17T08:42:43.634+0000] {standard_task_runner.py:88} INFO - Job 81: Subtask sync_golden_layer
[2025-11-17T08:42:43.654+0000] {task_command.py:423} INFO - Running <TaskInstance: sync_golden_layer_dag.sync_golden_layer manual__2025-11-17T08:42:42.064425+00:00 [running]> on host 67ebf70470b5
[2025-11-17T08:42:43.689+0000] {taskinstance.py:2480} INFO - Exporting env vars: AIRFLOW_CTX_DAG_OWNER='***' AIRFLOW_CTX_DAG_ID='sync_golden_layer_dag' AIRFLOW_CTX_TASK_ID='sync_golden_layer' AIRFLOW_CTX_EXECUTION_DATE='2025-11-17T08:42:42.064425+00:00' AIRFLOW_CTX_TRY_NUMBER='1' AIRFLOW_CTX_DAG_RUN_ID='manual__2025-11-17T08:42:42.064425+00:00'
[2025-11-17T08:42:43.693+0000] {base.py:83} INFO - Using connection ID 'warehouse' for task execution.
[2025-11-17T08:42:43.699+0000] {sql.py:450} INFO - Running statement: SELECT golden.refresh_types_statistics();, parameters: None
[2025-11-17T08:42:43.703+0000] {sql.py:459} INFO - Rows affected: 1
[2025-11-17T08:42:43.708+0000] {base.py:83} INFO - Using connection ID 'warehouse' for task execution.
[2025-11-17T08:42:43.714+0000] {sql.py:450} INFO - Running statement: SELECT golden.refresh_moves_statistics();, parameters: None
[2025-11-17T08:42:43.728+0000] {sql.py:459} INFO - Rows affected: 1
[2025-11-17T08:42:43.733+0000] {base.py:83} INFO - Using connection ID 'warehouse' for task execution.
[2025-11-17T08:42:43.739+0000] {sql.py:450} INFO - Running statement: SELECT golden.refresh_stats_statistics();, parameters: None
[2025-11-17T08:42:43.751+0000] {sql.py:459} INFO - Rows affected: 1
[2025-11-17T08:42:43.757+0000] {base.py:83} INFO - Using connection ID 'warehouse' for task execution.
[2025-11-17T08:42:43.765+0000] {sql.py:450} INFO - Running statement: SELECT golden.refresh_types_generations_statistics();, parameters: None
[2025-11-17T08:42:43.770+0000] {sql.py:459} INFO - Rows affected: 1
[2025-11-17T08:42:43.772+0000] {python.py:201} INFO - Done. Returned value was: None
[2025-11-17T08:42:43.777+0000] {taskinstance.py:1138} INFO - Marking task as SUCCESS. dag_id=sync_golden_layer_dag, task_id=sync_golden_layer, execution_date=20251117T084242, start_date=20251117T084243, end_date=20251117T084243
[2025-11-17T08:42:43.812+0000] {local_task_job_runner.py:234} INFO - Task exited with return code 0
[2025-11-17T08:42:43.822+0000] {taskinstance.py:3280} INFO - 0 downstream tasks scheduled from follow-on schedule check
