[2025-04-22T06:54:44.018+0000] {taskinstance.py:1956} INFO - Dependencies all met for dep_context=non-requeueable deps ti=<TaskInstance: sync_golden_layer_dag.sync_golden_layer scheduled__2025-04-20T06:00:00+00:00 [queued]>
[2025-04-22T06:54:44.117+0000] {taskinstance.py:1956} INFO - Dependencies all met for dep_context=requeueable deps ti=<TaskInstance: sync_golden_layer_dag.sync_golden_layer scheduled__2025-04-20T06:00:00+00:00 [queued]>
[2025-04-22T06:54:44.125+0000] {taskinstance.py:2170} INFO - Starting attempt 1 of 1
[2025-04-22T06:54:44.225+0000] {taskinstance.py:2191} INFO - Executing <Task(PythonOperator): sync_golden_layer> on 2025-04-20 06:00:00+00:00
[2025-04-22T06:54:44.309+0000] {standard_task_runner.py:60} INFO - Started process 12821 to run task
[2025-04-22T06:54:44.362+0000] {standard_task_runner.py:87} INFO - Running: ['***', 'tasks', 'run', 'sync_golden_layer_dag', 'sync_golden_layer', 'scheduled__2025-04-20T06:00:00+00:00', '--job-id', '151', '--raw', '--subdir', 'DAGS_FOLDER/sync_golden_layer_dag.py', '--cfg-path', '/tmp/tmpcuh6advz']
[2025-04-22T06:54:44.385+0000] {standard_task_runner.py:88} INFO - Job 151: Subtask sync_golden_layer
[2025-04-22T06:54:44.853+0000] {task_command.py:423} INFO - Running <TaskInstance: sync_golden_layer_dag.sync_golden_layer scheduled__2025-04-20T06:00:00+00:00 [running]> on host c082e54ac3bd
[2025-04-22T06:54:45.236+0000] {taskinstance.py:2480} INFO - Exporting env vars: AIRFLOW_CTX_DAG_OWNER='***' AIRFLOW_CTX_DAG_ID='sync_golden_layer_dag' AIRFLOW_CTX_TASK_ID='sync_golden_layer' AIRFLOW_CTX_EXECUTION_DATE='2025-04-20T06:00:00+00:00' AIRFLOW_CTX_TRY_NUMBER='1' AIRFLOW_CTX_DAG_RUN_ID='scheduled__2025-04-20T06:00:00+00:00'
[2025-04-22T06:54:45.287+0000] {base.py:83} INFO - Using connection ID 'warehouse' for task execution.
[2025-04-22T06:54:45.594+0000] {sql.py:450} INFO - Running statement: SELECT golden.refresh_types_statistics();, parameters: None
[2025-04-22T06:54:45.753+0000] {sql.py:459} INFO - Rows affected: 1
[2025-04-22T06:54:45.858+0000] {base.py:83} INFO - Using connection ID 'warehouse' for task execution.
[2025-04-22T06:54:46.228+0000] {sql.py:450} INFO - Running statement: SELECT golden.refresh_moves_statistics();, parameters: None
[2025-04-22T06:54:46.539+0000] {sql.py:459} INFO - Rows affected: 1
[2025-04-22T06:54:46.697+0000] {base.py:83} INFO - Using connection ID 'warehouse' for task execution.
[2025-04-22T06:54:46.858+0000] {sql.py:450} INFO - Running statement: SELECT golden.refresh_stats_statistics();, parameters: None
[2025-04-22T06:54:46.918+0000] {sql.py:459} INFO - Rows affected: 1
[2025-04-22T06:54:46.963+0000] {base.py:83} INFO - Using connection ID 'warehouse' for task execution.
[2025-04-22T06:54:47.002+0000] {sql.py:450} INFO - Running statement: SELECT golden.refresh_types_generations_statistics();, parameters: None
[2025-04-22T06:54:47.025+0000] {sql.py:459} INFO - Rows affected: 1
[2025-04-22T06:54:47.061+0000] {python.py:201} INFO - Done. Returned value was: None
[2025-04-22T06:54:47.185+0000] {taskinstance.py:1138} INFO - Marking task as SUCCESS. dag_id=sync_golden_layer_dag, task_id=sync_golden_layer, execution_date=20250420T060000, start_date=20250422T065444, end_date=20250422T065447
[2025-04-22T06:54:47.271+0000] {local_task_job_runner.py:234} INFO - Task exited with return code 0
[2025-04-22T06:54:47.390+0000] {taskinstance.py:3280} INFO - 0 downstream tasks scheduled from follow-on schedule check
