[2025-11-17T08:42:36.068+0000] {taskinstance.py:1956} INFO - Dependencies all met for dep_context=non-requeueable deps ti=<TaskInstance: sync_golden_layer_dag.sync_golden_layer scheduled__2025-11-15T06:00:00+00:00 [queued]>
[2025-11-17T08:42:36.072+0000] {taskinstance.py:1956} INFO - Dependencies all met for dep_context=requeueable deps ti=<TaskInstance: sync_golden_layer_dag.sync_golden_layer scheduled__2025-11-15T06:00:00+00:00 [queued]>
[2025-11-17T08:42:36.073+0000] {taskinstance.py:2170} INFO - Starting attempt 1 of 1
[2025-11-17T08:42:36.080+0000] {taskinstance.py:2191} INFO - Executing <Task(PythonOperator): sync_golden_layer> on 2025-11-15 06:00:00+00:00
[2025-11-17T08:42:36.083+0000] {standard_task_runner.py:60} INFO - Started process 97784 to run task
[2025-11-17T08:42:36.084+0000] {standard_task_runner.py:87} INFO - Running: ['***', 'tasks', 'run', 'sync_golden_layer_dag', 'sync_golden_layer', 'scheduled__2025-11-15T06:00:00+00:00', '--job-id', '69', '--raw', '--subdir', 'DAGS_FOLDER/sync_golden_layer_dag.py', '--cfg-path', '/tmp/tmp_62aqg81']
[2025-11-17T08:42:36.086+0000] {standard_task_runner.py:88} INFO - Job 69: Subtask sync_golden_layer
[2025-11-17T08:42:36.110+0000] {task_command.py:423} INFO - Running <TaskInstance: sync_golden_layer_dag.sync_golden_layer scheduled__2025-11-15T06:00:00+00:00 [running]> on host 67ebf70470b5
[2025-11-17T08:42:36.153+0000] {taskinstance.py:2480} INFO - Exporting env vars: AIRFLOW_CTX_DAG_OWNER='***' AIRFLOW_CTX_DAG_ID='sync_golden_layer_dag' AIRFLOW_CTX_TASK_ID='sync_golden_layer' AIRFLOW_CTX_EXECUTION_DATE='2025-11-15T06:00:00+00:00' AIRFLOW_CTX_TRY_NUMBER='1' AIRFLOW_CTX_DAG_RUN_ID='scheduled__2025-11-15T06:00:00+00:00'
[2025-11-17T08:42:36.158+0000] {base.py:83} INFO - Using connection ID 'warehouse' for task execution.
[2025-11-17T08:42:36.217+0000] {sql.py:450} INFO - Running statement: SELECT golden.refresh_types_statistics();, parameters: None
[2025-11-17T08:42:36.263+0000] {sql.py:459} INFO - Rows affected: 1
[2025-11-17T08:42:36.273+0000] {base.py:83} INFO - Using connection ID 'warehouse' for task execution.
[2025-11-17T08:42:36.283+0000] {sql.py:450} INFO - Running statement: SELECT golden.refresh_moves_statistics();, parameters: None
[2025-11-17T08:42:36.383+0000] {sql.py:459} INFO - Rows affected: 1
[2025-11-17T08:42:36.390+0000] {base.py:83} INFO - Using connection ID 'warehouse' for task execution.
[2025-11-17T08:42:36.396+0000] {sql.py:450} INFO - Running statement: SELECT golden.refresh_stats_statistics();, parameters: None
[2025-11-17T08:42:36.420+0000] {sql.py:459} INFO - Rows affected: 1
[2025-11-17T08:42:36.426+0000] {base.py:83} INFO - Using connection ID 'warehouse' for task execution.
[2025-11-17T08:42:36.432+0000] {sql.py:450} INFO - Running statement: SELECT golden.refresh_types_generations_statistics();, parameters: None
[2025-11-17T08:42:36.443+0000] {sql.py:459} INFO - Rows affected: 1
[2025-11-17T08:42:36.444+0000] {python.py:201} INFO - Done. Returned value was: None
[2025-11-17T08:42:36.449+0000] {taskinstance.py:1138} INFO - Marking task as SUCCESS. dag_id=sync_golden_layer_dag, task_id=sync_golden_layer, execution_date=20251115T060000, start_date=20251117T084236, end_date=20251117T084236
[2025-11-17T08:42:36.470+0000] {local_task_job_runner.py:234} INFO - Task exited with return code 0
[2025-11-17T08:42:36.479+0000] {taskinstance.py:3280} INFO - 0 downstream tasks scheduled from follow-on schedule check
