[2025-11-17T08:42:50.785+0000] {taskinstance.py:1956} INFO - Dependencies all met for dep_context=non-requeueable deps ti=<TaskInstance: sync_golden_layer_dag.sync_golden_layer manual__2025-11-17T08:42:48.891498+00:00 [queued]>
[2025-11-17T08:42:50.789+0000] {taskinstance.py:1956} INFO - Dependencies all met for dep_context=requeueable deps ti=<TaskInstance: sync_golden_layer_dag.sync_golden_layer manual__2025-11-17T08:42:48.891498+00:00 [queued]>
[2025-11-17T08:42:50.789+0000] {taskinstance.py:2170} INFO - Starting attempt 1 of 1
[2025-11-17T08:42:50.794+0000] {taskinstance.py:2191} INFO - Executing <Task(PythonOperator): sync_golden_layer> on 2025-11-17 08:42:48.891498+00:00
[2025-11-17T08:42:50.796+0000] {standard_task_runner.py:60} INFO - Started process 97846 to run task
[2025-11-17T08:42:50.798+0000] {standard_task_runner.py:87} INFO - Running: ['***', 'tasks', 'run', 'sync_golden_layer_dag', 'sync_golden_layer', 'manual__2025-11-17T08:42:48.891498+00:00', '--job-id', '92', '--raw', '--subdir', 'DAGS_FOLDER/sync_golden_layer_dag.py', '--cfg-path', '/tmp/tmpil5w1gy0']
[2025-11-17T08:42:50.799+0000] {standard_task_runner.py:88} INFO - Job 92: Subtask sync_golden_layer
[2025-11-17T08:42:50.819+0000] {task_command.py:423} INFO - Running <TaskInstance: sync_golden_layer_dag.sync_golden_layer manual__2025-11-17T08:42:48.891498+00:00 [running]> on host 67ebf70470b5
[2025-11-17T08:42:50.852+0000] {taskinstance.py:2480} INFO - Exporting env vars: AIRFLOW_CTX_DAG_OWNER='***' AIRFLOW_CTX_DAG_ID='sync_golden_layer_dag' AIRFLOW_CTX_TASK_ID='sync_golden_layer' AIRFLOW_CTX_EXECUTION_DATE='2025-11-17T08:42:48.891498+00:00' AIRFLOW_CTX_TRY_NUMBER='1' AIRFLOW_CTX_DAG_RUN_ID='manual__2025-11-17T08:42:48.891498+00:00'
[2025-11-17T08:42:50.857+0000] {base.py:83} INFO - Using connection ID 'warehouse' for task execution.
[2025-11-17T08:42:50.863+0000] {sql.py:450} INFO - Running statement: SELECT golden.refresh_types_statistics();, parameters: None
[2025-11-17T08:42:50.865+0000] {sql.py:459} INFO - Rows affected: 1
[2025-11-17T08:42:50.870+0000] {base.py:83} INFO - Using connection ID 'warehouse' for task execution.
[2025-11-17T08:42:50.875+0000] {sql.py:450} INFO - Running statement: SELECT golden.refresh_moves_statistics();, parameters: None
[2025-11-17T08:42:50.887+0000] {sql.py:459} INFO - Rows affected: 1
[2025-11-17T08:42:50.892+0000] {base.py:83} INFO - Using connection ID 'warehouse' for task execution.
[2025-11-17T08:42:50.896+0000] {sql.py:450} INFO - Running statement: SELECT golden.refresh_stats_statistics();, parameters: None
[2025-11-17T08:42:50.902+0000] {sql.py:459} INFO - Rows affected: 1
[2025-11-17T08:42:50.906+0000] {base.py:83} INFO - Using connection ID 'warehouse' for task execution.
[2025-11-17T08:42:50.912+0000] {sql.py:450} INFO - Running statement: SELECT golden.refresh_types_generations_statistics();, parameters: None
[2025-11-17T08:42:50.915+0000] {sql.py:459} INFO - Rows affected: 1
[2025-11-17T08:42:50.916+0000] {python.py:201} INFO - Done. Returned value was: None
[2025-11-17T08:42:50.921+0000] {taskinstance.py:1138} INFO - Marking task as SUCCESS. dag_id=sync_golden_layer_dag, task_id=sync_golden_layer, execution_date=20251117T084248, start_date=20251117T084250, end_date=20251117T084250
[2025-11-17T08:42:50.941+0000] {local_task_job_runner.py:234} INFO - Task exited with return code 0
[2025-11-17T08:42:50.949+0000] {taskinstance.py:3280} INFO - 0 downstream tasks scheduled from follow-on schedule check
