[2025-04-01T16:11:18.390+0000] {taskinstance.py:1956} INFO - Dependencies all met for dep_context=non-requeueable deps ti=<TaskInstance: sync_golden_layer_dag.sync_golden_layer manual__2025-04-01T16:11:16.931430+00:00 [queued]>
[2025-04-01T16:11:18.405+0000] {taskinstance.py:1956} INFO - Dependencies all met for dep_context=requeueable deps ti=<TaskInstance: sync_golden_layer_dag.sync_golden_layer manual__2025-04-01T16:11:16.931430+00:00 [queued]>
[2025-04-01T16:11:18.406+0000] {taskinstance.py:2170} INFO - Starting attempt 1 of 1
[2025-04-01T16:11:18.424+0000] {taskinstance.py:2191} INFO - Executing <Task(PythonOperator): sync_golden_layer> on 2025-04-01 16:11:16.931430+00:00
[2025-04-01T16:11:18.431+0000] {standard_task_runner.py:60} INFO - Started process 80290 to run task
[2025-04-01T16:11:18.439+0000] {standard_task_runner.py:87} INFO - Running: ['***', 'tasks', 'run', 'sync_golden_layer_dag', 'sync_golden_layer', 'manual__2025-04-01T16:11:16.931430+00:00', '--job-id', '127', '--raw', '--subdir', 'DAGS_FOLDER/sync_golden_layer_dag.py', '--cfg-path', '/tmp/tmptpiaxrui']
[2025-04-01T16:11:18.443+0000] {standard_task_runner.py:88} INFO - Job 127: Subtask sync_golden_layer
[2025-04-01T16:11:18.511+0000] {task_command.py:423} INFO - Running <TaskInstance: sync_golden_layer_dag.sync_golden_layer manual__2025-04-01T16:11:16.931430+00:00 [running]> on host c082e54ac3bd
[2025-04-01T16:11:18.607+0000] {taskinstance.py:2480} INFO - Exporting env vars: AIRFLOW_CTX_DAG_OWNER='***' AIRFLOW_CTX_DAG_ID='sync_golden_layer_dag' AIRFLOW_CTX_TASK_ID='sync_golden_layer' AIRFLOW_CTX_EXECUTION_DATE='2025-04-01T16:11:16.931430+00:00' AIRFLOW_CTX_TRY_NUMBER='1' AIRFLOW_CTX_DAG_RUN_ID='manual__2025-04-01T16:11:16.931430+00:00'
[2025-04-01T16:11:18.620+0000] {base.py:83} INFO - Using connection ID 'warehouse' for task execution.
[2025-04-01T16:11:18.628+0000] {taskinstance.py:2698} ERROR - Task failed with exception
Traceback (most recent call last):
  File "/home/airflow/.local/lib/python3.8/site-packages/airflow/models/taskinstance.py", line 433, in _execute_task
    result = execute_callable(context=context, **execute_callable_kwargs)
  File "/home/airflow/.local/lib/python3.8/site-packages/airflow/operators/python.py", line 199, in execute
    return_value = self.execute_callable()
  File "/home/airflow/.local/lib/python3.8/site-packages/airflow/operators/python.py", line 216, in execute_callable
    return self.python_callable(*self.op_args, **self.op_kwargs)
  File "/opt/airflow/dags/sync_golden_layer_dag.py", line 18, in execute_sql_functions
    hook.run(f"SELECT {sync_function}();")
  File "/home/airflow/.local/lib/python3.8/site-packages/airflow/providers/common/sql/hooks/sql.py", line 391, in run
    with closing(self.get_conn()) as conn:
  File "/home/airflow/.local/lib/python3.8/site-packages/airflow/providers/postgres/hooks/postgres.py", line 158, in get_conn
    self.conn = psycopg2.connect(**conn_args)
  File "/home/airflow/.local/lib/python3.8/site-packages/psycopg2/__init__.py", line 122, in connect
    conn = _connect(dsn, connection_factory=connection_factory, **kwasync)
psycopg2.OperationalError: connection to server at "host.docker.internal" (192.168.65.254), port 5432 failed: Connection refused
	Is the server running on that host and accepting TCP/IP connections?
connection to server at "host.docker.internal" (fdc4:f303:9324::254), port 5432 failed: Network is unreachable
	Is the server running on that host and accepting TCP/IP connections?

[2025-04-01T16:11:18.639+0000] {taskinstance.py:1138} INFO - Marking task as FAILED. dag_id=sync_golden_layer_dag, task_id=sync_golden_layer, execution_date=20250401T161116, start_date=20250401T161118, end_date=20250401T161118
[2025-04-01T16:11:18.647+0000] {standard_task_runner.py:107} ERROR - Failed to execute job 127 for task sync_golden_layer (connection to server at "host.docker.internal" (192.168.65.254), port 5432 failed: Connection refused
	Is the server running on that host and accepting TCP/IP connections?
connection to server at "host.docker.internal" (fdc4:f303:9324::254), port 5432 failed: Network is unreachable
	Is the server running on that host and accepting TCP/IP connections?
; 80290)
[2025-04-01T16:11:18.659+0000] {local_task_job_runner.py:234} INFO - Task exited with return code 1
[2025-04-01T16:11:18.730+0000] {taskinstance.py:3280} INFO - 0 downstream tasks scheduled from follow-on schedule check
