[2025-11-09T17:36:16.425+0000] {taskinstance.py:1956} INFO - Dependencies all met for dep_context=non-requeueable deps ti=<TaskInstance: sync_golden_layer_dag.sync_golden_layer scheduled__2025-11-08T06:00:00+00:00 [queued]>
[2025-11-09T17:36:16.438+0000] {taskinstance.py:1956} INFO - Dependencies all met for dep_context=requeueable deps ti=<TaskInstance: sync_golden_layer_dag.sync_golden_layer scheduled__2025-11-08T06:00:00+00:00 [queued]>
[2025-11-09T17:36:16.439+0000] {taskinstance.py:2170} INFO - Starting attempt 1 of 1
[2025-11-09T17:36:16.448+0000] {taskinstance.py:2191} INFO - Executing <Task(PythonOperator): sync_golden_layer> on 2025-11-08 06:00:00+00:00
[2025-11-09T17:36:16.450+0000] {standard_task_runner.py:60} INFO - Started process 53210 to run task
[2025-11-09T17:36:16.452+0000] {standard_task_runner.py:87} INFO - Running: ['***', 'tasks', 'run', 'sync_golden_layer_dag', 'sync_golden_layer', 'scheduled__2025-11-08T06:00:00+00:00', '--job-id', '57', '--raw', '--subdir', 'DAGS_FOLDER/sync_golden_layer_dag.py', '--cfg-path', '/tmp/tmptzkhgq5o']
[2025-11-09T17:36:16.453+0000] {standard_task_runner.py:88} INFO - Job 57: Subtask sync_golden_layer
[2025-11-09T17:36:16.483+0000] {task_command.py:423} INFO - Running <TaskInstance: sync_golden_layer_dag.sync_golden_layer scheduled__2025-11-08T06:00:00+00:00 [running]> on host 67ebf70470b5
[2025-11-09T17:36:16.554+0000] {taskinstance.py:2480} INFO - Exporting env vars: AIRFLOW_CTX_DAG_OWNER='***' AIRFLOW_CTX_DAG_ID='sync_golden_layer_dag' AIRFLOW_CTX_TASK_ID='sync_golden_layer' AIRFLOW_CTX_EXECUTION_DATE='2025-11-08T06:00:00+00:00' AIRFLOW_CTX_TRY_NUMBER='1' AIRFLOW_CTX_DAG_RUN_ID='scheduled__2025-11-08T06:00:00+00:00'
[2025-11-09T17:36:16.562+0000] {base.py:83} INFO - Using connection ID 'warehouse' for task execution.
[2025-11-09T17:36:16.611+0000] {sql.py:450} INFO - Running statement: SELECT golden.refresh_types_statistics();, parameters: None
[2025-11-09T17:36:16.653+0000] {sql.py:459} INFO - Rows affected: 1
[2025-11-09T17:36:16.666+0000] {base.py:83} INFO - Using connection ID 'warehouse' for task execution.
[2025-11-09T17:36:16.678+0000] {sql.py:450} INFO - Running statement: SELECT golden.refresh_moves_statistics();, parameters: None
[2025-11-09T17:36:16.880+0000] {sql.py:459} INFO - Rows affected: 1
[2025-11-09T17:36:16.902+0000] {base.py:83} INFO - Using connection ID 'warehouse' for task execution.
[2025-11-09T17:36:16.908+0000] {sql.py:450} INFO - Running statement: SELECT golden.refresh_stats_statistics();, parameters: None
[2025-11-09T17:36:16.938+0000] {sql.py:459} INFO - Rows affected: 1
[2025-11-09T17:36:16.969+0000] {base.py:83} INFO - Using connection ID 'warehouse' for task execution.
[2025-11-09T17:36:16.975+0000] {sql.py:450} INFO - Running statement: SELECT golden.refresh_types_generations_statistics();, parameters: None
[2025-11-09T17:36:16.988+0000] {sql.py:459} INFO - Rows affected: 1
[2025-11-09T17:36:16.994+0000] {python.py:201} INFO - Done. Returned value was: None
[2025-11-09T17:36:16.999+0000] {taskinstance.py:1138} INFO - Marking task as SUCCESS. dag_id=sync_golden_layer_dag, task_id=sync_golden_layer, execution_date=20251108T060000, start_date=20251109T173616, end_date=20251109T173616
[2025-11-09T17:36:17.044+0000] {local_task_job_runner.py:234} INFO - Task exited with return code 0
[2025-11-09T17:36:17.054+0000] {taskinstance.py:3280} INFO - 0 downstream tasks scheduled from follow-on schedule check
