[2025-03-12T16:32:51.375+0000] {taskinstance.py:1956} INFO - Dependencies all met for dep_context=non-requeueable deps ti=<TaskInstance: sync_golden_layer_dag.sync_golden_layer manual__2025-03-12T16:32:49.727772+00:00 [queued]>
[2025-03-12T16:32:51.379+0000] {taskinstance.py:1956} INFO - Dependencies all met for dep_context=requeueable deps ti=<TaskInstance: sync_golden_layer_dag.sync_golden_layer manual__2025-03-12T16:32:49.727772+00:00 [queued]>
[2025-03-12T16:32:51.379+0000] {taskinstance.py:2170} INFO - Starting attempt 1 of 1
[2025-03-12T16:32:51.386+0000] {taskinstance.py:2191} INFO - Executing <Task(PythonOperator): sync_golden_layer> on 2025-03-12 16:32:49.727772+00:00
[2025-03-12T16:32:51.393+0000] {standard_task_runner.py:60} INFO - Started process 56468 to run task
[2025-03-12T16:32:51.394+0000] {standard_task_runner.py:87} INFO - Running: ['***', 'tasks', 'run', 'sync_golden_layer_dag', 'sync_golden_layer', 'manual__2025-03-12T16:32:49.727772+00:00', '--job-id', '66', '--raw', '--subdir', 'DAGS_FOLDER/sync_golden_layer_dag.py', '--cfg-path', '/tmp/tmp74w9yyl1']
[2025-03-12T16:32:51.396+0000] {standard_task_runner.py:88} INFO - Job 66: Subtask sync_golden_layer
[2025-03-12T16:32:51.432+0000] {task_command.py:423} INFO - Running <TaskInstance: sync_golden_layer_dag.sync_golden_layer manual__2025-03-12T16:32:49.727772+00:00 [running]> on host 6ddfe969f968
[2025-03-12T16:32:51.504+0000] {taskinstance.py:2480} INFO - Exporting env vars: AIRFLOW_CTX_DAG_OWNER='***' AIRFLOW_CTX_DAG_ID='sync_golden_layer_dag' AIRFLOW_CTX_TASK_ID='sync_golden_layer' AIRFLOW_CTX_EXECUTION_DATE='2025-03-12T16:32:49.727772+00:00' AIRFLOW_CTX_TRY_NUMBER='1' AIRFLOW_CTX_DAG_RUN_ID='manual__2025-03-12T16:32:49.727772+00:00'
[2025-03-12T16:32:51.512+0000] {base.py:83} INFO - Using connection ID 'warehouse' for task execution.
[2025-03-12T16:32:51.523+0000] {sql.py:450} INFO - Running statement: SELECT golden.refresh_types_statistics();, parameters: None
[2025-03-12T16:32:51.532+0000] {sql.py:459} INFO - Rows affected: 1
[2025-03-12T16:32:51.539+0000] {base.py:83} INFO - Using connection ID 'warehouse' for task execution.
[2025-03-12T16:32:51.548+0000] {sql.py:450} INFO - Running statement: SELECT golden.refresh_moves_statistics();, parameters: None
[2025-03-12T16:32:51.570+0000] {sql.py:459} INFO - Rows affected: 1
[2025-03-12T16:32:51.578+0000] {base.py:83} INFO - Using connection ID 'warehouse' for task execution.
[2025-03-12T16:32:51.593+0000] {sql.py:450} INFO - Running statement: SELECT golden.refresh_stats_statistics();, parameters: None
[2025-03-12T16:32:51.606+0000] {sql.py:459} INFO - Rows affected: 1
[2025-03-12T16:32:51.621+0000] {base.py:83} INFO - Using connection ID 'warehouse' for task execution.
[2025-03-12T16:32:51.630+0000] {sql.py:450} INFO - Running statement: SELECT golden.refresh_types_generations_statistics();, parameters: None
[2025-03-12T16:32:51.635+0000] {sql.py:459} INFO - Rows affected: 1
[2025-03-12T16:32:51.636+0000] {python.py:201} INFO - Done. Returned value was: None
[2025-03-12T16:32:51.645+0000] {taskinstance.py:1138} INFO - Marking task as SUCCESS. dag_id=sync_golden_layer_dag, task_id=sync_golden_layer, execution_date=20250312T163249, start_date=20250312T163251, end_date=20250312T163251
[2025-03-12T16:32:51.669+0000] {local_task_job_runner.py:234} INFO - Task exited with return code 0
[2025-03-12T16:32:51.688+0000] {taskinstance.py:3280} INFO - 0 downstream tasks scheduled from follow-on schedule check
