[2025-04-26T00:08:43.432+0000] {processor.py:161} INFO - Started process (PID=92379) to work on /opt/airflow/dags/dump_pokemons_info_dag.py
[2025-04-26T00:08:43.433+0000] {processor.py:830} INFO - Processing file /opt/airflow/dags/dump_pokemons_info_dag.py for tasks to queue
[2025-04-26T00:08:43.436+0000] {logging_mixin.py:188} INFO - [2025-04-26T00:08:43.435+0000] {dagbag.py:538} INFO - Filling up the DagBag from /opt/airflow/dags/dump_pokemons_info_dag.py
[2025-04-26T00:08:44.183+0000] {processor.py:840} INFO - DAG(s) 'dump_pokemons_info_dag' retrieved from /opt/airflow/dags/dump_pokemons_info_dag.py
[2025-04-26T00:08:44.825+0000] {logging_mixin.py:188} INFO - [2025-04-26T00:08:44.825+0000] {dag.py:3036} INFO - Sync 1 DAGs
[2025-04-26T00:08:44.836+0000] {logging_mixin.py:188} INFO - [2025-04-26T00:08:44.836+0000] {dag.py:3823} INFO - Setting next_dagrun for dump_pokemons_info_dag to None, run_after=None
[2025-04-26T00:08:44.852+0000] {processor.py:183} INFO - Processing /opt/airflow/dags/dump_pokemons_info_dag.py took 1.434 seconds
[2025-04-26T00:25:41.150+0000] {processor.py:161} INFO - Started process (PID=92402) to work on /opt/airflow/dags/dump_pokemons_info_dag.py
[2025-04-26T00:25:41.152+0000] {processor.py:830} INFO - Processing file /opt/airflow/dags/dump_pokemons_info_dag.py for tasks to queue
[2025-04-26T00:25:41.153+0000] {logging_mixin.py:188} INFO - [2025-04-26T00:25:41.152+0000] {dagbag.py:538} INFO - Filling up the DagBag from /opt/airflow/dags/dump_pokemons_info_dag.py
[2025-04-26T00:25:41.459+0000] {processor.py:840} INFO - DAG(s) 'dump_pokemons_info_dag' retrieved from /opt/airflow/dags/dump_pokemons_info_dag.py
[2025-04-26T00:25:41.748+0000] {logging_mixin.py:188} INFO - [2025-04-26T00:25:41.747+0000] {dag.py:3036} INFO - Sync 1 DAGs
[2025-04-26T00:25:41.753+0000] {logging_mixin.py:188} INFO - [2025-04-26T00:25:41.752+0000] {dag.py:3823} INFO - Setting next_dagrun for dump_pokemons_info_dag to None, run_after=None
[2025-04-26T00:25:41.762+0000] {processor.py:183} INFO - Processing /opt/airflow/dags/dump_pokemons_info_dag.py took 0.626 seconds
[2025-04-26T00:37:16.183+0000] {processor.py:161} INFO - Started process (PID=92426) to work on /opt/airflow/dags/dump_pokemons_info_dag.py
[2025-04-26T00:37:16.183+0000] {processor.py:830} INFO - Processing file /opt/airflow/dags/dump_pokemons_info_dag.py for tasks to queue
[2025-04-26T00:37:16.184+0000] {logging_mixin.py:188} INFO - [2025-04-26T00:37:16.184+0000] {dagbag.py:538} INFO - Filling up the DagBag from /opt/airflow/dags/dump_pokemons_info_dag.py
[2025-04-26T00:37:16.617+0000] {processor.py:840} INFO - DAG(s) 'dump_pokemons_info_dag' retrieved from /opt/airflow/dags/dump_pokemons_info_dag.py
[2025-04-26T00:37:16.678+0000] {logging_mixin.py:188} INFO - [2025-04-26T00:37:16.677+0000] {dag.py:3036} INFO - Sync 1 DAGs
[2025-04-26T00:37:16.689+0000] {logging_mixin.py:188} INFO - [2025-04-26T00:37:16.688+0000] {dag.py:3823} INFO - Setting next_dagrun for dump_pokemons_info_dag to None, run_after=None
[2025-04-26T00:37:16.705+0000] {processor.py:183} INFO - Processing /opt/airflow/dags/dump_pokemons_info_dag.py took 0.526 seconds
[2025-04-26T00:37:46.904+0000] {processor.py:161} INFO - Started process (PID=92448) to work on /opt/airflow/dags/dump_pokemons_info_dag.py
[2025-04-26T00:37:46.905+0000] {processor.py:830} INFO - Processing file /opt/airflow/dags/dump_pokemons_info_dag.py for tasks to queue
[2025-04-26T00:37:46.906+0000] {logging_mixin.py:188} INFO - [2025-04-26T00:37:46.905+0000] {dagbag.py:538} INFO - Filling up the DagBag from /opt/airflow/dags/dump_pokemons_info_dag.py
[2025-04-26T00:37:47.311+0000] {processor.py:840} INFO - DAG(s) 'dump_pokemons_info_dag' retrieved from /opt/airflow/dags/dump_pokemons_info_dag.py
[2025-04-26T00:37:47.676+0000] {logging_mixin.py:188} INFO - [2025-04-26T00:37:47.676+0000] {dag.py:3036} INFO - Sync 1 DAGs
[2025-04-26T00:37:47.682+0000] {logging_mixin.py:188} INFO - [2025-04-26T00:37:47.682+0000] {dag.py:3823} INFO - Setting next_dagrun for dump_pokemons_info_dag to None, run_after=None
[2025-04-26T00:37:47.693+0000] {processor.py:183} INFO - Processing /opt/airflow/dags/dump_pokemons_info_dag.py took 0.792 seconds
[2025-04-26T00:38:18.272+0000] {processor.py:161} INFO - Started process (PID=92471) to work on /opt/airflow/dags/dump_pokemons_info_dag.py
[2025-04-26T00:38:18.273+0000] {processor.py:830} INFO - Processing file /opt/airflow/dags/dump_pokemons_info_dag.py for tasks to queue
[2025-04-26T00:38:18.274+0000] {logging_mixin.py:188} INFO - [2025-04-26T00:38:18.273+0000] {dagbag.py:538} INFO - Filling up the DagBag from /opt/airflow/dags/dump_pokemons_info_dag.py
[2025-04-26T00:38:18.739+0000] {processor.py:840} INFO - DAG(s) 'dump_pokemons_info_dag' retrieved from /opt/airflow/dags/dump_pokemons_info_dag.py
[2025-04-26T00:38:19.084+0000] {logging_mixin.py:188} INFO - [2025-04-26T00:38:19.084+0000] {dag.py:3036} INFO - Sync 1 DAGs
[2025-04-26T00:38:19.089+0000] {logging_mixin.py:188} INFO - [2025-04-26T00:38:19.089+0000] {dag.py:3823} INFO - Setting next_dagrun for dump_pokemons_info_dag to None, run_after=None
[2025-04-26T00:38:19.102+0000] {processor.py:183} INFO - Processing /opt/airflow/dags/dump_pokemons_info_dag.py took 0.832 seconds
[2025-04-26T01:12:55.014+0000] {processor.py:161} INFO - Started process (PID=92497) to work on /opt/airflow/dags/dump_pokemons_info_dag.py
[2025-04-26T01:12:55.016+0000] {processor.py:830} INFO - Processing file /opt/airflow/dags/dump_pokemons_info_dag.py for tasks to queue
[2025-04-26T01:12:55.018+0000] {logging_mixin.py:188} INFO - [2025-04-26T01:12:55.017+0000] {dagbag.py:538} INFO - Filling up the DagBag from /opt/airflow/dags/dump_pokemons_info_dag.py
[2025-04-26T01:12:55.705+0000] {processor.py:840} INFO - DAG(s) 'dump_pokemons_info_dag' retrieved from /opt/airflow/dags/dump_pokemons_info_dag.py
[2025-04-26T01:12:55.999+0000] {logging_mixin.py:188} INFO - [2025-04-26T01:12:55.999+0000] {dag.py:3036} INFO - Sync 1 DAGs
[2025-04-26T01:12:56.008+0000] {logging_mixin.py:188} INFO - [2025-04-26T01:12:56.008+0000] {dag.py:3823} INFO - Setting next_dagrun for dump_pokemons_info_dag to None, run_after=None
[2025-04-26T01:12:56.022+0000] {processor.py:183} INFO - Processing /opt/airflow/dags/dump_pokemons_info_dag.py took 1.039 seconds
[2025-04-26T01:13:26.473+0000] {processor.py:161} INFO - Started process (PID=92519) to work on /opt/airflow/dags/dump_pokemons_info_dag.py
[2025-04-26T01:13:26.475+0000] {processor.py:830} INFO - Processing file /opt/airflow/dags/dump_pokemons_info_dag.py for tasks to queue
[2025-04-26T01:13:26.476+0000] {logging_mixin.py:188} INFO - [2025-04-26T01:13:26.475+0000] {dagbag.py:538} INFO - Filling up the DagBag from /opt/airflow/dags/dump_pokemons_info_dag.py
[2025-04-26T01:13:26.926+0000] {processor.py:840} INFO - DAG(s) 'dump_pokemons_info_dag' retrieved from /opt/airflow/dags/dump_pokemons_info_dag.py
[2025-04-26T01:13:27.733+0000] {logging_mixin.py:188} INFO - [2025-04-26T01:13:27.732+0000] {dag.py:3036} INFO - Sync 1 DAGs
[2025-04-26T01:13:27.741+0000] {logging_mixin.py:188} INFO - [2025-04-26T01:13:27.741+0000] {dag.py:3823} INFO - Setting next_dagrun for dump_pokemons_info_dag to None, run_after=None
[2025-04-26T01:13:27.761+0000] {processor.py:183} INFO - Processing /opt/airflow/dags/dump_pokemons_info_dag.py took 1.294 seconds
[2025-04-26T01:15:21.366+0000] {processor.py:161} INFO - Started process (PID=92543) to work on /opt/airflow/dags/dump_pokemons_info_dag.py
[2025-04-26T01:15:21.367+0000] {processor.py:830} INFO - Processing file /opt/airflow/dags/dump_pokemons_info_dag.py for tasks to queue
[2025-04-26T01:15:21.368+0000] {logging_mixin.py:188} INFO - [2025-04-26T01:15:21.368+0000] {dagbag.py:538} INFO - Filling up the DagBag from /opt/airflow/dags/dump_pokemons_info_dag.py
[2025-04-26T01:15:21.632+0000] {processor.py:840} INFO - DAG(s) 'dump_pokemons_info_dag' retrieved from /opt/airflow/dags/dump_pokemons_info_dag.py
[2025-04-26T01:15:21.918+0000] {logging_mixin.py:188} INFO - [2025-04-26T01:15:21.918+0000] {dag.py:3036} INFO - Sync 1 DAGs
[2025-04-26T01:15:21.924+0000] {logging_mixin.py:188} INFO - [2025-04-26T01:15:21.924+0000] {dag.py:3823} INFO - Setting next_dagrun for dump_pokemons_info_dag to None, run_after=None
[2025-04-26T01:15:21.939+0000] {processor.py:183} INFO - Processing /opt/airflow/dags/dump_pokemons_info_dag.py took 0.579 seconds
[2025-04-26T01:21:05.118+0000] {processor.py:161} INFO - Started process (PID=92566) to work on /opt/airflow/dags/dump_pokemons_info_dag.py
[2025-04-26T01:21:05.120+0000] {processor.py:830} INFO - Processing file /opt/airflow/dags/dump_pokemons_info_dag.py for tasks to queue
[2025-04-26T01:21:05.121+0000] {logging_mixin.py:188} INFO - [2025-04-26T01:21:05.120+0000] {dagbag.py:538} INFO - Filling up the DagBag from /opt/airflow/dags/dump_pokemons_info_dag.py
[2025-04-26T01:21:05.383+0000] {processor.py:840} INFO - DAG(s) 'dump_pokemons_info_dag' retrieved from /opt/airflow/dags/dump_pokemons_info_dag.py
[2025-04-26T01:21:05.590+0000] {logging_mixin.py:188} INFO - [2025-04-26T01:21:05.589+0000] {dag.py:3036} INFO - Sync 1 DAGs
[2025-04-26T01:21:05.595+0000] {logging_mixin.py:188} INFO - [2025-04-26T01:21:05.595+0000] {dag.py:3823} INFO - Setting next_dagrun for dump_pokemons_info_dag to None, run_after=None
[2025-04-26T01:21:05.607+0000] {processor.py:183} INFO - Processing /opt/airflow/dags/dump_pokemons_info_dag.py took 0.493 seconds
[2025-04-26T01:36:33.168+0000] {processor.py:161} INFO - Started process (PID=92591) to work on /opt/airflow/dags/dump_pokemons_info_dag.py
[2025-04-26T01:36:33.170+0000] {processor.py:830} INFO - Processing file /opt/airflow/dags/dump_pokemons_info_dag.py for tasks to queue
[2025-04-26T01:36:33.171+0000] {logging_mixin.py:188} INFO - [2025-04-26T01:36:33.171+0000] {dagbag.py:538} INFO - Filling up the DagBag from /opt/airflow/dags/dump_pokemons_info_dag.py
[2025-04-26T01:36:33.451+0000] {processor.py:840} INFO - DAG(s) 'dump_pokemons_info_dag' retrieved from /opt/airflow/dags/dump_pokemons_info_dag.py
[2025-04-26T01:36:33.729+0000] {logging_mixin.py:188} INFO - [2025-04-26T01:36:33.729+0000] {dag.py:3036} INFO - Sync 1 DAGs
[2025-04-26T01:36:33.746+0000] {logging_mixin.py:188} INFO - [2025-04-26T01:36:33.746+0000] {dag.py:3823} INFO - Setting next_dagrun for dump_pokemons_info_dag to None, run_after=None
[2025-04-26T01:36:33.767+0000] {processor.py:183} INFO - Processing /opt/airflow/dags/dump_pokemons_info_dag.py took 0.601 seconds
[2025-04-26T02:11:40.278+0000] {processor.py:161} INFO - Started process (PID=92613) to work on /opt/airflow/dags/dump_pokemons_info_dag.py
[2025-04-26T02:11:40.282+0000] {processor.py:830} INFO - Processing file /opt/airflow/dags/dump_pokemons_info_dag.py for tasks to queue
[2025-04-26T02:11:40.292+0000] {logging_mixin.py:188} INFO - [2025-04-26T02:11:40.290+0000] {dagbag.py:538} INFO - Filling up the DagBag from /opt/airflow/dags/dump_pokemons_info_dag.py
[2025-04-26T02:11:40.775+0000] {processor.py:840} INFO - DAG(s) 'dump_pokemons_info_dag' retrieved from /opt/airflow/dags/dump_pokemons_info_dag.py
[2025-04-26T02:11:40.985+0000] {logging_mixin.py:188} INFO - [2025-04-26T02:11:40.985+0000] {dag.py:3036} INFO - Sync 1 DAGs
[2025-04-26T02:11:40.993+0000] {logging_mixin.py:188} INFO - [2025-04-26T02:11:40.993+0000] {dag.py:3823} INFO - Setting next_dagrun for dump_pokemons_info_dag to None, run_after=None
[2025-04-26T02:11:41.004+0000] {processor.py:183} INFO - Processing /opt/airflow/dags/dump_pokemons_info_dag.py took 0.737 seconds
[2025-04-26T02:36:52.570+0000] {processor.py:161} INFO - Started process (PID=92636) to work on /opt/airflow/dags/dump_pokemons_info_dag.py
[2025-04-26T02:36:52.572+0000] {processor.py:830} INFO - Processing file /opt/airflow/dags/dump_pokemons_info_dag.py for tasks to queue
[2025-04-26T02:36:52.573+0000] {logging_mixin.py:188} INFO - [2025-04-26T02:36:52.573+0000] {dagbag.py:538} INFO - Filling up the DagBag from /opt/airflow/dags/dump_pokemons_info_dag.py
[2025-04-26T02:36:52.828+0000] {processor.py:840} INFO - DAG(s) 'dump_pokemons_info_dag' retrieved from /opt/airflow/dags/dump_pokemons_info_dag.py
[2025-04-26T02:36:53.086+0000] {logging_mixin.py:188} INFO - [2025-04-26T02:36:53.085+0000] {dag.py:3036} INFO - Sync 1 DAGs
[2025-04-26T02:36:53.092+0000] {logging_mixin.py:188} INFO - [2025-04-26T02:36:53.092+0000] {dag.py:3823} INFO - Setting next_dagrun for dump_pokemons_info_dag to None, run_after=None
[2025-04-26T02:36:53.111+0000] {processor.py:183} INFO - Processing /opt/airflow/dags/dump_pokemons_info_dag.py took 0.544 seconds
[2025-04-26T02:38:50.344+0000] {processor.py:161} INFO - Started process (PID=92661) to work on /opt/airflow/dags/dump_pokemons_info_dag.py
[2025-04-26T02:38:50.349+0000] {processor.py:830} INFO - Processing file /opt/airflow/dags/dump_pokemons_info_dag.py for tasks to queue
[2025-04-26T02:38:50.350+0000] {logging_mixin.py:188} INFO - [2025-04-26T02:38:50.350+0000] {dagbag.py:538} INFO - Filling up the DagBag from /opt/airflow/dags/dump_pokemons_info_dag.py
[2025-04-26T02:38:50.900+0000] {processor.py:840} INFO - DAG(s) 'dump_pokemons_info_dag' retrieved from /opt/airflow/dags/dump_pokemons_info_dag.py
[2025-04-26T02:38:50.960+0000] {logging_mixin.py:188} INFO - [2025-04-26T02:38:50.959+0000] {dag.py:3036} INFO - Sync 1 DAGs
[2025-04-26T02:38:50.966+0000] {logging_mixin.py:188} INFO - [2025-04-26T02:38:50.966+0000] {dag.py:3823} INFO - Setting next_dagrun for dump_pokemons_info_dag to None, run_after=None
[2025-04-26T02:38:50.979+0000] {processor.py:183} INFO - Processing /opt/airflow/dags/dump_pokemons_info_dag.py took 0.641 seconds
[2025-04-26T02:40:12.305+0000] {processor.py:161} INFO - Started process (PID=92684) to work on /opt/airflow/dags/dump_pokemons_info_dag.py
[2025-04-26T02:40:12.310+0000] {processor.py:830} INFO - Processing file /opt/airflow/dags/dump_pokemons_info_dag.py for tasks to queue
[2025-04-26T02:40:12.311+0000] {logging_mixin.py:188} INFO - [2025-04-26T02:40:12.311+0000] {dagbag.py:538} INFO - Filling up the DagBag from /opt/airflow/dags/dump_pokemons_info_dag.py
[2025-04-26T02:40:12.792+0000] {processor.py:840} INFO - DAG(s) 'dump_pokemons_info_dag' retrieved from /opt/airflow/dags/dump_pokemons_info_dag.py
[2025-04-26T02:40:12.871+0000] {logging_mixin.py:188} INFO - [2025-04-26T02:40:12.871+0000] {dag.py:3036} INFO - Sync 1 DAGs
[2025-04-26T02:40:12.888+0000] {logging_mixin.py:188} INFO - [2025-04-26T02:40:12.888+0000] {dag.py:3823} INFO - Setting next_dagrun for dump_pokemons_info_dag to None, run_after=None
[2025-04-26T02:40:12.899+0000] {processor.py:183} INFO - Processing /opt/airflow/dags/dump_pokemons_info_dag.py took 0.601 seconds
[2025-04-26T02:43:06.366+0000] {processor.py:161} INFO - Started process (PID=92707) to work on /opt/airflow/dags/dump_pokemons_info_dag.py
[2025-04-26T02:43:06.367+0000] {processor.py:830} INFO - Processing file /opt/airflow/dags/dump_pokemons_info_dag.py for tasks to queue
[2025-04-26T02:43:06.368+0000] {logging_mixin.py:188} INFO - [2025-04-26T02:43:06.367+0000] {dagbag.py:538} INFO - Filling up the DagBag from /opt/airflow/dags/dump_pokemons_info_dag.py
[2025-04-26T02:43:06.576+0000] {processor.py:840} INFO - DAG(s) 'dump_pokemons_info_dag' retrieved from /opt/airflow/dags/dump_pokemons_info_dag.py
[2025-04-26T02:43:06.792+0000] {logging_mixin.py:188} INFO - [2025-04-26T02:43:06.791+0000] {dag.py:3036} INFO - Sync 1 DAGs
[2025-04-26T02:43:06.812+0000] {logging_mixin.py:188} INFO - [2025-04-26T02:43:06.811+0000] {dag.py:3823} INFO - Setting next_dagrun for dump_pokemons_info_dag to None, run_after=None
[2025-04-26T02:43:06.839+0000] {processor.py:183} INFO - Processing /opt/airflow/dags/dump_pokemons_info_dag.py took 0.476 seconds
[2025-04-26T02:47:08.360+0000] {processor.py:161} INFO - Started process (PID=92730) to work on /opt/airflow/dags/dump_pokemons_info_dag.py
[2025-04-26T02:47:08.361+0000] {processor.py:830} INFO - Processing file /opt/airflow/dags/dump_pokemons_info_dag.py for tasks to queue
[2025-04-26T02:47:08.362+0000] {logging_mixin.py:188} INFO - [2025-04-26T02:47:08.362+0000] {dagbag.py:538} INFO - Filling up the DagBag from /opt/airflow/dags/dump_pokemons_info_dag.py
[2025-04-26T02:47:08.853+0000] {processor.py:840} INFO - DAG(s) 'dump_pokemons_info_dag' retrieved from /opt/airflow/dags/dump_pokemons_info_dag.py
[2025-04-26T02:47:09.857+0000] {logging_mixin.py:188} INFO - [2025-04-26T02:47:09.853+0000] {dag.py:3036} INFO - Sync 1 DAGs
[2025-04-26T02:47:09.875+0000] {logging_mixin.py:188} INFO - [2025-04-26T02:47:09.875+0000] {dag.py:3823} INFO - Setting next_dagrun for dump_pokemons_info_dag to None, run_after=None
[2025-04-26T02:47:09.896+0000] {processor.py:183} INFO - Processing /opt/airflow/dags/dump_pokemons_info_dag.py took 1.548 seconds
[2025-04-26T03:38:59.716+0000] {processor.py:161} INFO - Started process (PID=92755) to work on /opt/airflow/dags/dump_pokemons_info_dag.py
[2025-04-26T03:38:59.718+0000] {processor.py:830} INFO - Processing file /opt/airflow/dags/dump_pokemons_info_dag.py for tasks to queue
[2025-04-26T03:38:59.718+0000] {logging_mixin.py:188} INFO - [2025-04-26T03:38:59.718+0000] {dagbag.py:538} INFO - Filling up the DagBag from /opt/airflow/dags/dump_pokemons_info_dag.py
[2025-04-26T03:39:00.190+0000] {processor.py:840} INFO - DAG(s) 'dump_pokemons_info_dag' retrieved from /opt/airflow/dags/dump_pokemons_info_dag.py
[2025-04-26T03:39:00.562+0000] {logging_mixin.py:188} INFO - [2025-04-26T03:39:00.562+0000] {dag.py:3036} INFO - Sync 1 DAGs
[2025-04-26T03:39:00.569+0000] {logging_mixin.py:188} INFO - [2025-04-26T03:39:00.569+0000] {dag.py:3823} INFO - Setting next_dagrun for dump_pokemons_info_dag to None, run_after=None
[2025-04-26T03:39:00.583+0000] {processor.py:183} INFO - Processing /opt/airflow/dags/dump_pokemons_info_dag.py took 0.872 seconds
[2025-04-26T03:39:31.038+0000] {processor.py:161} INFO - Started process (PID=92777) to work on /opt/airflow/dags/dump_pokemons_info_dag.py
[2025-04-26T03:39:31.047+0000] {processor.py:830} INFO - Processing file /opt/airflow/dags/dump_pokemons_info_dag.py for tasks to queue
[2025-04-26T03:39:31.048+0000] {logging_mixin.py:188} INFO - [2025-04-26T03:39:31.047+0000] {dagbag.py:538} INFO - Filling up the DagBag from /opt/airflow/dags/dump_pokemons_info_dag.py
[2025-04-26T03:39:32.436+0000] {processor.py:840} INFO - DAG(s) 'dump_pokemons_info_dag' retrieved from /opt/airflow/dags/dump_pokemons_info_dag.py
[2025-04-26T03:39:32.663+0000] {logging_mixin.py:188} INFO - [2025-04-26T03:39:32.662+0000] {dag.py:3036} INFO - Sync 1 DAGs
[2025-04-26T03:39:32.674+0000] {logging_mixin.py:188} INFO - [2025-04-26T03:39:32.674+0000] {dag.py:3823} INFO - Setting next_dagrun for dump_pokemons_info_dag to None, run_after=None
[2025-04-26T03:39:32.699+0000] {processor.py:183} INFO - Processing /opt/airflow/dags/dump_pokemons_info_dag.py took 1.673 seconds
[2025-04-26T03:58:32.207+0000] {processor.py:161} INFO - Started process (PID=92803) to work on /opt/airflow/dags/dump_pokemons_info_dag.py
[2025-04-26T03:58:32.208+0000] {processor.py:830} INFO - Processing file /opt/airflow/dags/dump_pokemons_info_dag.py for tasks to queue
[2025-04-26T03:58:32.209+0000] {logging_mixin.py:188} INFO - [2025-04-26T03:58:32.209+0000] {dagbag.py:538} INFO - Filling up the DagBag from /opt/airflow/dags/dump_pokemons_info_dag.py
[2025-04-26T03:58:33.053+0000] {processor.py:840} INFO - DAG(s) 'dump_pokemons_info_dag' retrieved from /opt/airflow/dags/dump_pokemons_info_dag.py
[2025-04-26T03:58:33.205+0000] {logging_mixin.py:188} INFO - [2025-04-26T03:58:33.201+0000] {dag.py:3036} INFO - Sync 1 DAGs
[2025-04-26T03:58:33.233+0000] {logging_mixin.py:188} INFO - [2025-04-26T03:58:33.233+0000] {dag.py:3823} INFO - Setting next_dagrun for dump_pokemons_info_dag to None, run_after=None
[2025-04-26T03:58:33.272+0000] {processor.py:183} INFO - Processing /opt/airflow/dags/dump_pokemons_info_dag.py took 1.069 seconds
[2025-04-26T04:15:42.830+0000] {processor.py:161} INFO - Started process (PID=92826) to work on /opt/airflow/dags/dump_pokemons_info_dag.py
[2025-04-26T04:15:42.866+0000] {processor.py:830} INFO - Processing file /opt/airflow/dags/dump_pokemons_info_dag.py for tasks to queue
[2025-04-26T04:15:42.870+0000] {logging_mixin.py:188} INFO - [2025-04-26T04:15:42.869+0000] {dagbag.py:538} INFO - Filling up the DagBag from /opt/airflow/dags/dump_pokemons_info_dag.py
[2025-04-26T04:15:44.433+0000] {processor.py:840} INFO - DAG(s) 'dump_pokemons_info_dag' retrieved from /opt/airflow/dags/dump_pokemons_info_dag.py
[2025-04-26T04:15:44.862+0000] {logging_mixin.py:188} INFO - [2025-04-26T04:15:44.861+0000] {dag.py:3036} INFO - Sync 1 DAGs
[2025-04-26T04:15:44.872+0000] {logging_mixin.py:188} INFO - [2025-04-26T04:15:44.871+0000] {dag.py:3823} INFO - Setting next_dagrun for dump_pokemons_info_dag to None, run_after=None
[2025-04-26T04:15:44.889+0000] {processor.py:183} INFO - Processing /opt/airflow/dags/dump_pokemons_info_dag.py took 2.066 seconds
[2025-04-26T04:40:18.679+0000] {processor.py:161} INFO - Started process (PID=92849) to work on /opt/airflow/dags/dump_pokemons_info_dag.py
[2025-04-26T04:40:18.680+0000] {processor.py:830} INFO - Processing file /opt/airflow/dags/dump_pokemons_info_dag.py for tasks to queue
[2025-04-26T04:40:18.680+0000] {logging_mixin.py:188} INFO - [2025-04-26T04:40:18.680+0000] {dagbag.py:538} INFO - Filling up the DagBag from /opt/airflow/dags/dump_pokemons_info_dag.py
[2025-04-26T04:40:18.950+0000] {processor.py:840} INFO - DAG(s) 'dump_pokemons_info_dag' retrieved from /opt/airflow/dags/dump_pokemons_info_dag.py
[2025-04-26T04:40:19.319+0000] {logging_mixin.py:188} INFO - [2025-04-26T04:40:19.319+0000] {dag.py:3036} INFO - Sync 1 DAGs
[2025-04-26T04:40:19.325+0000] {logging_mixin.py:188} INFO - [2025-04-26T04:40:19.325+0000] {dag.py:3823} INFO - Setting next_dagrun for dump_pokemons_info_dag to None, run_after=None
[2025-04-26T04:40:19.349+0000] {processor.py:183} INFO - Processing /opt/airflow/dags/dump_pokemons_info_dag.py took 0.682 seconds
[2025-04-26T04:56:44.159+0000] {processor.py:161} INFO - Started process (PID=92874) to work on /opt/airflow/dags/dump_pokemons_info_dag.py
[2025-04-26T04:56:44.161+0000] {processor.py:830} INFO - Processing file /opt/airflow/dags/dump_pokemons_info_dag.py for tasks to queue
[2025-04-26T04:56:44.163+0000] {logging_mixin.py:188} INFO - [2025-04-26T04:56:44.162+0000] {dagbag.py:538} INFO - Filling up the DagBag from /opt/airflow/dags/dump_pokemons_info_dag.py
[2025-04-26T04:56:44.471+0000] {processor.py:840} INFO - DAG(s) 'dump_pokemons_info_dag' retrieved from /opt/airflow/dags/dump_pokemons_info_dag.py
[2025-04-26T04:56:44.642+0000] {logging_mixin.py:188} INFO - [2025-04-26T04:56:44.642+0000] {dag.py:3036} INFO - Sync 1 DAGs
[2025-04-26T04:56:44.648+0000] {logging_mixin.py:188} INFO - [2025-04-26T04:56:44.648+0000] {dag.py:3823} INFO - Setting next_dagrun for dump_pokemons_info_dag to None, run_after=None
[2025-04-26T04:56:44.659+0000] {processor.py:183} INFO - Processing /opt/airflow/dags/dump_pokemons_info_dag.py took 0.510 seconds
[2025-04-26T05:41:10.644+0000] {processor.py:161} INFO - Started process (PID=92897) to work on /opt/airflow/dags/dump_pokemons_info_dag.py
[2025-04-26T05:41:10.650+0000] {processor.py:830} INFO - Processing file /opt/airflow/dags/dump_pokemons_info_dag.py for tasks to queue
[2025-04-26T05:41:10.651+0000] {logging_mixin.py:188} INFO - [2025-04-26T05:41:10.651+0000] {dagbag.py:538} INFO - Filling up the DagBag from /opt/airflow/dags/dump_pokemons_info_dag.py
[2025-04-26T05:41:11.277+0000] {processor.py:840} INFO - DAG(s) 'dump_pokemons_info_dag' retrieved from /opt/airflow/dags/dump_pokemons_info_dag.py
[2025-04-26T05:41:11.350+0000] {logging_mixin.py:188} INFO - [2025-04-26T05:41:11.350+0000] {dag.py:3036} INFO - Sync 1 DAGs
[2025-04-26T05:41:11.357+0000] {logging_mixin.py:188} INFO - [2025-04-26T05:41:11.357+0000] {dag.py:3823} INFO - Setting next_dagrun for dump_pokemons_info_dag to None, run_after=None
[2025-04-26T05:41:11.369+0000] {processor.py:183} INFO - Processing /opt/airflow/dags/dump_pokemons_info_dag.py took 0.735 seconds
[2025-04-26T05:41:41.824+0000] {processor.py:161} INFO - Started process (PID=92919) to work on /opt/airflow/dags/dump_pokemons_info_dag.py
[2025-04-26T05:41:41.825+0000] {processor.py:830} INFO - Processing file /opt/airflow/dags/dump_pokemons_info_dag.py for tasks to queue
[2025-04-26T05:41:41.826+0000] {logging_mixin.py:188} INFO - [2025-04-26T05:41:41.825+0000] {dagbag.py:538} INFO - Filling up the DagBag from /opt/airflow/dags/dump_pokemons_info_dag.py
[2025-04-26T05:41:42.136+0000] {processor.py:840} INFO - DAG(s) 'dump_pokemons_info_dag' retrieved from /opt/airflow/dags/dump_pokemons_info_dag.py
[2025-04-26T05:41:42.453+0000] {logging_mixin.py:188} INFO - [2025-04-26T05:41:42.453+0000] {dag.py:3036} INFO - Sync 1 DAGs
[2025-04-26T05:41:42.464+0000] {logging_mixin.py:188} INFO - [2025-04-26T05:41:42.464+0000] {dag.py:3823} INFO - Setting next_dagrun for dump_pokemons_info_dag to None, run_after=None
[2025-04-26T05:41:42.481+0000] {processor.py:183} INFO - Processing /opt/airflow/dags/dump_pokemons_info_dag.py took 0.667 seconds
[2025-04-26T06:15:35.470+0000] {processor.py:161} INFO - Started process (PID=92944) to work on /opt/airflow/dags/dump_pokemons_info_dag.py
[2025-04-26T06:15:35.471+0000] {processor.py:830} INFO - Processing file /opt/airflow/dags/dump_pokemons_info_dag.py for tasks to queue
[2025-04-26T06:15:35.472+0000] {logging_mixin.py:188} INFO - [2025-04-26T06:15:35.472+0000] {dagbag.py:538} INFO - Filling up the DagBag from /opt/airflow/dags/dump_pokemons_info_dag.py
[2025-04-26T06:15:35.744+0000] {processor.py:840} INFO - DAG(s) 'dump_pokemons_info_dag' retrieved from /opt/airflow/dags/dump_pokemons_info_dag.py
[2025-04-26T06:15:36.170+0000] {logging_mixin.py:188} INFO - [2025-04-26T06:15:36.169+0000] {dag.py:3036} INFO - Sync 1 DAGs
[2025-04-26T06:15:36.182+0000] {logging_mixin.py:188} INFO - [2025-04-26T06:15:36.182+0000] {dag.py:3823} INFO - Setting next_dagrun for dump_pokemons_info_dag to None, run_after=None
[2025-04-26T06:15:36.200+0000] {processor.py:183} INFO - Processing /opt/airflow/dags/dump_pokemons_info_dag.py took 0.736 seconds
[2025-04-26T06:42:24.313+0000] {processor.py:161} INFO - Started process (PID=92967) to work on /opt/airflow/dags/dump_pokemons_info_dag.py
[2025-04-26T06:42:24.319+0000] {processor.py:830} INFO - Processing file /opt/airflow/dags/dump_pokemons_info_dag.py for tasks to queue
[2025-04-26T06:42:24.323+0000] {logging_mixin.py:188} INFO - [2025-04-26T06:42:24.322+0000] {dagbag.py:538} INFO - Filling up the DagBag from /opt/airflow/dags/dump_pokemons_info_dag.py
[2025-04-26T06:42:24.829+0000] {processor.py:840} INFO - DAG(s) 'dump_pokemons_info_dag' retrieved from /opt/airflow/dags/dump_pokemons_info_dag.py
[2025-04-26T06:42:25.234+0000] {logging_mixin.py:188} INFO - [2025-04-26T06:42:25.234+0000] {dag.py:3036} INFO - Sync 1 DAGs
[2025-04-26T06:42:25.239+0000] {logging_mixin.py:188} INFO - [2025-04-26T06:42:25.239+0000] {dag.py:3823} INFO - Setting next_dagrun for dump_pokemons_info_dag to None, run_after=None
[2025-04-26T06:42:25.248+0000] {processor.py:183} INFO - Processing /opt/airflow/dags/dump_pokemons_info_dag.py took 0.951 seconds
[2025-04-26T06:59:02.422+0000] {processor.py:161} INFO - Started process (PID=92990) to work on /opt/airflow/dags/dump_pokemons_info_dag.py
[2025-04-26T06:59:02.423+0000] {processor.py:830} INFO - Processing file /opt/airflow/dags/dump_pokemons_info_dag.py for tasks to queue
[2025-04-26T06:59:02.425+0000] {logging_mixin.py:188} INFO - [2025-04-26T06:59:02.424+0000] {dagbag.py:538} INFO - Filling up the DagBag from /opt/airflow/dags/dump_pokemons_info_dag.py
[2025-04-26T06:59:02.972+0000] {processor.py:840} INFO - DAG(s) 'dump_pokemons_info_dag' retrieved from /opt/airflow/dags/dump_pokemons_info_dag.py
[2025-04-26T06:59:03.115+0000] {logging_mixin.py:188} INFO - [2025-04-26T06:59:03.115+0000] {dag.py:3036} INFO - Sync 1 DAGs
[2025-04-26T06:59:03.137+0000] {logging_mixin.py:188} INFO - [2025-04-26T06:59:03.137+0000] {dag.py:3823} INFO - Setting next_dagrun for dump_pokemons_info_dag to None, run_after=None
[2025-04-26T06:59:03.156+0000] {processor.py:183} INFO - Processing /opt/airflow/dags/dump_pokemons_info_dag.py took 0.737 seconds
[2025-04-26T07:30:41.472+0000] {processor.py:161} INFO - Started process (PID=93013) to work on /opt/airflow/dags/dump_pokemons_info_dag.py
[2025-04-26T07:30:41.474+0000] {processor.py:830} INFO - Processing file /opt/airflow/dags/dump_pokemons_info_dag.py for tasks to queue
[2025-04-26T07:30:41.476+0000] {logging_mixin.py:188} INFO - [2025-04-26T07:30:41.476+0000] {dagbag.py:538} INFO - Filling up the DagBag from /opt/airflow/dags/dump_pokemons_info_dag.py
[2025-04-26T07:30:42.023+0000] {processor.py:840} INFO - DAG(s) 'dump_pokemons_info_dag' retrieved from /opt/airflow/dags/dump_pokemons_info_dag.py
[2025-04-26T07:30:42.100+0000] {logging_mixin.py:188} INFO - [2025-04-26T07:30:42.099+0000] {dag.py:3036} INFO - Sync 1 DAGs
[2025-04-26T07:30:42.106+0000] {logging_mixin.py:188} INFO - [2025-04-26T07:30:42.106+0000] {dag.py:3823} INFO - Setting next_dagrun for dump_pokemons_info_dag to None, run_after=None
[2025-04-26T07:30:42.118+0000] {processor.py:183} INFO - Processing /opt/airflow/dags/dump_pokemons_info_dag.py took 0.667 seconds
[2025-04-26T07:43:27.176+0000] {processor.py:161} INFO - Started process (PID=93038) to work on /opt/airflow/dags/dump_pokemons_info_dag.py
[2025-04-26T07:43:27.179+0000] {processor.py:830} INFO - Processing file /opt/airflow/dags/dump_pokemons_info_dag.py for tasks to queue
[2025-04-26T07:43:27.182+0000] {logging_mixin.py:188} INFO - [2025-04-26T07:43:27.182+0000] {dagbag.py:538} INFO - Filling up the DagBag from /opt/airflow/dags/dump_pokemons_info_dag.py
[2025-04-26T07:43:27.480+0000] {processor.py:840} INFO - DAG(s) 'dump_pokemons_info_dag' retrieved from /opt/airflow/dags/dump_pokemons_info_dag.py
[2025-04-26T07:43:27.720+0000] {logging_mixin.py:188} INFO - [2025-04-26T07:43:27.720+0000] {dag.py:3036} INFO - Sync 1 DAGs
[2025-04-26T07:43:27.731+0000] {logging_mixin.py:188} INFO - [2025-04-26T07:43:27.731+0000] {dag.py:3823} INFO - Setting next_dagrun for dump_pokemons_info_dag to None, run_after=None
[2025-04-26T07:43:27.748+0000] {processor.py:183} INFO - Processing /opt/airflow/dags/dump_pokemons_info_dag.py took 0.578 seconds
[2025-04-26T08:15:43.516+0000] {processor.py:161} INFO - Started process (PID=93061) to work on /opt/airflow/dags/dump_pokemons_info_dag.py
[2025-04-26T08:15:43.518+0000] {processor.py:830} INFO - Processing file /opt/airflow/dags/dump_pokemons_info_dag.py for tasks to queue
[2025-04-26T08:15:43.520+0000] {logging_mixin.py:188} INFO - [2025-04-26T08:15:43.519+0000] {dagbag.py:538} INFO - Filling up the DagBag from /opt/airflow/dags/dump_pokemons_info_dag.py
[2025-04-26T08:15:43.972+0000] {processor.py:840} INFO - DAG(s) 'dump_pokemons_info_dag' retrieved from /opt/airflow/dags/dump_pokemons_info_dag.py
[2025-04-26T08:15:44.455+0000] {logging_mixin.py:188} INFO - [2025-04-26T08:15:44.455+0000] {dag.py:3036} INFO - Sync 1 DAGs
[2025-04-26T08:15:44.466+0000] {logging_mixin.py:188} INFO - [2025-04-26T08:15:44.466+0000] {dag.py:3823} INFO - Setting next_dagrun for dump_pokemons_info_dag to None, run_after=None
[2025-04-26T08:15:44.485+0000] {processor.py:183} INFO - Processing /opt/airflow/dags/dump_pokemons_info_dag.py took 1.000 seconds
[2025-04-26T08:44:25.285+0000] {processor.py:161} INFO - Started process (PID=93084) to work on /opt/airflow/dags/dump_pokemons_info_dag.py
[2025-04-26T08:44:25.286+0000] {processor.py:830} INFO - Processing file /opt/airflow/dags/dump_pokemons_info_dag.py for tasks to queue
[2025-04-26T08:44:25.286+0000] {logging_mixin.py:188} INFO - [2025-04-26T08:44:25.286+0000] {dagbag.py:538} INFO - Filling up the DagBag from /opt/airflow/dags/dump_pokemons_info_dag.py
[2025-04-26T08:44:25.511+0000] {processor.py:840} INFO - DAG(s) 'dump_pokemons_info_dag' retrieved from /opt/airflow/dags/dump_pokemons_info_dag.py
[2025-04-26T08:44:25.700+0000] {logging_mixin.py:188} INFO - [2025-04-26T08:44:25.700+0000] {dag.py:3036} INFO - Sync 1 DAGs
[2025-04-26T08:44:25.708+0000] {logging_mixin.py:188} INFO - [2025-04-26T08:44:25.708+0000] {dag.py:3823} INFO - Setting next_dagrun for dump_pokemons_info_dag to None, run_after=None
[2025-04-26T08:44:25.719+0000] {processor.py:183} INFO - Processing /opt/airflow/dags/dump_pokemons_info_dag.py took 0.437 seconds
[2025-04-26T09:14:54.919+0000] {processor.py:161} INFO - Started process (PID=93107) to work on /opt/airflow/dags/dump_pokemons_info_dag.py
[2025-04-26T09:14:54.925+0000] {processor.py:830} INFO - Processing file /opt/airflow/dags/dump_pokemons_info_dag.py for tasks to queue
[2025-04-26T09:14:54.928+0000] {logging_mixin.py:188} INFO - [2025-04-26T09:14:54.928+0000] {dagbag.py:538} INFO - Filling up the DagBag from /opt/airflow/dags/dump_pokemons_info_dag.py
[2025-04-26T09:14:55.608+0000] {processor.py:840} INFO - DAG(s) 'dump_pokemons_info_dag' retrieved from /opt/airflow/dags/dump_pokemons_info_dag.py
[2025-04-26T09:14:55.700+0000] {logging_mixin.py:188} INFO - [2025-04-26T09:14:55.699+0000] {dag.py:3036} INFO - Sync 1 DAGs
[2025-04-26T09:14:55.707+0000] {logging_mixin.py:188} INFO - [2025-04-26T09:14:55.707+0000] {dag.py:3823} INFO - Setting next_dagrun for dump_pokemons_info_dag to None, run_after=None
[2025-04-26T09:14:55.720+0000] {processor.py:183} INFO - Processing /opt/airflow/dags/dump_pokemons_info_dag.py took 0.808 seconds
[2025-04-26T09:15:26.177+0000] {processor.py:161} INFO - Started process (PID=93129) to work on /opt/airflow/dags/dump_pokemons_info_dag.py
[2025-04-26T09:15:26.180+0000] {processor.py:830} INFO - Processing file /opt/airflow/dags/dump_pokemons_info_dag.py for tasks to queue
[2025-04-26T09:15:26.181+0000] {logging_mixin.py:188} INFO - [2025-04-26T09:15:26.181+0000] {dagbag.py:538} INFO - Filling up the DagBag from /opt/airflow/dags/dump_pokemons_info_dag.py
[2025-04-26T09:15:26.892+0000] {processor.py:840} INFO - DAG(s) 'dump_pokemons_info_dag' retrieved from /opt/airflow/dags/dump_pokemons_info_dag.py
[2025-04-26T09:15:26.959+0000] {logging_mixin.py:188} INFO - [2025-04-26T09:15:26.959+0000] {dag.py:3036} INFO - Sync 1 DAGs
[2025-04-26T09:15:26.967+0000] {logging_mixin.py:188} INFO - [2025-04-26T09:15:26.966+0000] {dag.py:3823} INFO - Setting next_dagrun for dump_pokemons_info_dag to None, run_after=None
[2025-04-26T09:15:26.979+0000] {processor.py:183} INFO - Processing /opt/airflow/dags/dump_pokemons_info_dag.py took 0.804 seconds
[2025-04-26T09:20:47.520+0000] {processor.py:161} INFO - Started process (PID=93153) to work on /opt/airflow/dags/dump_pokemons_info_dag.py
[2025-04-26T09:20:47.521+0000] {processor.py:830} INFO - Processing file /opt/airflow/dags/dump_pokemons_info_dag.py for tasks to queue
[2025-04-26T09:20:47.522+0000] {logging_mixin.py:188} INFO - [2025-04-26T09:20:47.522+0000] {dagbag.py:538} INFO - Filling up the DagBag from /opt/airflow/dags/dump_pokemons_info_dag.py
[2025-04-26T09:20:47.897+0000] {processor.py:840} INFO - DAG(s) 'dump_pokemons_info_dag' retrieved from /opt/airflow/dags/dump_pokemons_info_dag.py
[2025-04-26T09:20:47.963+0000] {logging_mixin.py:188} INFO - [2025-04-26T09:20:47.962+0000] {dag.py:3036} INFO - Sync 1 DAGs
[2025-04-26T09:20:47.973+0000] {logging_mixin.py:188} INFO - [2025-04-26T09:20:47.972+0000] {dag.py:3823} INFO - Setting next_dagrun for dump_pokemons_info_dag to None, run_after=None
[2025-04-26T09:20:47.984+0000] {processor.py:183} INFO - Processing /opt/airflow/dags/dump_pokemons_info_dag.py took 0.468 seconds
[2025-04-26T09:21:18.785+0000] {processor.py:161} INFO - Started process (PID=93176) to work on /opt/airflow/dags/dump_pokemons_info_dag.py
[2025-04-26T09:21:18.786+0000] {processor.py:830} INFO - Processing file /opt/airflow/dags/dump_pokemons_info_dag.py for tasks to queue
[2025-04-26T09:21:18.787+0000] {logging_mixin.py:188} INFO - [2025-04-26T09:21:18.787+0000] {dagbag.py:538} INFO - Filling up the DagBag from /opt/airflow/dags/dump_pokemons_info_dag.py
[2025-04-26T09:21:19.173+0000] {processor.py:840} INFO - DAG(s) 'dump_pokemons_info_dag' retrieved from /opt/airflow/dags/dump_pokemons_info_dag.py
[2025-04-26T09:21:19.596+0000] {logging_mixin.py:188} INFO - [2025-04-26T09:21:19.596+0000] {dag.py:3036} INFO - Sync 1 DAGs
[2025-04-26T09:21:19.606+0000] {logging_mixin.py:188} INFO - [2025-04-26T09:21:19.605+0000] {dag.py:3823} INFO - Setting next_dagrun for dump_pokemons_info_dag to None, run_after=None
[2025-04-26T09:21:19.619+0000] {processor.py:183} INFO - Processing /opt/airflow/dags/dump_pokemons_info_dag.py took 0.836 seconds
[2025-04-26T09:39:17.987+0000] {processor.py:161} INFO - Started process (PID=93199) to work on /opt/airflow/dags/dump_pokemons_info_dag.py
[2025-04-26T09:39:17.991+0000] {processor.py:830} INFO - Processing file /opt/airflow/dags/dump_pokemons_info_dag.py for tasks to queue
[2025-04-26T09:39:17.994+0000] {logging_mixin.py:188} INFO - [2025-04-26T09:39:17.993+0000] {dagbag.py:538} INFO - Filling up the DagBag from /opt/airflow/dags/dump_pokemons_info_dag.py
[2025-04-26T09:39:18.351+0000] {processor.py:840} INFO - DAG(s) 'dump_pokemons_info_dag' retrieved from /opt/airflow/dags/dump_pokemons_info_dag.py
[2025-04-26T09:39:18.603+0000] {logging_mixin.py:188} INFO - [2025-04-26T09:39:18.603+0000] {dag.py:3036} INFO - Sync 1 DAGs
[2025-04-26T09:39:18.610+0000] {logging_mixin.py:188} INFO - [2025-04-26T09:39:18.610+0000] {dag.py:3823} INFO - Setting next_dagrun for dump_pokemons_info_dag to None, run_after=None
[2025-04-26T09:39:18.624+0000] {processor.py:183} INFO - Processing /opt/airflow/dags/dump_pokemons_info_dag.py took 0.642 seconds
[2025-04-26T09:45:29.701+0000] {processor.py:161} INFO - Started process (PID=93225) to work on /opt/airflow/dags/dump_pokemons_info_dag.py
[2025-04-26T09:45:29.707+0000] {processor.py:830} INFO - Processing file /opt/airflow/dags/dump_pokemons_info_dag.py for tasks to queue
[2025-04-26T09:45:29.712+0000] {logging_mixin.py:188} INFO - [2025-04-26T09:45:29.712+0000] {dagbag.py:538} INFO - Filling up the DagBag from /opt/airflow/dags/dump_pokemons_info_dag.py
[2025-04-26T09:45:30.900+0000] {processor.py:840} INFO - DAG(s) 'dump_pokemons_info_dag' retrieved from /opt/airflow/dags/dump_pokemons_info_dag.py
[2025-04-26T09:45:30.991+0000] {logging_mixin.py:188} INFO - [2025-04-26T09:45:30.991+0000] {dag.py:3036} INFO - Sync 1 DAGs
[2025-04-26T09:45:30.999+0000] {logging_mixin.py:188} INFO - [2025-04-26T09:45:30.999+0000] {dag.py:3823} INFO - Setting next_dagrun for dump_pokemons_info_dag to None, run_after=None
[2025-04-26T09:45:31.011+0000] {processor.py:183} INFO - Processing /opt/airflow/dags/dump_pokemons_info_dag.py took 1.339 seconds
[2025-04-26T09:48:40.284+0000] {processor.py:161} INFO - Started process (PID=93248) to work on /opt/airflow/dags/dump_pokemons_info_dag.py
[2025-04-26T09:48:40.286+0000] {processor.py:830} INFO - Processing file /opt/airflow/dags/dump_pokemons_info_dag.py for tasks to queue
[2025-04-26T09:48:40.289+0000] {logging_mixin.py:188} INFO - [2025-04-26T09:48:40.288+0000] {dagbag.py:538} INFO - Filling up the DagBag from /opt/airflow/dags/dump_pokemons_info_dag.py
[2025-04-26T09:48:40.788+0000] {processor.py:840} INFO - DAG(s) 'dump_pokemons_info_dag' retrieved from /opt/airflow/dags/dump_pokemons_info_dag.py
[2025-04-26T09:48:40.866+0000] {logging_mixin.py:188} INFO - [2025-04-26T09:48:40.866+0000] {dag.py:3036} INFO - Sync 1 DAGs
[2025-04-26T09:48:40.874+0000] {logging_mixin.py:188} INFO - [2025-04-26T09:48:40.873+0000] {dag.py:3823} INFO - Setting next_dagrun for dump_pokemons_info_dag to None, run_after=None
[2025-04-26T09:48:40.888+0000] {processor.py:183} INFO - Processing /opt/airflow/dags/dump_pokemons_info_dag.py took 0.609 seconds
[2025-04-26T09:49:11.366+0000] {processor.py:161} INFO - Started process (PID=93270) to work on /opt/airflow/dags/dump_pokemons_info_dag.py
[2025-04-26T09:49:11.368+0000] {processor.py:830} INFO - Processing file /opt/airflow/dags/dump_pokemons_info_dag.py for tasks to queue
[2025-04-26T09:49:11.370+0000] {logging_mixin.py:188} INFO - [2025-04-26T09:49:11.369+0000] {dagbag.py:538} INFO - Filling up the DagBag from /opt/airflow/dags/dump_pokemons_info_dag.py
[2025-04-26T09:49:12.080+0000] {processor.py:840} INFO - DAG(s) 'dump_pokemons_info_dag' retrieved from /opt/airflow/dags/dump_pokemons_info_dag.py
[2025-04-26T09:49:12.162+0000] {logging_mixin.py:188} INFO - [2025-04-26T09:49:12.162+0000] {dag.py:3036} INFO - Sync 1 DAGs
[2025-04-26T09:49:12.169+0000] {logging_mixin.py:188} INFO - [2025-04-26T09:49:12.168+0000] {dag.py:3823} INFO - Setting next_dagrun for dump_pokemons_info_dag to None, run_after=None
[2025-04-26T09:49:12.178+0000] {processor.py:183} INFO - Processing /opt/airflow/dags/dump_pokemons_info_dag.py took 0.831 seconds
[2025-04-26T09:49:42.256+0000] {processor.py:161} INFO - Started process (PID=93293) to work on /opt/airflow/dags/dump_pokemons_info_dag.py
[2025-04-26T09:49:42.257+0000] {processor.py:830} INFO - Processing file /opt/airflow/dags/dump_pokemons_info_dag.py for tasks to queue
[2025-04-26T09:49:42.258+0000] {logging_mixin.py:188} INFO - [2025-04-26T09:49:42.258+0000] {dagbag.py:538} INFO - Filling up the DagBag from /opt/airflow/dags/dump_pokemons_info_dag.py
[2025-04-26T09:49:42.584+0000] {processor.py:840} INFO - DAG(s) 'dump_pokemons_info_dag' retrieved from /opt/airflow/dags/dump_pokemons_info_dag.py
[2025-04-26T09:49:42.955+0000] {logging_mixin.py:188} INFO - [2025-04-26T09:49:42.955+0000] {dag.py:3036} INFO - Sync 1 DAGs
[2025-04-26T09:49:42.962+0000] {logging_mixin.py:188} INFO - [2025-04-26T09:49:42.961+0000] {dag.py:3823} INFO - Setting next_dagrun for dump_pokemons_info_dag to None, run_after=None
[2025-04-26T09:49:42.975+0000] {processor.py:183} INFO - Processing /opt/airflow/dags/dump_pokemons_info_dag.py took 0.730 seconds
[2025-04-26T09:54:50.392+0000] {processor.py:161} INFO - Started process (PID=93319) to work on /opt/airflow/dags/dump_pokemons_info_dag.py
[2025-04-26T09:54:50.412+0000] {processor.py:830} INFO - Processing file /opt/airflow/dags/dump_pokemons_info_dag.py for tasks to queue
[2025-04-26T09:54:50.413+0000] {logging_mixin.py:188} INFO - [2025-04-26T09:54:50.413+0000] {dagbag.py:538} INFO - Filling up the DagBag from /opt/airflow/dags/dump_pokemons_info_dag.py
[2025-04-26T09:54:51.050+0000] {processor.py:840} INFO - DAG(s) 'dump_pokemons_info_dag' retrieved from /opt/airflow/dags/dump_pokemons_info_dag.py
[2025-04-26T09:54:51.442+0000] {logging_mixin.py:188} INFO - [2025-04-26T09:54:51.442+0000] {dag.py:3036} INFO - Sync 1 DAGs
[2025-04-26T09:54:51.451+0000] {logging_mixin.py:188} INFO - [2025-04-26T09:54:51.450+0000] {dag.py:3823} INFO - Setting next_dagrun for dump_pokemons_info_dag to None, run_after=None
[2025-04-26T09:54:51.470+0000] {processor.py:183} INFO - Processing /opt/airflow/dags/dump_pokemons_info_dag.py took 1.088 seconds
[2025-04-26T10:43:03.294+0000] {processor.py:161} INFO - Started process (PID=93342) to work on /opt/airflow/dags/dump_pokemons_info_dag.py
[2025-04-26T10:43:03.298+0000] {processor.py:830} INFO - Processing file /opt/airflow/dags/dump_pokemons_info_dag.py for tasks to queue
[2025-04-26T10:43:03.307+0000] {logging_mixin.py:188} INFO - [2025-04-26T10:43:03.306+0000] {dagbag.py:538} INFO - Filling up the DagBag from /opt/airflow/dags/dump_pokemons_info_dag.py
[2025-04-26T10:43:03.817+0000] {processor.py:840} INFO - DAG(s) 'dump_pokemons_info_dag' retrieved from /opt/airflow/dags/dump_pokemons_info_dag.py
[2025-04-26T10:43:03.886+0000] {logging_mixin.py:188} INFO - [2025-04-26T10:43:03.886+0000] {dag.py:3036} INFO - Sync 1 DAGs
[2025-04-26T10:43:03.892+0000] {logging_mixin.py:188} INFO - [2025-04-26T10:43:03.892+0000] {dag.py:3823} INFO - Setting next_dagrun for dump_pokemons_info_dag to None, run_after=None
[2025-04-26T10:43:03.902+0000] {processor.py:183} INFO - Processing /opt/airflow/dags/dump_pokemons_info_dag.py took 0.629 seconds
[2025-04-26T11:19:56.547+0000] {processor.py:161} INFO - Started process (PID=93367) to work on /opt/airflow/dags/dump_pokemons_info_dag.py
[2025-04-26T11:19:56.549+0000] {processor.py:830} INFO - Processing file /opt/airflow/dags/dump_pokemons_info_dag.py for tasks to queue
[2025-04-26T11:19:56.550+0000] {logging_mixin.py:188} INFO - [2025-04-26T11:19:56.550+0000] {dagbag.py:538} INFO - Filling up the DagBag from /opt/airflow/dags/dump_pokemons_info_dag.py
[2025-04-26T11:19:57.055+0000] {processor.py:840} INFO - DAG(s) 'dump_pokemons_info_dag' retrieved from /opt/airflow/dags/dump_pokemons_info_dag.py
[2025-04-26T11:19:57.138+0000] {logging_mixin.py:188} INFO - [2025-04-26T11:19:57.137+0000] {dag.py:3036} INFO - Sync 1 DAGs
[2025-04-26T11:19:57.144+0000] {logging_mixin.py:188} INFO - [2025-04-26T11:19:57.144+0000] {dag.py:3823} INFO - Setting next_dagrun for dump_pokemons_info_dag to None, run_after=None
[2025-04-26T11:19:57.158+0000] {processor.py:183} INFO - Processing /opt/airflow/dags/dump_pokemons_info_dag.py took 0.614 seconds
[2025-04-26T11:36:39.656+0000] {processor.py:161} INFO - Started process (PID=93390) to work on /opt/airflow/dags/dump_pokemons_info_dag.py
[2025-04-26T11:36:39.667+0000] {processor.py:830} INFO - Processing file /opt/airflow/dags/dump_pokemons_info_dag.py for tasks to queue
[2025-04-26T11:36:39.672+0000] {logging_mixin.py:188} INFO - [2025-04-26T11:36:39.672+0000] {dagbag.py:538} INFO - Filling up the DagBag from /opt/airflow/dags/dump_pokemons_info_dag.py
[2025-04-26T11:36:41.491+0000] {processor.py:840} INFO - DAG(s) 'dump_pokemons_info_dag' retrieved from /opt/airflow/dags/dump_pokemons_info_dag.py
[2025-04-26T11:36:41.841+0000] {logging_mixin.py:188} INFO - [2025-04-26T11:36:41.840+0000] {dag.py:3036} INFO - Sync 1 DAGs
[2025-04-26T11:36:41.850+0000] {logging_mixin.py:188} INFO - [2025-04-26T11:36:41.849+0000] {dag.py:3823} INFO - Setting next_dagrun for dump_pokemons_info_dag to None, run_after=None
[2025-04-26T11:36:41.864+0000] {processor.py:183} INFO - Processing /opt/airflow/dags/dump_pokemons_info_dag.py took 2.213 seconds
[2025-04-26T11:47:29.438+0000] {processor.py:161} INFO - Started process (PID=93415) to work on /opt/airflow/dags/dump_pokemons_info_dag.py
[2025-04-26T11:47:29.443+0000] {processor.py:830} INFO - Processing file /opt/airflow/dags/dump_pokemons_info_dag.py for tasks to queue
[2025-04-26T11:47:29.454+0000] {logging_mixin.py:188} INFO - [2025-04-26T11:47:29.448+0000] {dagbag.py:538} INFO - Filling up the DagBag from /opt/airflow/dags/dump_pokemons_info_dag.py
[2025-04-26T11:47:29.938+0000] {processor.py:840} INFO - DAG(s) 'dump_pokemons_info_dag' retrieved from /opt/airflow/dags/dump_pokemons_info_dag.py
[2025-04-26T11:47:30.208+0000] {logging_mixin.py:188} INFO - [2025-04-26T11:47:30.208+0000] {dag.py:3036} INFO - Sync 1 DAGs
[2025-04-26T11:47:30.221+0000] {logging_mixin.py:188} INFO - [2025-04-26T11:47:30.221+0000] {dag.py:3823} INFO - Setting next_dagrun for dump_pokemons_info_dag to None, run_after=None
[2025-04-26T11:47:30.236+0000] {processor.py:183} INFO - Processing /opt/airflow/dags/dump_pokemons_info_dag.py took 0.804 seconds
[2025-04-26T12:11:13.562+0000] {processor.py:161} INFO - Started process (PID=93438) to work on /opt/airflow/dags/dump_pokemons_info_dag.py
[2025-04-26T12:11:13.595+0000] {processor.py:830} INFO - Processing file /opt/airflow/dags/dump_pokemons_info_dag.py for tasks to queue
[2025-04-26T12:11:13.603+0000] {logging_mixin.py:188} INFO - [2025-04-26T12:11:13.602+0000] {dagbag.py:538} INFO - Filling up the DagBag from /opt/airflow/dags/dump_pokemons_info_dag.py
[2025-04-26T12:11:14.137+0000] {processor.py:840} INFO - DAG(s) 'dump_pokemons_info_dag' retrieved from /opt/airflow/dags/dump_pokemons_info_dag.py
[2025-04-26T12:11:14.192+0000] {logging_mixin.py:188} INFO - [2025-04-26T12:11:14.192+0000] {dag.py:3036} INFO - Sync 1 DAGs
[2025-04-26T12:11:14.197+0000] {logging_mixin.py:188} INFO - [2025-04-26T12:11:14.197+0000] {dag.py:3823} INFO - Setting next_dagrun for dump_pokemons_info_dag to None, run_after=None
[2025-04-26T12:11:14.207+0000] {processor.py:183} INFO - Processing /opt/airflow/dags/dump_pokemons_info_dag.py took 0.741 seconds
[2025-04-26T12:11:44.705+0000] {processor.py:161} INFO - Started process (PID=93460) to work on /opt/airflow/dags/dump_pokemons_info_dag.py
[2025-04-26T12:11:44.708+0000] {processor.py:830} INFO - Processing file /opt/airflow/dags/dump_pokemons_info_dag.py for tasks to queue
[2025-04-26T12:11:44.711+0000] {logging_mixin.py:188} INFO - [2025-04-26T12:11:44.710+0000] {dagbag.py:538} INFO - Filling up the DagBag from /opt/airflow/dags/dump_pokemons_info_dag.py
[2025-04-26T12:11:45.437+0000] {processor.py:840} INFO - DAG(s) 'dump_pokemons_info_dag' retrieved from /opt/airflow/dags/dump_pokemons_info_dag.py
[2025-04-26T12:11:45.506+0000] {logging_mixin.py:188} INFO - [2025-04-26T12:11:45.505+0000] {dag.py:3036} INFO - Sync 1 DAGs
[2025-04-26T12:11:45.511+0000] {logging_mixin.py:188} INFO - [2025-04-26T12:11:45.511+0000] {dag.py:3823} INFO - Setting next_dagrun for dump_pokemons_info_dag to None, run_after=None
[2025-04-26T12:11:45.523+0000] {processor.py:183} INFO - Processing /opt/airflow/dags/dump_pokemons_info_dag.py took 0.835 seconds
[2025-04-26T12:48:00.584+0000] {processor.py:161} INFO - Started process (PID=93484) to work on /opt/airflow/dags/dump_pokemons_info_dag.py
[2025-04-26T12:48:00.589+0000] {processor.py:830} INFO - Processing file /opt/airflow/dags/dump_pokemons_info_dag.py for tasks to queue
[2025-04-26T12:48:00.591+0000] {logging_mixin.py:188} INFO - [2025-04-26T12:48:00.591+0000] {dagbag.py:538} INFO - Filling up the DagBag from /opt/airflow/dags/dump_pokemons_info_dag.py
[2025-04-26T12:48:01.779+0000] {processor.py:840} INFO - DAG(s) 'dump_pokemons_info_dag' retrieved from /opt/airflow/dags/dump_pokemons_info_dag.py
[2025-04-26T12:48:02.020+0000] {logging_mixin.py:188} INFO - [2025-04-26T12:48:02.019+0000] {dag.py:3036} INFO - Sync 1 DAGs
[2025-04-26T12:48:02.032+0000] {logging_mixin.py:188} INFO - [2025-04-26T12:48:02.032+0000] {dag.py:3823} INFO - Setting next_dagrun for dump_pokemons_info_dag to None, run_after=None
[2025-04-26T12:48:02.055+0000] {processor.py:183} INFO - Processing /opt/airflow/dags/dump_pokemons_info_dag.py took 1.481 seconds
[2025-04-26T13:21:34.089+0000] {processor.py:161} INFO - Started process (PID=93508) to work on /opt/airflow/dags/dump_pokemons_info_dag.py
[2025-04-26T13:21:34.091+0000] {processor.py:830} INFO - Processing file /opt/airflow/dags/dump_pokemons_info_dag.py for tasks to queue
[2025-04-26T13:21:34.092+0000] {logging_mixin.py:188} INFO - [2025-04-26T13:21:34.091+0000] {dagbag.py:538} INFO - Filling up the DagBag from /opt/airflow/dags/dump_pokemons_info_dag.py
[2025-04-26T13:21:34.364+0000] {processor.py:840} INFO - DAG(s) 'dump_pokemons_info_dag' retrieved from /opt/airflow/dags/dump_pokemons_info_dag.py
[2025-04-26T13:21:34.628+0000] {logging_mixin.py:188} INFO - [2025-04-26T13:21:34.628+0000] {dag.py:3036} INFO - Sync 1 DAGs
[2025-04-26T13:21:34.634+0000] {logging_mixin.py:188} INFO - [2025-04-26T13:21:34.634+0000] {dag.py:3823} INFO - Setting next_dagrun for dump_pokemons_info_dag to None, run_after=None
[2025-04-26T13:21:34.648+0000] {processor.py:183} INFO - Processing /opt/airflow/dags/dump_pokemons_info_dag.py took 0.563 seconds
[2025-04-26T13:26:43.111+0000] {processor.py:161} INFO - Started process (PID=93531) to work on /opt/airflow/dags/dump_pokemons_info_dag.py
[2025-04-26T13:26:43.116+0000] {processor.py:830} INFO - Processing file /opt/airflow/dags/dump_pokemons_info_dag.py for tasks to queue
[2025-04-26T13:26:43.117+0000] {logging_mixin.py:188} INFO - [2025-04-26T13:26:43.117+0000] {dagbag.py:538} INFO - Filling up the DagBag from /opt/airflow/dags/dump_pokemons_info_dag.py
[2025-04-26T13:26:43.700+0000] {processor.py:840} INFO - DAG(s) 'dump_pokemons_info_dag' retrieved from /opt/airflow/dags/dump_pokemons_info_dag.py
[2025-04-26T13:26:43.760+0000] {logging_mixin.py:188} INFO - [2025-04-26T13:26:43.759+0000] {dag.py:3036} INFO - Sync 1 DAGs
[2025-04-26T13:26:43.766+0000] {logging_mixin.py:188} INFO - [2025-04-26T13:26:43.766+0000] {dag.py:3823} INFO - Setting next_dagrun for dump_pokemons_info_dag to None, run_after=None
[2025-04-26T13:26:43.779+0000] {processor.py:183} INFO - Processing /opt/airflow/dags/dump_pokemons_info_dag.py took 0.672 seconds
[2025-04-26T13:27:14.297+0000] {processor.py:161} INFO - Started process (PID=93553) to work on /opt/airflow/dags/dump_pokemons_info_dag.py
[2025-04-26T13:27:14.301+0000] {processor.py:830} INFO - Processing file /opt/airflow/dags/dump_pokemons_info_dag.py for tasks to queue
[2025-04-26T13:27:14.306+0000] {logging_mixin.py:188} INFO - [2025-04-26T13:27:14.303+0000] {dagbag.py:538} INFO - Filling up the DagBag from /opt/airflow/dags/dump_pokemons_info_dag.py
[2025-04-26T13:27:15.032+0000] {processor.py:840} INFO - DAG(s) 'dump_pokemons_info_dag' retrieved from /opt/airflow/dags/dump_pokemons_info_dag.py
[2025-04-26T13:27:15.097+0000] {logging_mixin.py:188} INFO - [2025-04-26T13:27:15.097+0000] {dag.py:3036} INFO - Sync 1 DAGs
[2025-04-26T13:27:15.102+0000] {logging_mixin.py:188} INFO - [2025-04-26T13:27:15.102+0000] {dag.py:3823} INFO - Setting next_dagrun for dump_pokemons_info_dag to None, run_after=None
[2025-04-26T13:27:15.111+0000] {processor.py:183} INFO - Processing /opt/airflow/dags/dump_pokemons_info_dag.py took 0.829 seconds
[2025-04-26T13:28:03.753+0000] {processor.py:161} INFO - Started process (PID=93579) to work on /opt/airflow/dags/dump_pokemons_info_dag.py
[2025-04-26T13:28:03.756+0000] {processor.py:830} INFO - Processing file /opt/airflow/dags/dump_pokemons_info_dag.py for tasks to queue
[2025-04-26T13:28:03.760+0000] {logging_mixin.py:188} INFO - [2025-04-26T13:28:03.759+0000] {dagbag.py:538} INFO - Filling up the DagBag from /opt/airflow/dags/dump_pokemons_info_dag.py
[2025-04-26T13:28:04.228+0000] {processor.py:840} INFO - DAG(s) 'dump_pokemons_info_dag' retrieved from /opt/airflow/dags/dump_pokemons_info_dag.py
[2025-04-26T13:28:04.335+0000] {logging_mixin.py:188} INFO - [2025-04-26T13:28:04.335+0000] {dag.py:3036} INFO - Sync 1 DAGs
[2025-04-26T13:28:04.342+0000] {logging_mixin.py:188} INFO - [2025-04-26T13:28:04.342+0000] {dag.py:3823} INFO - Setting next_dagrun for dump_pokemons_info_dag to None, run_after=None
[2025-04-26T13:28:04.367+0000] {processor.py:183} INFO - Processing /opt/airflow/dags/dump_pokemons_info_dag.py took 0.629 seconds
[2025-04-26T13:28:34.829+0000] {processor.py:161} INFO - Started process (PID=93601) to work on /opt/airflow/dags/dump_pokemons_info_dag.py
[2025-04-26T13:28:34.835+0000] {processor.py:830} INFO - Processing file /opt/airflow/dags/dump_pokemons_info_dag.py for tasks to queue
[2025-04-26T13:28:34.839+0000] {logging_mixin.py:188} INFO - [2025-04-26T13:28:34.839+0000] {dagbag.py:538} INFO - Filling up the DagBag from /opt/airflow/dags/dump_pokemons_info_dag.py
[2025-04-26T13:28:35.536+0000] {processor.py:840} INFO - DAG(s) 'dump_pokemons_info_dag' retrieved from /opt/airflow/dags/dump_pokemons_info_dag.py
[2025-04-26T13:28:35.604+0000] {logging_mixin.py:188} INFO - [2025-04-26T13:28:35.604+0000] {dag.py:3036} INFO - Sync 1 DAGs
[2025-04-26T13:28:35.611+0000] {logging_mixin.py:188} INFO - [2025-04-26T13:28:35.611+0000] {dag.py:3823} INFO - Setting next_dagrun for dump_pokemons_info_dag to None, run_after=None
[2025-04-26T13:28:35.624+0000] {processor.py:183} INFO - Processing /opt/airflow/dags/dump_pokemons_info_dag.py took 0.806 seconds
[2025-04-26T14:06:43.418+0000] {processor.py:161} INFO - Started process (PID=93624) to work on /opt/airflow/dags/dump_pokemons_info_dag.py
[2025-04-26T14:06:43.420+0000] {processor.py:830} INFO - Processing file /opt/airflow/dags/dump_pokemons_info_dag.py for tasks to queue
[2025-04-26T14:06:43.421+0000] {logging_mixin.py:188} INFO - [2025-04-26T14:06:43.420+0000] {dagbag.py:538} INFO - Filling up the DagBag from /opt/airflow/dags/dump_pokemons_info_dag.py
[2025-04-26T14:06:44.117+0000] {processor.py:840} INFO - DAG(s) 'dump_pokemons_info_dag' retrieved from /opt/airflow/dags/dump_pokemons_info_dag.py
[2025-04-26T14:06:44.827+0000] {logging_mixin.py:188} INFO - [2025-04-26T14:06:44.826+0000] {dag.py:3036} INFO - Sync 1 DAGs
[2025-04-26T14:06:44.838+0000] {logging_mixin.py:188} INFO - [2025-04-26T14:06:44.838+0000] {dag.py:3823} INFO - Setting next_dagrun for dump_pokemons_info_dag to None, run_after=None
[2025-04-26T14:06:44.851+0000] {processor.py:183} INFO - Processing /opt/airflow/dags/dump_pokemons_info_dag.py took 1.437 seconds
[2025-04-26T14:37:43.661+0000] {processor.py:161} INFO - Started process (PID=93647) to work on /opt/airflow/dags/dump_pokemons_info_dag.py
[2025-04-26T14:37:43.664+0000] {processor.py:830} INFO - Processing file /opt/airflow/dags/dump_pokemons_info_dag.py for tasks to queue
[2025-04-26T14:37:43.674+0000] {logging_mixin.py:188} INFO - [2025-04-26T14:37:43.674+0000] {dagbag.py:538} INFO - Filling up the DagBag from /opt/airflow/dags/dump_pokemons_info_dag.py
[2025-04-26T14:37:44.904+0000] {processor.py:840} INFO - DAG(s) 'dump_pokemons_info_dag' retrieved from /opt/airflow/dags/dump_pokemons_info_dag.py
[2025-04-26T14:37:44.957+0000] {logging_mixin.py:188} INFO - [2025-04-26T14:37:44.956+0000] {dag.py:3036} INFO - Sync 1 DAGs
[2025-04-26T14:37:44.963+0000] {logging_mixin.py:188} INFO - [2025-04-26T14:37:44.963+0000] {dag.py:3823} INFO - Setting next_dagrun for dump_pokemons_info_dag to None, run_after=None
[2025-04-26T14:37:44.973+0000] {processor.py:183} INFO - Processing /opt/airflow/dags/dump_pokemons_info_dag.py took 1.319 seconds
[2025-04-26T14:50:20.234+0000] {processor.py:161} INFO - Started process (PID=93672) to work on /opt/airflow/dags/dump_pokemons_info_dag.py
[2025-04-26T14:50:20.237+0000] {processor.py:830} INFO - Processing file /opt/airflow/dags/dump_pokemons_info_dag.py for tasks to queue
[2025-04-26T14:50:20.238+0000] {logging_mixin.py:188} INFO - [2025-04-26T14:50:20.238+0000] {dagbag.py:538} INFO - Filling up the DagBag from /opt/airflow/dags/dump_pokemons_info_dag.py
[2025-04-26T14:50:20.619+0000] {processor.py:840} INFO - DAG(s) 'dump_pokemons_info_dag' retrieved from /opt/airflow/dags/dump_pokemons_info_dag.py
[2025-04-26T14:50:20.698+0000] {logging_mixin.py:188} INFO - [2025-04-26T14:50:20.697+0000] {dag.py:3036} INFO - Sync 1 DAGs
[2025-04-26T14:50:20.706+0000] {logging_mixin.py:188} INFO - [2025-04-26T14:50:20.706+0000] {dag.py:3823} INFO - Setting next_dagrun for dump_pokemons_info_dag to None, run_after=None
[2025-04-26T14:50:20.720+0000] {processor.py:183} INFO - Processing /opt/airflow/dags/dump_pokemons_info_dag.py took 0.489 seconds
[2025-04-26T15:24:48.384+0000] {processor.py:161} INFO - Started process (PID=93695) to work on /opt/airflow/dags/dump_pokemons_info_dag.py
[2025-04-26T15:24:48.385+0000] {processor.py:830} INFO - Processing file /opt/airflow/dags/dump_pokemons_info_dag.py for tasks to queue
[2025-04-26T15:24:48.385+0000] {logging_mixin.py:188} INFO - [2025-04-26T15:24:48.385+0000] {dagbag.py:538} INFO - Filling up the DagBag from /opt/airflow/dags/dump_pokemons_info_dag.py
[2025-04-26T15:24:49.412+0000] {processor.py:840} INFO - DAG(s) 'dump_pokemons_info_dag' retrieved from /opt/airflow/dags/dump_pokemons_info_dag.py
[2025-04-26T15:24:49.549+0000] {logging_mixin.py:188} INFO - [2025-04-26T15:24:49.549+0000] {dag.py:3036} INFO - Sync 1 DAGs
[2025-04-26T15:24:49.558+0000] {logging_mixin.py:188} INFO - [2025-04-26T15:24:49.558+0000] {dag.py:3823} INFO - Setting next_dagrun for dump_pokemons_info_dag to None, run_after=None
[2025-04-26T15:24:49.579+0000] {processor.py:183} INFO - Processing /opt/airflow/dags/dump_pokemons_info_dag.py took 1.197 seconds
[2025-04-26T15:41:53.110+0000] {processor.py:161} INFO - Started process (PID=93717) to work on /opt/airflow/dags/dump_pokemons_info_dag.py
[2025-04-26T15:41:53.111+0000] {processor.py:830} INFO - Processing file /opt/airflow/dags/dump_pokemons_info_dag.py for tasks to queue
[2025-04-26T15:41:53.112+0000] {logging_mixin.py:188} INFO - [2025-04-26T15:41:53.111+0000] {dagbag.py:538} INFO - Filling up the DagBag from /opt/airflow/dags/dump_pokemons_info_dag.py
[2025-04-26T15:41:53.457+0000] {processor.py:840} INFO - DAG(s) 'dump_pokemons_info_dag' retrieved from /opt/airflow/dags/dump_pokemons_info_dag.py
[2025-04-26T15:41:53.519+0000] {logging_mixin.py:188} INFO - [2025-04-26T15:41:53.518+0000] {dag.py:3036} INFO - Sync 1 DAGs
[2025-04-26T15:41:53.524+0000] {logging_mixin.py:188} INFO - [2025-04-26T15:41:53.524+0000] {dag.py:3823} INFO - Setting next_dagrun for dump_pokemons_info_dag to None, run_after=None
[2025-04-26T15:41:53.534+0000] {processor.py:183} INFO - Processing /opt/airflow/dags/dump_pokemons_info_dag.py took 0.428 seconds
[2025-04-26T15:51:20.936+0000] {processor.py:161} INFO - Started process (PID=93740) to work on /opt/airflow/dags/dump_pokemons_info_dag.py
[2025-04-26T15:51:20.938+0000] {processor.py:830} INFO - Processing file /opt/airflow/dags/dump_pokemons_info_dag.py for tasks to queue
[2025-04-26T15:51:20.943+0000] {logging_mixin.py:188} INFO - [2025-04-26T15:51:20.940+0000] {dagbag.py:538} INFO - Filling up the DagBag from /opt/airflow/dags/dump_pokemons_info_dag.py
[2025-04-26T15:51:21.573+0000] {processor.py:840} INFO - DAG(s) 'dump_pokemons_info_dag' retrieved from /opt/airflow/dags/dump_pokemons_info_dag.py
[2025-04-26T15:51:21.796+0000] {logging_mixin.py:188} INFO - [2025-04-26T15:51:21.795+0000] {dag.py:3036} INFO - Sync 1 DAGs
[2025-04-26T15:51:21.802+0000] {logging_mixin.py:188} INFO - [2025-04-26T15:51:21.801+0000] {dag.py:3823} INFO - Setting next_dagrun for dump_pokemons_info_dag to None, run_after=None
[2025-04-26T15:51:21.812+0000] {processor.py:183} INFO - Processing /opt/airflow/dags/dump_pokemons_info_dag.py took 0.911 seconds
[2025-04-26T16:07:21.282+0000] {processor.py:161} INFO - Started process (PID=93765) to work on /opt/airflow/dags/dump_pokemons_info_dag.py
[2025-04-26T16:07:21.285+0000] {processor.py:830} INFO - Processing file /opt/airflow/dags/dump_pokemons_info_dag.py for tasks to queue
[2025-04-26T16:07:21.285+0000] {logging_mixin.py:188} INFO - [2025-04-26T16:07:21.285+0000] {dagbag.py:538} INFO - Filling up the DagBag from /opt/airflow/dags/dump_pokemons_info_dag.py
[2025-04-26T16:07:21.753+0000] {processor.py:840} INFO - DAG(s) 'dump_pokemons_info_dag' retrieved from /opt/airflow/dags/dump_pokemons_info_dag.py
[2025-04-26T16:07:21.865+0000] {logging_mixin.py:188} INFO - [2025-04-26T16:07:21.864+0000] {dag.py:3036} INFO - Sync 1 DAGs
[2025-04-26T16:07:21.872+0000] {logging_mixin.py:188} INFO - [2025-04-26T16:07:21.871+0000] {dag.py:3823} INFO - Setting next_dagrun for dump_pokemons_info_dag to None, run_after=None
[2025-04-26T16:07:21.890+0000] {processor.py:183} INFO - Processing /opt/airflow/dags/dump_pokemons_info_dag.py took 0.612 seconds
[2025-04-26T16:52:16.676+0000] {processor.py:161} INFO - Started process (PID=93788) to work on /opt/airflow/dags/dump_pokemons_info_dag.py
[2025-04-26T16:52:16.678+0000] {processor.py:830} INFO - Processing file /opt/airflow/dags/dump_pokemons_info_dag.py for tasks to queue
[2025-04-26T16:52:16.678+0000] {logging_mixin.py:188} INFO - [2025-04-26T16:52:16.678+0000] {dagbag.py:538} INFO - Filling up the DagBag from /opt/airflow/dags/dump_pokemons_info_dag.py
[2025-04-26T16:52:17.842+0000] {processor.py:840} INFO - DAG(s) 'dump_pokemons_info_dag' retrieved from /opt/airflow/dags/dump_pokemons_info_dag.py
[2025-04-26T16:52:17.940+0000] {logging_mixin.py:188} INFO - [2025-04-26T16:52:17.939+0000] {dag.py:3036} INFO - Sync 1 DAGs
[2025-04-26T16:52:17.948+0000] {logging_mixin.py:188} INFO - [2025-04-26T16:52:17.947+0000] {dag.py:3823} INFO - Setting next_dagrun for dump_pokemons_info_dag to None, run_after=None
[2025-04-26T16:52:17.969+0000] {processor.py:183} INFO - Processing /opt/airflow/dags/dump_pokemons_info_dag.py took 1.303 seconds
[2025-04-26T17:15:00.936+0000] {processor.py:161} INFO - Started process (PID=93811) to work on /opt/airflow/dags/dump_pokemons_info_dag.py
[2025-04-26T17:15:00.944+0000] {processor.py:830} INFO - Processing file /opt/airflow/dags/dump_pokemons_info_dag.py for tasks to queue
[2025-04-26T17:15:00.954+0000] {logging_mixin.py:188} INFO - [2025-04-26T17:15:00.953+0000] {dagbag.py:538} INFO - Filling up the DagBag from /opt/airflow/dags/dump_pokemons_info_dag.py
[2025-04-26T17:15:01.814+0000] {processor.py:840} INFO - DAG(s) 'dump_pokemons_info_dag' retrieved from /opt/airflow/dags/dump_pokemons_info_dag.py
[2025-04-26T17:15:01.869+0000] {logging_mixin.py:188} INFO - [2025-04-26T17:15:01.869+0000] {dag.py:3036} INFO - Sync 1 DAGs
[2025-04-26T17:15:01.876+0000] {logging_mixin.py:188} INFO - [2025-04-26T17:15:01.876+0000] {dag.py:3823} INFO - Setting next_dagrun for dump_pokemons_info_dag to None, run_after=None
[2025-04-26T17:15:01.888+0000] {processor.py:183} INFO - Processing /opt/airflow/dags/dump_pokemons_info_dag.py took 0.968 seconds
[2025-04-26T17:15:32.353+0000] {processor.py:161} INFO - Started process (PID=93833) to work on /opt/airflow/dags/dump_pokemons_info_dag.py
[2025-04-26T17:15:32.356+0000] {processor.py:830} INFO - Processing file /opt/airflow/dags/dump_pokemons_info_dag.py for tasks to queue
[2025-04-26T17:15:32.357+0000] {logging_mixin.py:188} INFO - [2025-04-26T17:15:32.357+0000] {dagbag.py:538} INFO - Filling up the DagBag from /opt/airflow/dags/dump_pokemons_info_dag.py
[2025-04-26T17:15:33.191+0000] {processor.py:840} INFO - DAG(s) 'dump_pokemons_info_dag' retrieved from /opt/airflow/dags/dump_pokemons_info_dag.py
[2025-04-26T17:15:33.285+0000] {logging_mixin.py:188} INFO - [2025-04-26T17:15:33.284+0000] {dag.py:3036} INFO - Sync 1 DAGs
[2025-04-26T17:15:33.308+0000] {logging_mixin.py:188} INFO - [2025-04-26T17:15:33.307+0000] {dag.py:3823} INFO - Setting next_dagrun for dump_pokemons_info_dag to None, run_after=None
[2025-04-26T17:15:33.329+0000] {processor.py:183} INFO - Processing /opt/airflow/dags/dump_pokemons_info_dag.py took 0.989 seconds
[2025-04-26T17:20:26.643+0000] {processor.py:161} INFO - Started process (PID=93859) to work on /opt/airflow/dags/dump_pokemons_info_dag.py
[2025-04-26T17:20:26.644+0000] {processor.py:830} INFO - Processing file /opt/airflow/dags/dump_pokemons_info_dag.py for tasks to queue
[2025-04-26T17:20:26.645+0000] {logging_mixin.py:188} INFO - [2025-04-26T17:20:26.645+0000] {dagbag.py:538} INFO - Filling up the DagBag from /opt/airflow/dags/dump_pokemons_info_dag.py
[2025-04-26T17:20:27.015+0000] {processor.py:840} INFO - DAG(s) 'dump_pokemons_info_dag' retrieved from /opt/airflow/dags/dump_pokemons_info_dag.py
[2025-04-26T17:20:27.080+0000] {logging_mixin.py:188} INFO - [2025-04-26T17:20:27.080+0000] {dag.py:3036} INFO - Sync 1 DAGs
[2025-04-26T17:20:27.087+0000] {logging_mixin.py:188} INFO - [2025-04-26T17:20:27.086+0000] {dag.py:3823} INFO - Setting next_dagrun for dump_pokemons_info_dag to None, run_after=None
[2025-04-26T17:20:27.101+0000] {processor.py:183} INFO - Processing /opt/airflow/dags/dump_pokemons_info_dag.py took 0.461 seconds
[2025-04-26T17:20:58.142+0000] {processor.py:161} INFO - Started process (PID=93882) to work on /opt/airflow/dags/dump_pokemons_info_dag.py
[2025-04-26T17:20:58.143+0000] {processor.py:830} INFO - Processing file /opt/airflow/dags/dump_pokemons_info_dag.py for tasks to queue
[2025-04-26T17:20:58.144+0000] {logging_mixin.py:188} INFO - [2025-04-26T17:20:58.143+0000] {dagbag.py:538} INFO - Filling up the DagBag from /opt/airflow/dags/dump_pokemons_info_dag.py
[2025-04-26T17:20:58.806+0000] {processor.py:840} INFO - DAG(s) 'dump_pokemons_info_dag' retrieved from /opt/airflow/dags/dump_pokemons_info_dag.py
[2025-04-26T17:20:58.884+0000] {logging_mixin.py:188} INFO - [2025-04-26T17:20:58.883+0000] {dag.py:3036} INFO - Sync 1 DAGs
[2025-04-26T17:20:58.890+0000] {logging_mixin.py:188} INFO - [2025-04-26T17:20:58.890+0000] {dag.py:3823} INFO - Setting next_dagrun for dump_pokemons_info_dag to None, run_after=None
[2025-04-26T17:20:58.905+0000] {processor.py:183} INFO - Processing /opt/airflow/dags/dump_pokemons_info_dag.py took 0.775 seconds
[2025-04-26T17:53:24.954+0000] {processor.py:161} INFO - Started process (PID=93905) to work on /opt/airflow/dags/dump_pokemons_info_dag.py
[2025-04-26T17:53:24.960+0000] {processor.py:830} INFO - Processing file /opt/airflow/dags/dump_pokemons_info_dag.py for tasks to queue
[2025-04-26T17:53:24.963+0000] {logging_mixin.py:188} INFO - [2025-04-26T17:53:24.962+0000] {dagbag.py:538} INFO - Filling up the DagBag from /opt/airflow/dags/dump_pokemons_info_dag.py
[2025-04-26T17:53:25.357+0000] {processor.py:840} INFO - DAG(s) 'dump_pokemons_info_dag' retrieved from /opt/airflow/dags/dump_pokemons_info_dag.py
[2025-04-26T17:53:25.408+0000] {logging_mixin.py:188} INFO - [2025-04-26T17:53:25.407+0000] {dag.py:3036} INFO - Sync 1 DAGs
[2025-04-26T17:53:25.419+0000] {logging_mixin.py:188} INFO - [2025-04-26T17:53:25.419+0000] {dag.py:3823} INFO - Setting next_dagrun for dump_pokemons_info_dag to None, run_after=None
[2025-04-26T17:53:25.428+0000] {processor.py:183} INFO - Processing /opt/airflow/dags/dump_pokemons_info_dag.py took 0.478 seconds
[2025-04-26T18:25:02.258+0000] {processor.py:161} INFO - Started process (PID=93928) to work on /opt/airflow/dags/dump_pokemons_info_dag.py
[2025-04-26T18:25:02.259+0000] {processor.py:830} INFO - Processing file /opt/airflow/dags/dump_pokemons_info_dag.py for tasks to queue
[2025-04-26T18:25:02.260+0000] {logging_mixin.py:188} INFO - [2025-04-26T18:25:02.260+0000] {dagbag.py:538} INFO - Filling up the DagBag from /opt/airflow/dags/dump_pokemons_info_dag.py
[2025-04-26T18:25:02.660+0000] {processor.py:840} INFO - DAG(s) 'dump_pokemons_info_dag' retrieved from /opt/airflow/dags/dump_pokemons_info_dag.py
[2025-04-26T18:25:02.731+0000] {logging_mixin.py:188} INFO - [2025-04-26T18:25:02.730+0000] {dag.py:3036} INFO - Sync 1 DAGs
[2025-04-26T18:25:02.738+0000] {logging_mixin.py:188} INFO - [2025-04-26T18:25:02.738+0000] {dag.py:3823} INFO - Setting next_dagrun for dump_pokemons_info_dag to None, run_after=None
[2025-04-26T18:25:02.752+0000] {processor.py:183} INFO - Processing /opt/airflow/dags/dump_pokemons_info_dag.py took 0.497 seconds
[2025-04-26T18:54:20.627+0000] {processor.py:161} INFO - Started process (PID=93953) to work on /opt/airflow/dags/dump_pokemons_info_dag.py
[2025-04-26T18:54:20.630+0000] {processor.py:830} INFO - Processing file /opt/airflow/dags/dump_pokemons_info_dag.py for tasks to queue
[2025-04-26T18:54:20.631+0000] {logging_mixin.py:188} INFO - [2025-04-26T18:54:20.631+0000] {dagbag.py:538} INFO - Filling up the DagBag from /opt/airflow/dags/dump_pokemons_info_dag.py
[2025-04-26T18:54:21.464+0000] {processor.py:840} INFO - DAG(s) 'dump_pokemons_info_dag' retrieved from /opt/airflow/dags/dump_pokemons_info_dag.py
[2025-04-26T18:54:21.707+0000] {logging_mixin.py:188} INFO - [2025-04-26T18:54:21.706+0000] {dag.py:3036} INFO - Sync 1 DAGs
[2025-04-26T18:54:21.726+0000] {logging_mixin.py:188} INFO - [2025-04-26T18:54:21.726+0000] {dag.py:3823} INFO - Setting next_dagrun for dump_pokemons_info_dag to None, run_after=None
[2025-04-26T18:54:21.747+0000] {processor.py:183} INFO - Processing /opt/airflow/dags/dump_pokemons_info_dag.py took 1.131 seconds
[2025-04-26T19:11:24.823+0000] {processor.py:161} INFO - Started process (PID=93976) to work on /opt/airflow/dags/dump_pokemons_info_dag.py
[2025-04-26T19:11:24.824+0000] {processor.py:830} INFO - Processing file /opt/airflow/dags/dump_pokemons_info_dag.py for tasks to queue
[2025-04-26T19:11:24.825+0000] {logging_mixin.py:188} INFO - [2025-04-26T19:11:24.825+0000] {dagbag.py:538} INFO - Filling up the DagBag from /opt/airflow/dags/dump_pokemons_info_dag.py
[2025-04-26T19:11:25.266+0000] {processor.py:840} INFO - DAG(s) 'dump_pokemons_info_dag' retrieved from /opt/airflow/dags/dump_pokemons_info_dag.py
[2025-04-26T19:11:25.380+0000] {logging_mixin.py:188} INFO - [2025-04-26T19:11:25.380+0000] {dag.py:3036} INFO - Sync 1 DAGs
[2025-04-26T19:11:25.394+0000] {logging_mixin.py:188} INFO - [2025-04-26T19:11:25.394+0000] {dag.py:3823} INFO - Setting next_dagrun for dump_pokemons_info_dag to None, run_after=None
[2025-04-26T19:11:25.417+0000] {processor.py:183} INFO - Processing /opt/airflow/dags/dump_pokemons_info_dag.py took 0.599 seconds
[2025-04-26T19:55:13.726+0000] {processor.py:161} INFO - Started process (PID=94001) to work on /opt/airflow/dags/dump_pokemons_info_dag.py
[2025-04-26T19:55:13.745+0000] {processor.py:830} INFO - Processing file /opt/airflow/dags/dump_pokemons_info_dag.py for tasks to queue
[2025-04-26T19:55:13.758+0000] {logging_mixin.py:188} INFO - [2025-04-26T19:55:13.753+0000] {dagbag.py:538} INFO - Filling up the DagBag from /opt/airflow/dags/dump_pokemons_info_dag.py
[2025-04-26T19:55:14.834+0000] {processor.py:840} INFO - DAG(s) 'dump_pokemons_info_dag' retrieved from /opt/airflow/dags/dump_pokemons_info_dag.py
[2025-04-26T19:55:14.909+0000] {logging_mixin.py:188} INFO - [2025-04-26T19:55:14.908+0000] {dag.py:3036} INFO - Sync 1 DAGs
[2025-04-26T19:55:14.915+0000] {logging_mixin.py:188} INFO - [2025-04-26T19:55:14.915+0000] {dag.py:3823} INFO - Setting next_dagrun for dump_pokemons_info_dag to None, run_after=None
[2025-04-26T19:55:14.928+0000] {processor.py:183} INFO - Processing /opt/airflow/dags/dump_pokemons_info_dag.py took 1.261 seconds
[2025-04-26T19:55:45.162+0000] {processor.py:161} INFO - Started process (PID=94024) to work on /opt/airflow/dags/dump_pokemons_info_dag.py
[2025-04-26T19:55:45.164+0000] {processor.py:830} INFO - Processing file /opt/airflow/dags/dump_pokemons_info_dag.py for tasks to queue
[2025-04-26T19:55:45.165+0000] {logging_mixin.py:188} INFO - [2025-04-26T19:55:45.165+0000] {dagbag.py:538} INFO - Filling up the DagBag from /opt/airflow/dags/dump_pokemons_info_dag.py
[2025-04-26T19:55:45.861+0000] {processor.py:840} INFO - DAG(s) 'dump_pokemons_info_dag' retrieved from /opt/airflow/dags/dump_pokemons_info_dag.py
[2025-04-26T19:55:45.934+0000] {logging_mixin.py:188} INFO - [2025-04-26T19:55:45.934+0000] {dag.py:3036} INFO - Sync 1 DAGs
[2025-04-26T19:55:45.944+0000] {logging_mixin.py:188} INFO - [2025-04-26T19:55:45.943+0000] {dag.py:3823} INFO - Setting next_dagrun for dump_pokemons_info_dag to None, run_after=None
[2025-04-26T19:55:45.959+0000] {processor.py:183} INFO - Processing /opt/airflow/dags/dump_pokemons_info_dag.py took 0.803 seconds
[2025-04-26T20:13:57.148+0000] {processor.py:161} INFO - Started process (PID=94047) to work on /opt/airflow/dags/dump_pokemons_info_dag.py
[2025-04-26T20:13:57.153+0000] {processor.py:830} INFO - Processing file /opt/airflow/dags/dump_pokemons_info_dag.py for tasks to queue
[2025-04-26T20:13:57.154+0000] {logging_mixin.py:188} INFO - [2025-04-26T20:13:57.154+0000] {dagbag.py:538} INFO - Filling up the DagBag from /opt/airflow/dags/dump_pokemons_info_dag.py
[2025-04-26T20:13:57.624+0000] {processor.py:840} INFO - DAG(s) 'dump_pokemons_info_dag' retrieved from /opt/airflow/dags/dump_pokemons_info_dag.py
[2025-04-26T20:13:57.704+0000] {logging_mixin.py:188} INFO - [2025-04-26T20:13:57.704+0000] {dag.py:3036} INFO - Sync 1 DAGs
[2025-04-26T20:13:57.712+0000] {logging_mixin.py:188} INFO - [2025-04-26T20:13:57.712+0000] {dag.py:3823} INFO - Setting next_dagrun for dump_pokemons_info_dag to None, run_after=None
[2025-04-26T20:13:57.724+0000] {processor.py:183} INFO - Processing /opt/airflow/dags/dump_pokemons_info_dag.py took 0.579 seconds
[2025-04-26T20:24:30.158+0000] {processor.py:161} INFO - Started process (PID=94072) to work on /opt/airflow/dags/dump_pokemons_info_dag.py
[2025-04-26T20:24:30.172+0000] {processor.py:830} INFO - Processing file /opt/airflow/dags/dump_pokemons_info_dag.py for tasks to queue
[2025-04-26T20:24:30.180+0000] {logging_mixin.py:188} INFO - [2025-04-26T20:24:30.178+0000] {dagbag.py:538} INFO - Filling up the DagBag from /opt/airflow/dags/dump_pokemons_info_dag.py
[2025-04-26T20:24:31.094+0000] {processor.py:840} INFO - DAG(s) 'dump_pokemons_info_dag' retrieved from /opt/airflow/dags/dump_pokemons_info_dag.py
[2025-04-26T20:24:31.149+0000] {logging_mixin.py:188} INFO - [2025-04-26T20:24:31.148+0000] {dag.py:3036} INFO - Sync 1 DAGs
[2025-04-26T20:24:31.154+0000] {logging_mixin.py:188} INFO - [2025-04-26T20:24:31.154+0000] {dag.py:3823} INFO - Setting next_dagrun for dump_pokemons_info_dag to None, run_after=None
[2025-04-26T20:24:31.164+0000] {processor.py:183} INFO - Processing /opt/airflow/dags/dump_pokemons_info_dag.py took 1.026 seconds
[2025-04-26T20:41:06.409+0000] {processor.py:161} INFO - Started process (PID=94095) to work on /opt/airflow/dags/dump_pokemons_info_dag.py
[2025-04-26T20:41:06.411+0000] {processor.py:830} INFO - Processing file /opt/airflow/dags/dump_pokemons_info_dag.py for tasks to queue
[2025-04-26T20:41:06.412+0000] {logging_mixin.py:188} INFO - [2025-04-26T20:41:06.412+0000] {dagbag.py:538} INFO - Filling up the DagBag from /opt/airflow/dags/dump_pokemons_info_dag.py
[2025-04-26T20:41:06.791+0000] {processor.py:840} INFO - DAG(s) 'dump_pokemons_info_dag' retrieved from /opt/airflow/dags/dump_pokemons_info_dag.py
[2025-04-26T20:41:06.868+0000] {logging_mixin.py:188} INFO - [2025-04-26T20:41:06.867+0000] {dag.py:3036} INFO - Sync 1 DAGs
[2025-04-26T20:41:06.874+0000] {logging_mixin.py:188} INFO - [2025-04-26T20:41:06.874+0000] {dag.py:3823} INFO - Setting next_dagrun for dump_pokemons_info_dag to None, run_after=None
[2025-04-26T20:41:06.887+0000] {processor.py:183} INFO - Processing /opt/airflow/dags/dump_pokemons_info_dag.py took 0.482 seconds
[2025-04-26T20:41:37.725+0000] {processor.py:161} INFO - Started process (PID=94118) to work on /opt/airflow/dags/dump_pokemons_info_dag.py
[2025-04-26T20:41:37.727+0000] {processor.py:830} INFO - Processing file /opt/airflow/dags/dump_pokemons_info_dag.py for tasks to queue
[2025-04-26T20:41:37.727+0000] {logging_mixin.py:188} INFO - [2025-04-26T20:41:37.727+0000] {dagbag.py:538} INFO - Filling up the DagBag from /opt/airflow/dags/dump_pokemons_info_dag.py
[2025-04-26T20:41:38.209+0000] {processor.py:840} INFO - DAG(s) 'dump_pokemons_info_dag' retrieved from /opt/airflow/dags/dump_pokemons_info_dag.py
[2025-04-26T20:41:38.270+0000] {logging_mixin.py:188} INFO - [2025-04-26T20:41:38.270+0000] {dag.py:3036} INFO - Sync 1 DAGs
[2025-04-26T20:41:38.276+0000] {logging_mixin.py:188} INFO - [2025-04-26T20:41:38.276+0000] {dag.py:3823} INFO - Setting next_dagrun for dump_pokemons_info_dag to None, run_after=None
[2025-04-26T20:41:38.299+0000] {processor.py:183} INFO - Processing /opt/airflow/dags/dump_pokemons_info_dag.py took 0.581 seconds
[2025-04-26T20:50:59.923+0000] {processor.py:161} INFO - Started process (PID=94142) to work on /opt/airflow/dags/dump_pokemons_info_dag.py
[2025-04-26T20:50:59.924+0000] {processor.py:830} INFO - Processing file /opt/airflow/dags/dump_pokemons_info_dag.py for tasks to queue
[2025-04-26T20:50:59.925+0000] {logging_mixin.py:188} INFO - [2025-04-26T20:50:59.925+0000] {dagbag.py:538} INFO - Filling up the DagBag from /opt/airflow/dags/dump_pokemons_info_dag.py
[2025-04-26T20:51:00.486+0000] {processor.py:840} INFO - DAG(s) 'dump_pokemons_info_dag' retrieved from /opt/airflow/dags/dump_pokemons_info_dag.py
[2025-04-26T20:51:00.568+0000] {logging_mixin.py:188} INFO - [2025-04-26T20:51:00.567+0000] {dag.py:3036} INFO - Sync 1 DAGs
[2025-04-26T20:51:00.574+0000] {logging_mixin.py:188} INFO - [2025-04-26T20:51:00.573+0000] {dag.py:3823} INFO - Setting next_dagrun for dump_pokemons_info_dag to None, run_after=None
[2025-04-26T20:51:00.587+0000] {processor.py:183} INFO - Processing /opt/airflow/dags/dump_pokemons_info_dag.py took 0.667 seconds
[2025-04-26T20:51:31.122+0000] {processor.py:161} INFO - Started process (PID=94164) to work on /opt/airflow/dags/dump_pokemons_info_dag.py
[2025-04-26T20:51:31.125+0000] {processor.py:830} INFO - Processing file /opt/airflow/dags/dump_pokemons_info_dag.py for tasks to queue
[2025-04-26T20:51:31.126+0000] {logging_mixin.py:188} INFO - [2025-04-26T20:51:31.126+0000] {dagbag.py:538} INFO - Filling up the DagBag from /opt/airflow/dags/dump_pokemons_info_dag.py
[2025-04-26T20:51:32.654+0000] {processor.py:840} INFO - DAG(s) 'dump_pokemons_info_dag' retrieved from /opt/airflow/dags/dump_pokemons_info_dag.py
[2025-04-26T20:51:32.769+0000] {logging_mixin.py:188} INFO - [2025-04-26T20:51:32.768+0000] {dag.py:3036} INFO - Sync 1 DAGs
[2025-04-26T20:51:32.778+0000] {logging_mixin.py:188} INFO - [2025-04-26T20:51:32.778+0000] {dag.py:3823} INFO - Setting next_dagrun for dump_pokemons_info_dag to None, run_after=None
[2025-04-26T20:51:32.805+0000] {processor.py:183} INFO - Processing /opt/airflow/dags/dump_pokemons_info_dag.py took 1.707 seconds
[2025-04-26T20:56:29.085+0000] {processor.py:161} INFO - Started process (PID=94188) to work on /opt/airflow/dags/dump_pokemons_info_dag.py
[2025-04-26T20:56:29.087+0000] {processor.py:830} INFO - Processing file /opt/airflow/dags/dump_pokemons_info_dag.py for tasks to queue
[2025-04-26T20:56:29.093+0000] {logging_mixin.py:188} INFO - [2025-04-26T20:56:29.090+0000] {dagbag.py:538} INFO - Filling up the DagBag from /opt/airflow/dags/dump_pokemons_info_dag.py
[2025-04-26T20:56:29.763+0000] {processor.py:840} INFO - DAG(s) 'dump_pokemons_info_dag' retrieved from /opt/airflow/dags/dump_pokemons_info_dag.py
[2025-04-26T20:56:29.843+0000] {logging_mixin.py:188} INFO - [2025-04-26T20:56:29.842+0000] {dag.py:3036} INFO - Sync 1 DAGs
[2025-04-26T20:56:29.850+0000] {logging_mixin.py:188} INFO - [2025-04-26T20:56:29.850+0000] {dag.py:3823} INFO - Setting next_dagrun for dump_pokemons_info_dag to None, run_after=None
[2025-04-26T20:56:29.861+0000] {processor.py:183} INFO - Processing /opt/airflow/dags/dump_pokemons_info_dag.py took 0.783 seconds
[2025-04-26T21:24:08.677+0000] {processor.py:161} INFO - Started process (PID=94212) to work on /opt/airflow/dags/dump_pokemons_info_dag.py
[2025-04-26T21:24:08.684+0000] {processor.py:830} INFO - Processing file /opt/airflow/dags/dump_pokemons_info_dag.py for tasks to queue
[2025-04-26T21:24:08.691+0000] {logging_mixin.py:188} INFO - [2025-04-26T21:24:08.689+0000] {dagbag.py:538} INFO - Filling up the DagBag from /opt/airflow/dags/dump_pokemons_info_dag.py
[2025-04-26T21:24:09.469+0000] {processor.py:840} INFO - DAG(s) 'dump_pokemons_info_dag' retrieved from /opt/airflow/dags/dump_pokemons_info_dag.py
[2025-04-26T21:24:09.546+0000] {logging_mixin.py:188} INFO - [2025-04-26T21:24:09.545+0000] {dag.py:3036} INFO - Sync 1 DAGs
[2025-04-26T21:24:09.552+0000] {logging_mixin.py:188} INFO - [2025-04-26T21:24:09.551+0000] {dag.py:3823} INFO - Setting next_dagrun for dump_pokemons_info_dag to None, run_after=None
[2025-04-26T21:24:09.567+0000] {processor.py:183} INFO - Processing /opt/airflow/dags/dump_pokemons_info_dag.py took 0.894 seconds
[2025-04-26T21:24:40.135+0000] {processor.py:161} INFO - Started process (PID=94234) to work on /opt/airflow/dags/dump_pokemons_info_dag.py
[2025-04-26T21:24:40.137+0000] {processor.py:830} INFO - Processing file /opt/airflow/dags/dump_pokemons_info_dag.py for tasks to queue
[2025-04-26T21:24:40.137+0000] {logging_mixin.py:188} INFO - [2025-04-26T21:24:40.137+0000] {dagbag.py:538} INFO - Filling up the DagBag from /opt/airflow/dags/dump_pokemons_info_dag.py
[2025-04-26T21:24:40.745+0000] {processor.py:840} INFO - DAG(s) 'dump_pokemons_info_dag' retrieved from /opt/airflow/dags/dump_pokemons_info_dag.py
[2025-04-26T21:24:40.801+0000] {logging_mixin.py:188} INFO - [2025-04-26T21:24:40.801+0000] {dag.py:3036} INFO - Sync 1 DAGs
[2025-04-26T21:24:40.809+0000] {logging_mixin.py:188} INFO - [2025-04-26T21:24:40.809+0000] {dag.py:3823} INFO - Setting next_dagrun for dump_pokemons_info_dag to None, run_after=None
[2025-04-26T21:24:40.821+0000] {processor.py:183} INFO - Processing /opt/airflow/dags/dump_pokemons_info_dag.py took 0.688 seconds
[2025-04-26T21:29:54.698+0000] {processor.py:161} INFO - Started process (PID=94258) to work on /opt/airflow/dags/dump_pokemons_info_dag.py
[2025-04-26T21:29:54.701+0000] {processor.py:830} INFO - Processing file /opt/airflow/dags/dump_pokemons_info_dag.py for tasks to queue
[2025-04-26T21:29:54.702+0000] {logging_mixin.py:188} INFO - [2025-04-26T21:29:54.702+0000] {dagbag.py:538} INFO - Filling up the DagBag from /opt/airflow/dags/dump_pokemons_info_dag.py
[2025-04-26T21:29:55.161+0000] {processor.py:840} INFO - DAG(s) 'dump_pokemons_info_dag' retrieved from /opt/airflow/dags/dump_pokemons_info_dag.py
[2025-04-26T21:29:55.228+0000] {logging_mixin.py:188} INFO - [2025-04-26T21:29:55.227+0000] {dag.py:3036} INFO - Sync 1 DAGs
[2025-04-26T21:29:55.240+0000] {logging_mixin.py:188} INFO - [2025-04-26T21:29:55.239+0000] {dag.py:3823} INFO - Setting next_dagrun for dump_pokemons_info_dag to None, run_after=None
[2025-04-26T21:29:55.258+0000] {processor.py:183} INFO - Processing /opt/airflow/dags/dump_pokemons_info_dag.py took 0.565 seconds
[2025-04-26T21:47:38.587+0000] {processor.py:161} INFO - Started process (PID=94281) to work on /opt/airflow/dags/dump_pokemons_info_dag.py
[2025-04-26T21:47:38.589+0000] {processor.py:830} INFO - Processing file /opt/airflow/dags/dump_pokemons_info_dag.py for tasks to queue
[2025-04-26T21:47:38.590+0000] {logging_mixin.py:188} INFO - [2025-04-26T21:47:38.589+0000] {dagbag.py:538} INFO - Filling up the DagBag from /opt/airflow/dags/dump_pokemons_info_dag.py
[2025-04-26T21:47:39.310+0000] {processor.py:840} INFO - DAG(s) 'dump_pokemons_info_dag' retrieved from /opt/airflow/dags/dump_pokemons_info_dag.py
[2025-04-26T21:47:39.397+0000] {logging_mixin.py:188} INFO - [2025-04-26T21:47:39.397+0000] {dag.py:3036} INFO - Sync 1 DAGs
[2025-04-26T21:47:39.405+0000] {logging_mixin.py:188} INFO - [2025-04-26T21:47:39.404+0000] {dag.py:3823} INFO - Setting next_dagrun for dump_pokemons_info_dag to None, run_after=None
[2025-04-26T21:47:39.420+0000] {processor.py:183} INFO - Processing /opt/airflow/dags/dump_pokemons_info_dag.py took 0.838 seconds
[2025-04-26T21:57:27.530+0000] {processor.py:161} INFO - Started process (PID=94306) to work on /opt/airflow/dags/dump_pokemons_info_dag.py
[2025-04-26T21:57:27.533+0000] {processor.py:830} INFO - Processing file /opt/airflow/dags/dump_pokemons_info_dag.py for tasks to queue
[2025-04-26T21:57:27.534+0000] {logging_mixin.py:188} INFO - [2025-04-26T21:57:27.534+0000] {dagbag.py:538} INFO - Filling up the DagBag from /opt/airflow/dags/dump_pokemons_info_dag.py
[2025-04-26T21:57:27.950+0000] {processor.py:840} INFO - DAG(s) 'dump_pokemons_info_dag' retrieved from /opt/airflow/dags/dump_pokemons_info_dag.py
[2025-04-26T21:57:28.026+0000] {logging_mixin.py:188} INFO - [2025-04-26T21:57:28.026+0000] {dag.py:3036} INFO - Sync 1 DAGs
[2025-04-26T21:57:28.032+0000] {logging_mixin.py:188} INFO - [2025-04-26T21:57:28.032+0000] {dag.py:3823} INFO - Setting next_dagrun for dump_pokemons_info_dag to None, run_after=None
[2025-04-26T21:57:28.047+0000] {processor.py:183} INFO - Processing /opt/airflow/dags/dump_pokemons_info_dag.py took 0.521 seconds
[2025-04-26T22:04:33.960+0000] {processor.py:161} INFO - Started process (PID=94329) to work on /opt/airflow/dags/dump_pokemons_info_dag.py
[2025-04-26T22:04:33.963+0000] {processor.py:830} INFO - Processing file /opt/airflow/dags/dump_pokemons_info_dag.py for tasks to queue
[2025-04-26T22:04:33.965+0000] {logging_mixin.py:188} INFO - [2025-04-26T22:04:33.964+0000] {dagbag.py:538} INFO - Filling up the DagBag from /opt/airflow/dags/dump_pokemons_info_dag.py
[2025-04-26T22:04:34.647+0000] {processor.py:840} INFO - DAG(s) 'dump_pokemons_info_dag' retrieved from /opt/airflow/dags/dump_pokemons_info_dag.py
[2025-04-26T22:04:34.724+0000] {logging_mixin.py:188} INFO - [2025-04-26T22:04:34.724+0000] {dag.py:3036} INFO - Sync 1 DAGs
[2025-04-26T22:04:34.731+0000] {logging_mixin.py:188} INFO - [2025-04-26T22:04:34.731+0000] {dag.py:3823} INFO - Setting next_dagrun for dump_pokemons_info_dag to None, run_after=None
[2025-04-26T22:04:34.751+0000] {processor.py:183} INFO - Processing /opt/airflow/dags/dump_pokemons_info_dag.py took 0.799 seconds
[2025-04-26T22:05:05.247+0000] {processor.py:161} INFO - Started process (PID=94351) to work on /opt/airflow/dags/dump_pokemons_info_dag.py
[2025-04-26T22:05:05.249+0000] {processor.py:830} INFO - Processing file /opt/airflow/dags/dump_pokemons_info_dag.py for tasks to queue
[2025-04-26T22:05:05.249+0000] {logging_mixin.py:188} INFO - [2025-04-26T22:05:05.249+0000] {dagbag.py:538} INFO - Filling up the DagBag from /opt/airflow/dags/dump_pokemons_info_dag.py
[2025-04-26T22:05:05.862+0000] {processor.py:840} INFO - DAG(s) 'dump_pokemons_info_dag' retrieved from /opt/airflow/dags/dump_pokemons_info_dag.py
[2025-04-26T22:05:05.934+0000] {logging_mixin.py:188} INFO - [2025-04-26T22:05:05.934+0000] {dag.py:3036} INFO - Sync 1 DAGs
[2025-04-26T22:05:05.942+0000] {logging_mixin.py:188} INFO - [2025-04-26T22:05:05.942+0000] {dag.py:3823} INFO - Setting next_dagrun for dump_pokemons_info_dag to None, run_after=None
[2025-04-26T22:05:05.954+0000] {processor.py:183} INFO - Processing /opt/airflow/dags/dump_pokemons_info_dag.py took 0.709 seconds
[2025-04-26T22:40:25.823+0000] {processor.py:161} INFO - Started process (PID=94377) to work on /opt/airflow/dags/dump_pokemons_info_dag.py
[2025-04-26T22:40:25.825+0000] {processor.py:830} INFO - Processing file /opt/airflow/dags/dump_pokemons_info_dag.py for tasks to queue
[2025-04-26T22:40:25.827+0000] {logging_mixin.py:188} INFO - [2025-04-26T22:40:25.827+0000] {dagbag.py:538} INFO - Filling up the DagBag from /opt/airflow/dags/dump_pokemons_info_dag.py
[2025-04-26T22:40:26.322+0000] {processor.py:840} INFO - DAG(s) 'dump_pokemons_info_dag' retrieved from /opt/airflow/dags/dump_pokemons_info_dag.py
[2025-04-26T22:40:26.384+0000] {logging_mixin.py:188} INFO - [2025-04-26T22:40:26.384+0000] {dag.py:3036} INFO - Sync 1 DAGs
[2025-04-26T22:40:26.393+0000] {logging_mixin.py:188} INFO - [2025-04-26T22:40:26.393+0000] {dag.py:3823} INFO - Setting next_dagrun for dump_pokemons_info_dag to None, run_after=None
[2025-04-26T22:40:26.405+0000] {processor.py:183} INFO - Processing /opt/airflow/dags/dump_pokemons_info_dag.py took 0.587 seconds
[2025-04-26T22:40:57.163+0000] {processor.py:161} INFO - Started process (PID=94399) to work on /opt/airflow/dags/dump_pokemons_info_dag.py
[2025-04-26T22:40:57.165+0000] {processor.py:830} INFO - Processing file /opt/airflow/dags/dump_pokemons_info_dag.py for tasks to queue
[2025-04-26T22:40:57.167+0000] {logging_mixin.py:188} INFO - [2025-04-26T22:40:57.166+0000] {dagbag.py:538} INFO - Filling up the DagBag from /opt/airflow/dags/dump_pokemons_info_dag.py
[2025-04-26T22:40:58.449+0000] {processor.py:840} INFO - DAG(s) 'dump_pokemons_info_dag' retrieved from /opt/airflow/dags/dump_pokemons_info_dag.py
[2025-04-26T22:40:58.570+0000] {logging_mixin.py:188} INFO - [2025-04-26T22:40:58.569+0000] {dag.py:3036} INFO - Sync 1 DAGs
[2025-04-26T22:40:58.578+0000] {logging_mixin.py:188} INFO - [2025-04-26T22:40:58.578+0000] {dag.py:3823} INFO - Setting next_dagrun for dump_pokemons_info_dag to None, run_after=None
[2025-04-26T22:40:58.592+0000] {processor.py:183} INFO - Processing /opt/airflow/dags/dump_pokemons_info_dag.py took 1.467 seconds
[2025-04-26T22:58:29.247+0000] {processor.py:161} INFO - Started process (PID=94423) to work on /opt/airflow/dags/dump_pokemons_info_dag.py
[2025-04-26T22:58:29.248+0000] {processor.py:830} INFO - Processing file /opt/airflow/dags/dump_pokemons_info_dag.py for tasks to queue
[2025-04-26T22:58:29.249+0000] {logging_mixin.py:188} INFO - [2025-04-26T22:58:29.249+0000] {dagbag.py:538} INFO - Filling up the DagBag from /opt/airflow/dags/dump_pokemons_info_dag.py
[2025-04-26T22:58:29.606+0000] {processor.py:840} INFO - DAG(s) 'dump_pokemons_info_dag' retrieved from /opt/airflow/dags/dump_pokemons_info_dag.py
[2025-04-26T22:58:29.674+0000] {logging_mixin.py:188} INFO - [2025-04-26T22:58:29.674+0000] {dag.py:3036} INFO - Sync 1 DAGs
[2025-04-26T22:58:29.680+0000] {logging_mixin.py:188} INFO - [2025-04-26T22:58:29.680+0000] {dag.py:3823} INFO - Setting next_dagrun for dump_pokemons_info_dag to None, run_after=None
[2025-04-26T22:58:29.695+0000] {processor.py:183} INFO - Processing /opt/airflow/dags/dump_pokemons_info_dag.py took 0.451 seconds
[2025-04-26T23:26:02.973+0000] {processor.py:161} INFO - Started process (PID=94445) to work on /opt/airflow/dags/dump_pokemons_info_dag.py
[2025-04-26T23:26:02.981+0000] {processor.py:830} INFO - Processing file /opt/airflow/dags/dump_pokemons_info_dag.py for tasks to queue
[2025-04-26T23:26:02.985+0000] {logging_mixin.py:188} INFO - [2025-04-26T23:26:02.982+0000] {dagbag.py:538} INFO - Filling up the DagBag from /opt/airflow/dags/dump_pokemons_info_dag.py
[2025-04-26T23:26:04.047+0000] {processor.py:840} INFO - DAG(s) 'dump_pokemons_info_dag' retrieved from /opt/airflow/dags/dump_pokemons_info_dag.py
[2025-04-26T23:26:04.115+0000] {logging_mixin.py:188} INFO - [2025-04-26T23:26:04.115+0000] {dag.py:3036} INFO - Sync 1 DAGs
[2025-04-26T23:26:04.121+0000] {logging_mixin.py:188} INFO - [2025-04-26T23:26:04.121+0000] {dag.py:3823} INFO - Setting next_dagrun for dump_pokemons_info_dag to None, run_after=None
[2025-04-26T23:26:04.134+0000] {processor.py:183} INFO - Processing /opt/airflow/dags/dump_pokemons_info_dag.py took 1.182 seconds
[2025-04-26T23:26:34.616+0000] {processor.py:161} INFO - Started process (PID=94467) to work on /opt/airflow/dags/dump_pokemons_info_dag.py
[2025-04-26T23:26:34.619+0000] {processor.py:830} INFO - Processing file /opt/airflow/dags/dump_pokemons_info_dag.py for tasks to queue
[2025-04-26T23:26:34.622+0000] {logging_mixin.py:188} INFO - [2025-04-26T23:26:34.621+0000] {dagbag.py:538} INFO - Filling up the DagBag from /opt/airflow/dags/dump_pokemons_info_dag.py
[2025-04-26T23:26:35.246+0000] {processor.py:840} INFO - DAG(s) 'dump_pokemons_info_dag' retrieved from /opt/airflow/dags/dump_pokemons_info_dag.py
[2025-04-26T23:26:35.307+0000] {logging_mixin.py:188} INFO - [2025-04-26T23:26:35.307+0000] {dag.py:3036} INFO - Sync 1 DAGs
[2025-04-26T23:26:35.313+0000] {logging_mixin.py:188} INFO - [2025-04-26T23:26:35.313+0000] {dag.py:3823} INFO - Setting next_dagrun for dump_pokemons_info_dag to None, run_after=None
[2025-04-26T23:26:35.324+0000] {processor.py:183} INFO - Processing /opt/airflow/dags/dump_pokemons_info_dag.py took 0.718 seconds
[2025-04-26T23:59:05.617+0000] {processor.py:161} INFO - Started process (PID=94490) to work on /opt/airflow/dags/dump_pokemons_info_dag.py
[2025-04-26T23:59:05.620+0000] {processor.py:830} INFO - Processing file /opt/airflow/dags/dump_pokemons_info_dag.py for tasks to queue
[2025-04-26T23:59:05.621+0000] {logging_mixin.py:188} INFO - [2025-04-26T23:59:05.621+0000] {dagbag.py:538} INFO - Filling up the DagBag from /opt/airflow/dags/dump_pokemons_info_dag.py
[2025-04-26T23:59:06.559+0000] {processor.py:840} INFO - DAG(s) 'dump_pokemons_info_dag' retrieved from /opt/airflow/dags/dump_pokemons_info_dag.py
[2025-04-26T23:59:06.776+0000] {logging_mixin.py:188} INFO - [2025-04-26T23:59:06.775+0000] {dag.py:3036} INFO - Sync 1 DAGs
[2025-04-26T23:59:06.842+0000] {logging_mixin.py:188} INFO - [2025-04-26T23:59:06.842+0000] {dag.py:3823} INFO - Setting next_dagrun for dump_pokemons_info_dag to None, run_after=None
[2025-04-26T23:59:06.935+0000] {processor.py:183} INFO - Processing /opt/airflow/dags/dump_pokemons_info_dag.py took 1.324 seconds
[2025-04-26T23:59:37.501+0000] {processor.py:161} INFO - Started process (PID=94512) to work on /opt/airflow/dags/dump_pokemons_info_dag.py
[2025-04-26T23:59:37.504+0000] {processor.py:830} INFO - Processing file /opt/airflow/dags/dump_pokemons_info_dag.py for tasks to queue
[2025-04-26T23:59:37.505+0000] {logging_mixin.py:188} INFO - [2025-04-26T23:59:37.505+0000] {dagbag.py:538} INFO - Filling up the DagBag from /opt/airflow/dags/dump_pokemons_info_dag.py
[2025-04-26T23:59:38.082+0000] {processor.py:840} INFO - DAG(s) 'dump_pokemons_info_dag' retrieved from /opt/airflow/dags/dump_pokemons_info_dag.py
[2025-04-26T23:59:38.168+0000] {logging_mixin.py:188} INFO - [2025-04-26T23:59:38.168+0000] {dag.py:3036} INFO - Sync 1 DAGs
[2025-04-26T23:59:38.179+0000] {logging_mixin.py:188} INFO - [2025-04-26T23:59:38.179+0000] {dag.py:3823} INFO - Setting next_dagrun for dump_pokemons_info_dag to None, run_after=None
[2025-04-26T23:59:38.192+0000] {processor.py:183} INFO - Processing /opt/airflow/dags/dump_pokemons_info_dag.py took 0.695 seconds
