[2025-04-26T00:08:42.985+0000] {processor.py:161} INFO - Started process (PID=92370) to work on /opt/airflow/dags/sync_golden_layer_dag.py
[2025-04-26T00:08:42.987+0000] {processor.py:830} INFO - Processing file /opt/airflow/dags/sync_golden_layer_dag.py for tasks to queue
[2025-04-26T00:08:42.994+0000] {logging_mixin.py:188} INFO - [2025-04-26T00:08:42.993+0000] {dagbag.py:538} INFO - Filling up the DagBag from /opt/airflow/dags/sync_golden_layer_dag.py
[2025-04-26T00:08:43.056+0000] {processor.py:840} INFO - DAG(s) 'sync_golden_layer_dag' retrieved from /opt/airflow/dags/sync_golden_layer_dag.py
[2025-04-26T00:08:43.260+0000] {logging_mixin.py:188} INFO - [2025-04-26T00:08:43.260+0000] {dag.py:3036} INFO - Sync 1 DAGs
[2025-04-26T00:08:43.314+0000] {logging_mixin.py:188} INFO - [2025-04-26T00:08:43.313+0000] {dag.py:3823} INFO - Setting next_dagrun for sync_golden_layer_dag to 2025-04-26 06:00:00+00:00, run_after=2025-04-27 06:00:00+00:00
[2025-04-26T00:08:43.353+0000] {processor.py:183} INFO - Processing /opt/airflow/dags/sync_golden_layer_dag.py took 0.379 seconds
[2025-04-26T00:25:40.420+0000] {processor.py:161} INFO - Started process (PID=92393) to work on /opt/airflow/dags/sync_golden_layer_dag.py
[2025-04-26T00:25:40.435+0000] {processor.py:830} INFO - Processing file /opt/airflow/dags/sync_golden_layer_dag.py for tasks to queue
[2025-04-26T00:25:40.444+0000] {logging_mixin.py:188} INFO - [2025-04-26T00:25:40.442+0000] {dagbag.py:538} INFO - Filling up the DagBag from /opt/airflow/dags/sync_golden_layer_dag.py
[2025-04-26T00:25:40.711+0000] {processor.py:840} INFO - DAG(s) 'sync_golden_layer_dag' retrieved from /opt/airflow/dags/sync_golden_layer_dag.py
[2025-04-26T00:25:41.034+0000] {logging_mixin.py:188} INFO - [2025-04-26T00:25:41.033+0000] {dag.py:3036} INFO - Sync 1 DAGs
[2025-04-26T00:25:41.070+0000] {logging_mixin.py:188} INFO - [2025-04-26T00:25:41.070+0000] {dag.py:3823} INFO - Setting next_dagrun for sync_golden_layer_dag to 2025-04-26 06:00:00+00:00, run_after=2025-04-27 06:00:00+00:00
[2025-04-26T00:25:41.089+0000] {processor.py:183} INFO - Processing /opt/airflow/dags/sync_golden_layer_dag.py took 0.859 seconds
[2025-04-26T00:37:15.976+0000] {processor.py:161} INFO - Started process (PID=92417) to work on /opt/airflow/dags/sync_golden_layer_dag.py
[2025-04-26T00:37:15.978+0000] {processor.py:830} INFO - Processing file /opt/airflow/dags/sync_golden_layer_dag.py for tasks to queue
[2025-04-26T00:37:15.979+0000] {logging_mixin.py:188} INFO - [2025-04-26T00:37:15.978+0000] {dagbag.py:538} INFO - Filling up the DagBag from /opt/airflow/dags/sync_golden_layer_dag.py
[2025-04-26T00:37:16.009+0000] {processor.py:840} INFO - DAG(s) 'sync_golden_layer_dag' retrieved from /opt/airflow/dags/sync_golden_layer_dag.py
[2025-04-26T00:37:16.108+0000] {logging_mixin.py:188} INFO - [2025-04-26T00:37:16.108+0000] {dag.py:3036} INFO - Sync 1 DAGs
[2025-04-26T00:37:16.132+0000] {logging_mixin.py:188} INFO - [2025-04-26T00:37:16.132+0000] {dag.py:3823} INFO - Setting next_dagrun for sync_golden_layer_dag to 2025-04-26 06:00:00+00:00, run_after=2025-04-27 06:00:00+00:00
[2025-04-26T00:37:16.153+0000] {processor.py:183} INFO - Processing /opt/airflow/dags/sync_golden_layer_dag.py took 0.186 seconds
[2025-04-26T00:37:46.697+0000] {processor.py:161} INFO - Started process (PID=92440) to work on /opt/airflow/dags/sync_golden_layer_dag.py
[2025-04-26T00:37:46.698+0000] {processor.py:830} INFO - Processing file /opt/airflow/dags/sync_golden_layer_dag.py for tasks to queue
[2025-04-26T00:37:46.699+0000] {logging_mixin.py:188} INFO - [2025-04-26T00:37:46.699+0000] {dagbag.py:538} INFO - Filling up the DagBag from /opt/airflow/dags/sync_golden_layer_dag.py
[2025-04-26T00:37:46.728+0000] {processor.py:840} INFO - DAG(s) 'sync_golden_layer_dag' retrieved from /opt/airflow/dags/sync_golden_layer_dag.py
[2025-04-26T00:37:46.841+0000] {logging_mixin.py:188} INFO - [2025-04-26T00:37:46.841+0000] {dag.py:3036} INFO - Sync 1 DAGs
[2025-04-26T00:37:46.864+0000] {logging_mixin.py:188} INFO - [2025-04-26T00:37:46.864+0000] {dag.py:3823} INFO - Setting next_dagrun for sync_golden_layer_dag to 2025-04-26 06:00:00+00:00, run_after=2025-04-27 06:00:00+00:00
[2025-04-26T00:37:46.882+0000] {processor.py:183} INFO - Processing /opt/airflow/dags/sync_golden_layer_dag.py took 0.191 seconds
[2025-04-26T00:38:17.238+0000] {processor.py:161} INFO - Started process (PID=92463) to work on /opt/airflow/dags/sync_golden_layer_dag.py
[2025-04-26T00:38:17.240+0000] {processor.py:830} INFO - Processing file /opt/airflow/dags/sync_golden_layer_dag.py for tasks to queue
[2025-04-26T00:38:17.242+0000] {logging_mixin.py:188} INFO - [2025-04-26T00:38:17.241+0000] {dagbag.py:538} INFO - Filling up the DagBag from /opt/airflow/dags/sync_golden_layer_dag.py
[2025-04-26T00:38:17.294+0000] {processor.py:840} INFO - DAG(s) 'sync_golden_layer_dag' retrieved from /opt/airflow/dags/sync_golden_layer_dag.py
[2025-04-26T00:38:17.444+0000] {logging_mixin.py:188} INFO - [2025-04-26T00:38:17.444+0000] {dag.py:3036} INFO - Sync 1 DAGs
[2025-04-26T00:38:17.476+0000] {logging_mixin.py:188} INFO - [2025-04-26T00:38:17.476+0000] {dag.py:3823} INFO - Setting next_dagrun for sync_golden_layer_dag to 2025-04-26 06:00:00+00:00, run_after=2025-04-27 06:00:00+00:00
[2025-04-26T00:38:17.493+0000] {processor.py:183} INFO - Processing /opt/airflow/dags/sync_golden_layer_dag.py took 0.265 seconds
[2025-04-26T01:12:54.313+0000] {processor.py:161} INFO - Started process (PID=92488) to work on /opt/airflow/dags/sync_golden_layer_dag.py
[2025-04-26T01:12:54.321+0000] {processor.py:830} INFO - Processing file /opt/airflow/dags/sync_golden_layer_dag.py for tasks to queue
[2025-04-26T01:12:54.323+0000] {logging_mixin.py:188} INFO - [2025-04-26T01:12:54.323+0000] {dagbag.py:538} INFO - Filling up the DagBag from /opt/airflow/dags/sync_golden_layer_dag.py
[2025-04-26T01:12:54.379+0000] {processor.py:840} INFO - DAG(s) 'sync_golden_layer_dag' retrieved from /opt/airflow/dags/sync_golden_layer_dag.py
[2025-04-26T01:12:54.764+0000] {logging_mixin.py:188} INFO - [2025-04-26T01:12:54.763+0000] {dag.py:3036} INFO - Sync 1 DAGs
[2025-04-26T01:12:54.812+0000] {logging_mixin.py:188} INFO - [2025-04-26T01:12:54.812+0000] {dag.py:3823} INFO - Setting next_dagrun for sync_golden_layer_dag to 2025-04-26 06:00:00+00:00, run_after=2025-04-27 06:00:00+00:00
[2025-04-26T01:12:54.854+0000] {processor.py:183} INFO - Processing /opt/airflow/dags/sync_golden_layer_dag.py took 0.555 seconds
[2025-04-26T01:13:25.427+0000] {processor.py:161} INFO - Started process (PID=92511) to work on /opt/airflow/dags/sync_golden_layer_dag.py
[2025-04-26T01:13:25.433+0000] {processor.py:830} INFO - Processing file /opt/airflow/dags/sync_golden_layer_dag.py for tasks to queue
[2025-04-26T01:13:25.435+0000] {logging_mixin.py:188} INFO - [2025-04-26T01:13:25.434+0000] {dagbag.py:538} INFO - Filling up the DagBag from /opt/airflow/dags/sync_golden_layer_dag.py
[2025-04-26T01:13:25.494+0000] {processor.py:840} INFO - DAG(s) 'sync_golden_layer_dag' retrieved from /opt/airflow/dags/sync_golden_layer_dag.py
[2025-04-26T01:13:25.646+0000] {logging_mixin.py:188} INFO - [2025-04-26T01:13:25.646+0000] {dag.py:3036} INFO - Sync 1 DAGs
[2025-04-26T01:13:25.676+0000] {logging_mixin.py:188} INFO - [2025-04-26T01:13:25.675+0000] {dag.py:3823} INFO - Setting next_dagrun for sync_golden_layer_dag to 2025-04-26 06:00:00+00:00, run_after=2025-04-27 06:00:00+00:00
[2025-04-26T01:13:25.692+0000] {processor.py:183} INFO - Processing /opt/airflow/dags/sync_golden_layer_dag.py took 0.280 seconds
[2025-04-26T01:15:21.061+0000] {processor.py:161} INFO - Started process (PID=92534) to work on /opt/airflow/dags/sync_golden_layer_dag.py
[2025-04-26T01:15:21.066+0000] {processor.py:830} INFO - Processing file /opt/airflow/dags/sync_golden_layer_dag.py for tasks to queue
[2025-04-26T01:15:21.068+0000] {logging_mixin.py:188} INFO - [2025-04-26T01:15:21.068+0000] {dagbag.py:538} INFO - Filling up the DagBag from /opt/airflow/dags/sync_golden_layer_dag.py
[2025-04-26T01:15:21.106+0000] {processor.py:840} INFO - DAG(s) 'sync_golden_layer_dag' retrieved from /opt/airflow/dags/sync_golden_layer_dag.py
[2025-04-26T01:15:21.271+0000] {logging_mixin.py:188} INFO - [2025-04-26T01:15:21.271+0000] {dag.py:3036} INFO - Sync 1 DAGs
[2025-04-26T01:15:21.307+0000] {logging_mixin.py:188} INFO - [2025-04-26T01:15:21.307+0000] {dag.py:3823} INFO - Setting next_dagrun for sync_golden_layer_dag to 2025-04-26 06:00:00+00:00, run_after=2025-04-27 06:00:00+00:00
[2025-04-26T01:15:21.325+0000] {processor.py:183} INFO - Processing /opt/airflow/dags/sync_golden_layer_dag.py took 0.278 seconds
[2025-04-26T01:21:04.468+0000] {processor.py:161} INFO - Started process (PID=92557) to work on /opt/airflow/dags/sync_golden_layer_dag.py
[2025-04-26T01:21:04.474+0000] {processor.py:830} INFO - Processing file /opt/airflow/dags/sync_golden_layer_dag.py for tasks to queue
[2025-04-26T01:21:04.480+0000] {logging_mixin.py:188} INFO - [2025-04-26T01:21:04.479+0000] {dagbag.py:538} INFO - Filling up the DagBag from /opt/airflow/dags/sync_golden_layer_dag.py
[2025-04-26T01:21:04.627+0000] {processor.py:840} INFO - DAG(s) 'sync_golden_layer_dag' retrieved from /opt/airflow/dags/sync_golden_layer_dag.py
[2025-04-26T01:21:05.020+0000] {logging_mixin.py:188} INFO - [2025-04-26T01:21:05.020+0000] {dag.py:3036} INFO - Sync 1 DAGs
[2025-04-26T01:21:05.067+0000] {logging_mixin.py:188} INFO - [2025-04-26T01:21:05.067+0000] {dag.py:3823} INFO - Setting next_dagrun for sync_golden_layer_dag to 2025-04-26 06:00:00+00:00, run_after=2025-04-27 06:00:00+00:00
[2025-04-26T01:21:05.089+0000] {processor.py:183} INFO - Processing /opt/airflow/dags/sync_golden_layer_dag.py took 0.649 seconds
[2025-04-26T01:36:32.792+0000] {processor.py:161} INFO - Started process (PID=92582) to work on /opt/airflow/dags/sync_golden_layer_dag.py
[2025-04-26T01:36:32.803+0000] {processor.py:830} INFO - Processing file /opt/airflow/dags/sync_golden_layer_dag.py for tasks to queue
[2025-04-26T01:36:32.806+0000] {logging_mixin.py:188} INFO - [2025-04-26T01:36:32.805+0000] {dagbag.py:538} INFO - Filling up the DagBag from /opt/airflow/dags/sync_golden_layer_dag.py
[2025-04-26T01:36:32.930+0000] {processor.py:840} INFO - DAG(s) 'sync_golden_layer_dag' retrieved from /opt/airflow/dags/sync_golden_layer_dag.py
[2025-04-26T01:36:33.112+0000] {logging_mixin.py:188} INFO - [2025-04-26T01:36:33.112+0000] {dag.py:3036} INFO - Sync 1 DAGs
[2025-04-26T01:36:33.132+0000] {logging_mixin.py:188} INFO - [2025-04-26T01:36:33.132+0000] {dag.py:3823} INFO - Setting next_dagrun for sync_golden_layer_dag to 2025-04-26 06:00:00+00:00, run_after=2025-04-27 06:00:00+00:00
[2025-04-26T01:36:33.146+0000] {processor.py:183} INFO - Processing /opt/airflow/dags/sync_golden_layer_dag.py took 0.408 seconds
[2025-04-26T02:11:39.217+0000] {processor.py:161} INFO - Started process (PID=92604) to work on /opt/airflow/dags/sync_golden_layer_dag.py
[2025-04-26T02:11:39.220+0000] {processor.py:830} INFO - Processing file /opt/airflow/dags/sync_golden_layer_dag.py for tasks to queue
[2025-04-26T02:11:39.221+0000] {logging_mixin.py:188} INFO - [2025-04-26T02:11:39.221+0000] {dagbag.py:538} INFO - Filling up the DagBag from /opt/airflow/dags/sync_golden_layer_dag.py
[2025-04-26T02:11:39.276+0000] {processor.py:840} INFO - DAG(s) 'sync_golden_layer_dag' retrieved from /opt/airflow/dags/sync_golden_layer_dag.py
[2025-04-26T02:11:39.513+0000] {logging_mixin.py:188} INFO - [2025-04-26T02:11:39.511+0000] {dag.py:3036} INFO - Sync 1 DAGs
[2025-04-26T02:11:39.640+0000] {logging_mixin.py:188} INFO - [2025-04-26T02:11:39.640+0000] {dag.py:3823} INFO - Setting next_dagrun for sync_golden_layer_dag to 2025-04-26 06:00:00+00:00, run_after=2025-04-27 06:00:00+00:00
[2025-04-26T02:11:39.994+0000] {processor.py:183} INFO - Processing /opt/airflow/dags/sync_golden_layer_dag.py took 0.789 seconds
[2025-04-26T02:36:52.165+0000] {processor.py:161} INFO - Started process (PID=92627) to work on /opt/airflow/dags/sync_golden_layer_dag.py
[2025-04-26T02:36:52.169+0000] {processor.py:830} INFO - Processing file /opt/airflow/dags/sync_golden_layer_dag.py for tasks to queue
[2025-04-26T02:36:52.171+0000] {logging_mixin.py:188} INFO - [2025-04-26T02:36:52.170+0000] {dagbag.py:538} INFO - Filling up the DagBag from /opt/airflow/dags/sync_golden_layer_dag.py
[2025-04-26T02:36:52.298+0000] {processor.py:840} INFO - DAG(s) 'sync_golden_layer_dag' retrieved from /opt/airflow/dags/sync_golden_layer_dag.py
[2025-04-26T02:36:52.501+0000] {logging_mixin.py:188} INFO - [2025-04-26T02:36:52.501+0000] {dag.py:3036} INFO - Sync 1 DAGs
[2025-04-26T02:36:52.533+0000] {logging_mixin.py:188} INFO - [2025-04-26T02:36:52.533+0000] {dag.py:3823} INFO - Setting next_dagrun for sync_golden_layer_dag to 2025-04-26 06:00:00+00:00, run_after=2025-04-27 06:00:00+00:00
[2025-04-26T02:36:52.548+0000] {processor.py:183} INFO - Processing /opt/airflow/dags/sync_golden_layer_dag.py took 0.413 seconds
[2025-04-26T02:38:50.032+0000] {processor.py:161} INFO - Started process (PID=92652) to work on /opt/airflow/dags/sync_golden_layer_dag.py
[2025-04-26T02:38:50.036+0000] {processor.py:830} INFO - Processing file /opt/airflow/dags/sync_golden_layer_dag.py for tasks to queue
[2025-04-26T02:38:50.039+0000] {logging_mixin.py:188} INFO - [2025-04-26T02:38:50.038+0000] {dagbag.py:538} INFO - Filling up the DagBag from /opt/airflow/dags/sync_golden_layer_dag.py
[2025-04-26T02:38:50.089+0000] {processor.py:840} INFO - DAG(s) 'sync_golden_layer_dag' retrieved from /opt/airflow/dags/sync_golden_layer_dag.py
[2025-04-26T02:38:50.265+0000] {logging_mixin.py:188} INFO - [2025-04-26T02:38:50.265+0000] {dag.py:3036} INFO - Sync 1 DAGs
[2025-04-26T02:38:50.290+0000] {logging_mixin.py:188} INFO - [2025-04-26T02:38:50.289+0000] {dag.py:3823} INFO - Setting next_dagrun for sync_golden_layer_dag to 2025-04-26 06:00:00+00:00, run_after=2025-04-27 06:00:00+00:00
[2025-04-26T02:38:50.311+0000] {processor.py:183} INFO - Processing /opt/airflow/dags/sync_golden_layer_dag.py took 0.295 seconds
[2025-04-26T02:40:11.982+0000] {processor.py:161} INFO - Started process (PID=92675) to work on /opt/airflow/dags/sync_golden_layer_dag.py
[2025-04-26T02:40:11.985+0000] {processor.py:830} INFO - Processing file /opt/airflow/dags/sync_golden_layer_dag.py for tasks to queue
[2025-04-26T02:40:11.989+0000] {logging_mixin.py:188} INFO - [2025-04-26T02:40:11.989+0000] {dagbag.py:538} INFO - Filling up the DagBag from /opt/airflow/dags/sync_golden_layer_dag.py
[2025-04-26T02:40:12.048+0000] {processor.py:840} INFO - DAG(s) 'sync_golden_layer_dag' retrieved from /opt/airflow/dags/sync_golden_layer_dag.py
[2025-04-26T02:40:12.219+0000] {logging_mixin.py:188} INFO - [2025-04-26T02:40:12.219+0000] {dag.py:3036} INFO - Sync 1 DAGs
[2025-04-26T02:40:12.249+0000] {logging_mixin.py:188} INFO - [2025-04-26T02:40:12.249+0000] {dag.py:3823} INFO - Setting next_dagrun for sync_golden_layer_dag to 2025-04-26 06:00:00+00:00, run_after=2025-04-27 06:00:00+00:00
[2025-04-26T02:40:12.272+0000] {processor.py:183} INFO - Processing /opt/airflow/dags/sync_golden_layer_dag.py took 0.304 seconds
[2025-04-26T02:43:05.888+0000] {processor.py:161} INFO - Started process (PID=92698) to work on /opt/airflow/dags/sync_golden_layer_dag.py
[2025-04-26T02:43:05.896+0000] {processor.py:830} INFO - Processing file /opt/airflow/dags/sync_golden_layer_dag.py for tasks to queue
[2025-04-26T02:43:06.030+0000] {logging_mixin.py:188} INFO - [2025-04-26T02:43:05.904+0000] {dagbag.py:538} INFO - Filling up the DagBag from /opt/airflow/dags/sync_golden_layer_dag.py
[2025-04-26T02:43:06.144+0000] {processor.py:840} INFO - DAG(s) 'sync_golden_layer_dag' retrieved from /opt/airflow/dags/sync_golden_layer_dag.py
[2025-04-26T02:43:06.315+0000] {logging_mixin.py:188} INFO - [2025-04-26T02:43:06.315+0000] {dag.py:3036} INFO - Sync 1 DAGs
[2025-04-26T02:43:06.332+0000] {logging_mixin.py:188} INFO - [2025-04-26T02:43:06.332+0000] {dag.py:3823} INFO - Setting next_dagrun for sync_golden_layer_dag to 2025-04-26 06:00:00+00:00, run_after=2025-04-27 06:00:00+00:00
[2025-04-26T02:43:06.347+0000] {processor.py:183} INFO - Processing /opt/airflow/dags/sync_golden_layer_dag.py took 0.488 seconds
[2025-04-26T02:47:08.033+0000] {processor.py:161} INFO - Started process (PID=92721) to work on /opt/airflow/dags/sync_golden_layer_dag.py
[2025-04-26T02:47:08.041+0000] {processor.py:830} INFO - Processing file /opt/airflow/dags/sync_golden_layer_dag.py for tasks to queue
[2025-04-26T02:47:08.047+0000] {logging_mixin.py:188} INFO - [2025-04-26T02:47:08.046+0000] {dagbag.py:538} INFO - Filling up the DagBag from /opt/airflow/dags/sync_golden_layer_dag.py
[2025-04-26T02:47:08.105+0000] {processor.py:840} INFO - DAG(s) 'sync_golden_layer_dag' retrieved from /opt/airflow/dags/sync_golden_layer_dag.py
[2025-04-26T02:47:08.280+0000] {logging_mixin.py:188} INFO - [2025-04-26T02:47:08.280+0000] {dag.py:3036} INFO - Sync 1 DAGs
[2025-04-26T02:47:08.302+0000] {logging_mixin.py:188} INFO - [2025-04-26T02:47:08.302+0000] {dag.py:3823} INFO - Setting next_dagrun for sync_golden_layer_dag to 2025-04-26 06:00:00+00:00, run_after=2025-04-27 06:00:00+00:00
[2025-04-26T02:47:08.331+0000] {processor.py:183} INFO - Processing /opt/airflow/dags/sync_golden_layer_dag.py took 0.318 seconds
[2025-04-26T03:38:59.235+0000] {processor.py:161} INFO - Started process (PID=92746) to work on /opt/airflow/dags/sync_golden_layer_dag.py
[2025-04-26T03:38:59.242+0000] {processor.py:830} INFO - Processing file /opt/airflow/dags/sync_golden_layer_dag.py for tasks to queue
[2025-04-26T03:38:59.248+0000] {logging_mixin.py:188} INFO - [2025-04-26T03:38:59.247+0000] {dagbag.py:538} INFO - Filling up the DagBag from /opt/airflow/dags/sync_golden_layer_dag.py
[2025-04-26T03:38:59.324+0000] {processor.py:840} INFO - DAG(s) 'sync_golden_layer_dag' retrieved from /opt/airflow/dags/sync_golden_layer_dag.py
[2025-04-26T03:38:59.562+0000] {logging_mixin.py:188} INFO - [2025-04-26T03:38:59.562+0000] {dag.py:3036} INFO - Sync 1 DAGs
[2025-04-26T03:38:59.600+0000] {logging_mixin.py:188} INFO - [2025-04-26T03:38:59.600+0000] {dag.py:3823} INFO - Setting next_dagrun for sync_golden_layer_dag to 2025-04-26 06:00:00+00:00, run_after=2025-04-27 06:00:00+00:00
[2025-04-26T03:38:59.663+0000] {processor.py:183} INFO - Processing /opt/airflow/dags/sync_golden_layer_dag.py took 0.455 seconds
[2025-04-26T03:39:29.990+0000] {processor.py:161} INFO - Started process (PID=92769) to work on /opt/airflow/dags/sync_golden_layer_dag.py
[2025-04-26T03:39:29.992+0000] {processor.py:830} INFO - Processing file /opt/airflow/dags/sync_golden_layer_dag.py for tasks to queue
[2025-04-26T03:39:29.994+0000] {logging_mixin.py:188} INFO - [2025-04-26T03:39:29.993+0000] {dagbag.py:538} INFO - Filling up the DagBag from /opt/airflow/dags/sync_golden_layer_dag.py
[2025-04-26T03:39:30.045+0000] {processor.py:840} INFO - DAG(s) 'sync_golden_layer_dag' retrieved from /opt/airflow/dags/sync_golden_layer_dag.py
[2025-04-26T03:39:30.181+0000] {logging_mixin.py:188} INFO - [2025-04-26T03:39:30.181+0000] {dag.py:3036} INFO - Sync 1 DAGs
[2025-04-26T03:39:30.206+0000] {logging_mixin.py:188} INFO - [2025-04-26T03:39:30.205+0000] {dag.py:3823} INFO - Setting next_dagrun for sync_golden_layer_dag to 2025-04-26 06:00:00+00:00, run_after=2025-04-27 06:00:00+00:00
[2025-04-26T03:39:30.220+0000] {processor.py:183} INFO - Processing /opt/airflow/dags/sync_golden_layer_dag.py took 0.241 seconds
[2025-04-26T03:58:31.840+0000] {processor.py:161} INFO - Started process (PID=92792) to work on /opt/airflow/dags/sync_golden_layer_dag.py
[2025-04-26T03:58:31.842+0000] {processor.py:830} INFO - Processing file /opt/airflow/dags/sync_golden_layer_dag.py for tasks to queue
[2025-04-26T03:58:31.844+0000] {logging_mixin.py:188} INFO - [2025-04-26T03:58:31.843+0000] {dagbag.py:538} INFO - Filling up the DagBag from /opt/airflow/dags/sync_golden_layer_dag.py
[2025-04-26T03:58:31.892+0000] {processor.py:840} INFO - DAG(s) 'sync_golden_layer_dag' retrieved from /opt/airflow/dags/sync_golden_layer_dag.py
[2025-04-26T03:58:32.081+0000] {logging_mixin.py:188} INFO - [2025-04-26T03:58:32.080+0000] {dag.py:3036} INFO - Sync 1 DAGs
[2025-04-26T03:58:32.130+0000] {logging_mixin.py:188} INFO - [2025-04-26T03:58:32.130+0000] {dag.py:3823} INFO - Setting next_dagrun for sync_golden_layer_dag to 2025-04-26 06:00:00+00:00, run_after=2025-04-27 06:00:00+00:00
[2025-04-26T03:58:32.168+0000] {processor.py:183} INFO - Processing /opt/airflow/dags/sync_golden_layer_dag.py took 0.333 seconds
[2025-04-26T04:15:41.920+0000] {processor.py:161} INFO - Started process (PID=92817) to work on /opt/airflow/dags/sync_golden_layer_dag.py
[2025-04-26T04:15:41.927+0000] {processor.py:830} INFO - Processing file /opt/airflow/dags/sync_golden_layer_dag.py for tasks to queue
[2025-04-26T04:15:41.935+0000] {logging_mixin.py:188} INFO - [2025-04-26T04:15:41.935+0000] {dagbag.py:538} INFO - Filling up the DagBag from /opt/airflow/dags/sync_golden_layer_dag.py
[2025-04-26T04:15:42.051+0000] {processor.py:840} INFO - DAG(s) 'sync_golden_layer_dag' retrieved from /opt/airflow/dags/sync_golden_layer_dag.py
[2025-04-26T04:15:42.618+0000] {logging_mixin.py:188} INFO - [2025-04-26T04:15:42.617+0000] {dag.py:3036} INFO - Sync 1 DAGs
[2025-04-26T04:15:42.724+0000] {logging_mixin.py:188} INFO - [2025-04-26T04:15:42.723+0000] {dag.py:3823} INFO - Setting next_dagrun for sync_golden_layer_dag to 2025-04-26 06:00:00+00:00, run_after=2025-04-27 06:00:00+00:00
[2025-04-26T04:15:42.765+0000] {processor.py:183} INFO - Processing /opt/airflow/dags/sync_golden_layer_dag.py took 0.868 seconds
[2025-04-26T04:40:18.319+0000] {processor.py:161} INFO - Started process (PID=92840) to work on /opt/airflow/dags/sync_golden_layer_dag.py
[2025-04-26T04:40:18.321+0000] {processor.py:830} INFO - Processing file /opt/airflow/dags/sync_golden_layer_dag.py for tasks to queue
[2025-04-26T04:40:18.323+0000] {logging_mixin.py:188} INFO - [2025-04-26T04:40:18.322+0000] {dagbag.py:538} INFO - Filling up the DagBag from /opt/airflow/dags/sync_golden_layer_dag.py
[2025-04-26T04:40:18.375+0000] {processor.py:840} INFO - DAG(s) 'sync_golden_layer_dag' retrieved from /opt/airflow/dags/sync_golden_layer_dag.py
[2025-04-26T04:40:18.582+0000] {logging_mixin.py:188} INFO - [2025-04-26T04:40:18.581+0000] {dag.py:3036} INFO - Sync 1 DAGs
[2025-04-26T04:40:18.621+0000] {logging_mixin.py:188} INFO - [2025-04-26T04:40:18.621+0000] {dag.py:3823} INFO - Setting next_dagrun for sync_golden_layer_dag to 2025-04-26 06:00:00+00:00, run_after=2025-04-27 06:00:00+00:00
[2025-04-26T04:40:18.641+0000] {processor.py:183} INFO - Processing /opt/airflow/dags/sync_golden_layer_dag.py took 0.338 seconds
[2025-04-26T04:56:43.107+0000] {processor.py:161} INFO - Started process (PID=92864) to work on /opt/airflow/dags/sync_golden_layer_dag.py
[2025-04-26T04:56:43.109+0000] {processor.py:830} INFO - Processing file /opt/airflow/dags/sync_golden_layer_dag.py for tasks to queue
[2025-04-26T04:56:43.110+0000] {logging_mixin.py:188} INFO - [2025-04-26T04:56:43.110+0000] {dagbag.py:538} INFO - Filling up the DagBag from /opt/airflow/dags/sync_golden_layer_dag.py
[2025-04-26T04:56:43.166+0000] {processor.py:840} INFO - DAG(s) 'sync_golden_layer_dag' retrieved from /opt/airflow/dags/sync_golden_layer_dag.py
[2025-04-26T04:56:43.487+0000] {logging_mixin.py:188} INFO - [2025-04-26T04:56:43.486+0000] {dag.py:3036} INFO - Sync 1 DAGs
[2025-04-26T04:56:43.552+0000] {logging_mixin.py:188} INFO - [2025-04-26T04:56:43.552+0000] {dag.py:3823} INFO - Setting next_dagrun for sync_golden_layer_dag to 2025-04-26 06:00:00+00:00, run_after=2025-04-27 06:00:00+00:00
[2025-04-26T04:56:43.613+0000] {processor.py:183} INFO - Processing /opt/airflow/dags/sync_golden_layer_dag.py took 0.516 seconds
[2025-04-26T05:41:10.110+0000] {processor.py:161} INFO - Started process (PID=92888) to work on /opt/airflow/dags/sync_golden_layer_dag.py
[2025-04-26T05:41:10.114+0000] {processor.py:830} INFO - Processing file /opt/airflow/dags/sync_golden_layer_dag.py for tasks to queue
[2025-04-26T05:41:10.117+0000] {logging_mixin.py:188} INFO - [2025-04-26T05:41:10.116+0000] {dagbag.py:538} INFO - Filling up the DagBag from /opt/airflow/dags/sync_golden_layer_dag.py
[2025-04-26T05:41:10.185+0000] {processor.py:840} INFO - DAG(s) 'sync_golden_layer_dag' retrieved from /opt/airflow/dags/sync_golden_layer_dag.py
[2025-04-26T05:41:10.453+0000] {logging_mixin.py:188} INFO - [2025-04-26T05:41:10.450+0000] {dag.py:3036} INFO - Sync 1 DAGs
[2025-04-26T05:41:10.519+0000] {logging_mixin.py:188} INFO - [2025-04-26T05:41:10.519+0000] {dag.py:3823} INFO - Setting next_dagrun for sync_golden_layer_dag to 2025-04-26 06:00:00+00:00, run_after=2025-04-27 06:00:00+00:00
[2025-04-26T05:41:10.560+0000] {processor.py:183} INFO - Processing /opt/airflow/dags/sync_golden_layer_dag.py took 0.480 seconds
[2025-04-26T05:41:41.544+0000] {processor.py:161} INFO - Started process (PID=92910) to work on /opt/airflow/dags/sync_golden_layer_dag.py
[2025-04-26T05:41:41.552+0000] {processor.py:830} INFO - Processing file /opt/airflow/dags/sync_golden_layer_dag.py for tasks to queue
[2025-04-26T05:41:41.554+0000] {logging_mixin.py:188} INFO - [2025-04-26T05:41:41.553+0000] {dagbag.py:538} INFO - Filling up the DagBag from /opt/airflow/dags/sync_golden_layer_dag.py
[2025-04-26T05:41:41.603+0000] {processor.py:840} INFO - DAG(s) 'sync_golden_layer_dag' retrieved from /opt/airflow/dags/sync_golden_layer_dag.py
[2025-04-26T05:41:41.746+0000] {logging_mixin.py:188} INFO - [2025-04-26T05:41:41.745+0000] {dag.py:3036} INFO - Sync 1 DAGs
[2025-04-26T05:41:41.776+0000] {logging_mixin.py:188} INFO - [2025-04-26T05:41:41.775+0000] {dag.py:3823} INFO - Setting next_dagrun for sync_golden_layer_dag to 2025-04-26 06:00:00+00:00, run_after=2025-04-27 06:00:00+00:00
[2025-04-26T05:41:41.797+0000] {processor.py:183} INFO - Processing /opt/airflow/dags/sync_golden_layer_dag.py took 0.273 seconds
[2025-04-26T06:15:34.348+0000] {processor.py:161} INFO - Started process (PID=92935) to work on /opt/airflow/dags/sync_golden_layer_dag.py
[2025-04-26T06:15:34.387+0000] {processor.py:830} INFO - Processing file /opt/airflow/dags/sync_golden_layer_dag.py for tasks to queue
[2025-04-26T06:15:34.393+0000] {logging_mixin.py:188} INFO - [2025-04-26T06:15:34.393+0000] {dagbag.py:538} INFO - Filling up the DagBag from /opt/airflow/dags/sync_golden_layer_dag.py
[2025-04-26T06:15:34.768+0000] {processor.py:840} INFO - DAG(s) 'sync_golden_layer_dag' retrieved from /opt/airflow/dags/sync_golden_layer_dag.py
[2025-04-26T06:15:35.285+0000] {logging_mixin.py:188} INFO - [2025-04-26T06:15:35.285+0000] {dag.py:3036} INFO - Sync 1 DAGs
[2025-04-26T06:15:35.389+0000] {logging_mixin.py:188} INFO - [2025-04-26T06:15:35.388+0000] {dag.py:3823} INFO - Setting next_dagrun for sync_golden_layer_dag to 2025-04-27 06:00:00+00:00, run_after=2025-04-28 06:00:00+00:00
[2025-04-26T06:15:35.432+0000] {processor.py:183} INFO - Processing /opt/airflow/dags/sync_golden_layer_dag.py took 1.116 seconds
[2025-04-26T06:42:23.230+0000] {processor.py:161} INFO - Started process (PID=92958) to work on /opt/airflow/dags/sync_golden_layer_dag.py
[2025-04-26T06:42:23.236+0000] {processor.py:830} INFO - Processing file /opt/airflow/dags/sync_golden_layer_dag.py for tasks to queue
[2025-04-26T06:42:23.244+0000] {logging_mixin.py:188} INFO - [2025-04-26T06:42:23.242+0000] {dagbag.py:538} INFO - Filling up the DagBag from /opt/airflow/dags/sync_golden_layer_dag.py
[2025-04-26T06:42:23.308+0000] {processor.py:840} INFO - DAG(s) 'sync_golden_layer_dag' retrieved from /opt/airflow/dags/sync_golden_layer_dag.py
[2025-04-26T06:42:24.144+0000] {logging_mixin.py:188} INFO - [2025-04-26T06:42:24.136+0000] {dag.py:3036} INFO - Sync 1 DAGs
[2025-04-26T06:42:24.191+0000] {logging_mixin.py:188} INFO - [2025-04-26T06:42:24.191+0000] {dag.py:3823} INFO - Setting next_dagrun for sync_golden_layer_dag to 2025-04-27 06:00:00+00:00, run_after=2025-04-28 06:00:00+00:00
[2025-04-26T06:42:24.221+0000] {processor.py:183} INFO - Processing /opt/airflow/dags/sync_golden_layer_dag.py took 1.052 seconds
[2025-04-26T06:59:01.705+0000] {processor.py:161} INFO - Started process (PID=92981) to work on /opt/airflow/dags/sync_golden_layer_dag.py
[2025-04-26T06:59:01.713+0000] {processor.py:830} INFO - Processing file /opt/airflow/dags/sync_golden_layer_dag.py for tasks to queue
[2025-04-26T06:59:01.735+0000] {logging_mixin.py:188} INFO - [2025-04-26T06:59:01.718+0000] {dagbag.py:538} INFO - Filling up the DagBag from /opt/airflow/dags/sync_golden_layer_dag.py
[2025-04-26T06:59:02.015+0000] {processor.py:840} INFO - DAG(s) 'sync_golden_layer_dag' retrieved from /opt/airflow/dags/sync_golden_layer_dag.py
[2025-04-26T06:59:02.335+0000] {logging_mixin.py:188} INFO - [2025-04-26T06:59:02.335+0000] {dag.py:3036} INFO - Sync 1 DAGs
[2025-04-26T06:59:02.362+0000] {logging_mixin.py:188} INFO - [2025-04-26T06:59:02.361+0000] {dag.py:3823} INFO - Setting next_dagrun for sync_golden_layer_dag to 2025-04-27 06:00:00+00:00, run_after=2025-04-28 06:00:00+00:00
[2025-04-26T06:59:02.381+0000] {processor.py:183} INFO - Processing /opt/airflow/dags/sync_golden_layer_dag.py took 0.713 seconds
[2025-04-26T07:30:40.954+0000] {processor.py:161} INFO - Started process (PID=93004) to work on /opt/airflow/dags/sync_golden_layer_dag.py
[2025-04-26T07:30:40.959+0000] {processor.py:830} INFO - Processing file /opt/airflow/dags/sync_golden_layer_dag.py for tasks to queue
[2025-04-26T07:30:40.962+0000] {logging_mixin.py:188} INFO - [2025-04-26T07:30:40.962+0000] {dagbag.py:538} INFO - Filling up the DagBag from /opt/airflow/dags/sync_golden_layer_dag.py
[2025-04-26T07:30:41.074+0000] {processor.py:840} INFO - DAG(s) 'sync_golden_layer_dag' retrieved from /opt/airflow/dags/sync_golden_layer_dag.py
[2025-04-26T07:30:41.309+0000] {logging_mixin.py:188} INFO - [2025-04-26T07:30:41.309+0000] {dag.py:3036} INFO - Sync 1 DAGs
[2025-04-26T07:30:41.339+0000] {logging_mixin.py:188} INFO - [2025-04-26T07:30:41.338+0000] {dag.py:3823} INFO - Setting next_dagrun for sync_golden_layer_dag to 2025-04-27 06:00:00+00:00, run_after=2025-04-28 06:00:00+00:00
[2025-04-26T07:30:41.364+0000] {processor.py:183} INFO - Processing /opt/airflow/dags/sync_golden_layer_dag.py took 0.465 seconds
[2025-04-26T07:43:26.791+0000] {processor.py:161} INFO - Started process (PID=93029) to work on /opt/airflow/dags/sync_golden_layer_dag.py
[2025-04-26T07:43:26.800+0000] {processor.py:830} INFO - Processing file /opt/airflow/dags/sync_golden_layer_dag.py for tasks to queue
[2025-04-26T07:43:26.806+0000] {logging_mixin.py:188} INFO - [2025-04-26T07:43:26.804+0000] {dagbag.py:538} INFO - Filling up the DagBag from /opt/airflow/dags/sync_golden_layer_dag.py
[2025-04-26T07:43:26.889+0000] {processor.py:840} INFO - DAG(s) 'sync_golden_layer_dag' retrieved from /opt/airflow/dags/sync_golden_layer_dag.py
[2025-04-26T07:43:27.082+0000] {logging_mixin.py:188} INFO - [2025-04-26T07:43:27.082+0000] {dag.py:3036} INFO - Sync 1 DAGs
[2025-04-26T07:43:27.112+0000] {logging_mixin.py:188} INFO - [2025-04-26T07:43:27.112+0000] {dag.py:3823} INFO - Setting next_dagrun for sync_golden_layer_dag to 2025-04-27 06:00:00+00:00, run_after=2025-04-28 06:00:00+00:00
[2025-04-26T07:43:27.129+0000] {processor.py:183} INFO - Processing /opt/airflow/dags/sync_golden_layer_dag.py took 0.372 seconds
[2025-04-26T08:15:41.825+0000] {processor.py:161} INFO - Started process (PID=93052) to work on /opt/airflow/dags/sync_golden_layer_dag.py
[2025-04-26T08:15:41.840+0000] {processor.py:830} INFO - Processing file /opt/airflow/dags/sync_golden_layer_dag.py for tasks to queue
[2025-04-26T08:15:41.847+0000] {logging_mixin.py:188} INFO - [2025-04-26T08:15:41.845+0000] {dagbag.py:538} INFO - Filling up the DagBag from /opt/airflow/dags/sync_golden_layer_dag.py
[2025-04-26T08:15:42.082+0000] {processor.py:840} INFO - DAG(s) 'sync_golden_layer_dag' retrieved from /opt/airflow/dags/sync_golden_layer_dag.py
[2025-04-26T08:15:43.245+0000] {logging_mixin.py:188} INFO - [2025-04-26T08:15:43.235+0000] {dag.py:3036} INFO - Sync 1 DAGs
[2025-04-26T08:15:43.336+0000] {logging_mixin.py:188} INFO - [2025-04-26T08:15:43.336+0000] {dag.py:3823} INFO - Setting next_dagrun for sync_golden_layer_dag to 2025-04-27 06:00:00+00:00, run_after=2025-04-28 06:00:00+00:00
[2025-04-26T08:15:43.402+0000] {processor.py:183} INFO - Processing /opt/airflow/dags/sync_golden_layer_dag.py took 1.591 seconds
[2025-04-26T08:44:24.617+0000] {processor.py:161} INFO - Started process (PID=93075) to work on /opt/airflow/dags/sync_golden_layer_dag.py
[2025-04-26T08:44:24.620+0000] {processor.py:830} INFO - Processing file /opt/airflow/dags/sync_golden_layer_dag.py for tasks to queue
[2025-04-26T08:44:24.628+0000] {logging_mixin.py:188} INFO - [2025-04-26T08:44:24.627+0000] {dagbag.py:538} INFO - Filling up the DagBag from /opt/airflow/dags/sync_golden_layer_dag.py
[2025-04-26T08:44:24.770+0000] {processor.py:840} INFO - DAG(s) 'sync_golden_layer_dag' retrieved from /opt/airflow/dags/sync_golden_layer_dag.py
[2025-04-26T08:44:25.201+0000] {logging_mixin.py:188} INFO - [2025-04-26T08:44:25.201+0000] {dag.py:3036} INFO - Sync 1 DAGs
[2025-04-26T08:44:25.233+0000] {logging_mixin.py:188} INFO - [2025-04-26T08:44:25.232+0000] {dag.py:3823} INFO - Setting next_dagrun for sync_golden_layer_dag to 2025-04-27 06:00:00+00:00, run_after=2025-04-28 06:00:00+00:00
[2025-04-26T08:44:25.263+0000] {processor.py:183} INFO - Processing /opt/airflow/dags/sync_golden_layer_dag.py took 0.695 seconds
[2025-04-26T09:14:54.404+0000] {processor.py:161} INFO - Started process (PID=93098) to work on /opt/airflow/dags/sync_golden_layer_dag.py
[2025-04-26T09:14:54.408+0000] {processor.py:830} INFO - Processing file /opt/airflow/dags/sync_golden_layer_dag.py for tasks to queue
[2025-04-26T09:14:54.412+0000] {logging_mixin.py:188} INFO - [2025-04-26T09:14:54.411+0000] {dagbag.py:538} INFO - Filling up the DagBag from /opt/airflow/dags/sync_golden_layer_dag.py
[2025-04-26T09:14:54.533+0000] {processor.py:840} INFO - DAG(s) 'sync_golden_layer_dag' retrieved from /opt/airflow/dags/sync_golden_layer_dag.py
[2025-04-26T09:14:54.801+0000] {logging_mixin.py:188} INFO - [2025-04-26T09:14:54.801+0000] {dag.py:3036} INFO - Sync 1 DAGs
[2025-04-26T09:14:54.851+0000] {logging_mixin.py:188} INFO - [2025-04-26T09:14:54.851+0000] {dag.py:3823} INFO - Setting next_dagrun for sync_golden_layer_dag to 2025-04-27 06:00:00+00:00, run_after=2025-04-28 06:00:00+00:00
[2025-04-26T09:14:54.879+0000] {processor.py:183} INFO - Processing /opt/airflow/dags/sync_golden_layer_dag.py took 0.493 seconds
[2025-04-26T09:15:25.142+0000] {processor.py:161} INFO - Started process (PID=93121) to work on /opt/airflow/dags/sync_golden_layer_dag.py
[2025-04-26T09:15:25.146+0000] {processor.py:830} INFO - Processing file /opt/airflow/dags/sync_golden_layer_dag.py for tasks to queue
[2025-04-26T09:15:25.147+0000] {logging_mixin.py:188} INFO - [2025-04-26T09:15:25.146+0000] {dagbag.py:538} INFO - Filling up the DagBag from /opt/airflow/dags/sync_golden_layer_dag.py
[2025-04-26T09:15:25.181+0000] {processor.py:840} INFO - DAG(s) 'sync_golden_layer_dag' retrieved from /opt/airflow/dags/sync_golden_layer_dag.py
[2025-04-26T09:15:25.342+0000] {logging_mixin.py:188} INFO - [2025-04-26T09:15:25.342+0000] {dag.py:3036} INFO - Sync 1 DAGs
[2025-04-26T09:15:25.365+0000] {logging_mixin.py:188} INFO - [2025-04-26T09:15:25.365+0000] {dag.py:3823} INFO - Setting next_dagrun for sync_golden_layer_dag to 2025-04-27 06:00:00+00:00, run_after=2025-04-28 06:00:00+00:00
[2025-04-26T09:15:25.392+0000] {processor.py:183} INFO - Processing /opt/airflow/dags/sync_golden_layer_dag.py took 0.260 seconds
[2025-04-26T09:20:46.739+0000] {processor.py:161} INFO - Started process (PID=93144) to work on /opt/airflow/dags/sync_golden_layer_dag.py
[2025-04-26T09:20:46.749+0000] {processor.py:830} INFO - Processing file /opt/airflow/dags/sync_golden_layer_dag.py for tasks to queue
[2025-04-26T09:20:46.752+0000] {logging_mixin.py:188} INFO - [2025-04-26T09:20:46.752+0000] {dagbag.py:538} INFO - Filling up the DagBag from /opt/airflow/dags/sync_golden_layer_dag.py
[2025-04-26T09:20:46.944+0000] {processor.py:840} INFO - DAG(s) 'sync_golden_layer_dag' retrieved from /opt/airflow/dags/sync_golden_layer_dag.py
[2025-04-26T09:20:47.417+0000] {logging_mixin.py:188} INFO - [2025-04-26T09:20:47.417+0000] {dag.py:3036} INFO - Sync 1 DAGs
[2025-04-26T09:20:47.469+0000] {logging_mixin.py:188} INFO - [2025-04-26T09:20:47.469+0000] {dag.py:3823} INFO - Setting next_dagrun for sync_golden_layer_dag to 2025-04-27 06:00:00+00:00, run_after=2025-04-28 06:00:00+00:00
[2025-04-26T09:20:47.487+0000] {processor.py:183} INFO - Processing /opt/airflow/dags/sync_golden_layer_dag.py took 0.804 seconds
[2025-04-26T09:21:18.403+0000] {processor.py:161} INFO - Started process (PID=93167) to work on /opt/airflow/dags/sync_golden_layer_dag.py
[2025-04-26T09:21:18.410+0000] {processor.py:830} INFO - Processing file /opt/airflow/dags/sync_golden_layer_dag.py for tasks to queue
[2025-04-26T09:21:18.415+0000] {logging_mixin.py:188} INFO - [2025-04-26T09:21:18.414+0000] {dagbag.py:538} INFO - Filling up the DagBag from /opt/airflow/dags/sync_golden_layer_dag.py
[2025-04-26T09:21:18.485+0000] {processor.py:840} INFO - DAG(s) 'sync_golden_layer_dag' retrieved from /opt/airflow/dags/sync_golden_layer_dag.py
[2025-04-26T09:21:18.698+0000] {logging_mixin.py:188} INFO - [2025-04-26T09:21:18.698+0000] {dag.py:3036} INFO - Sync 1 DAGs
[2025-04-26T09:21:18.735+0000] {logging_mixin.py:188} INFO - [2025-04-26T09:21:18.735+0000] {dag.py:3823} INFO - Setting next_dagrun for sync_golden_layer_dag to 2025-04-27 06:00:00+00:00, run_after=2025-04-28 06:00:00+00:00
[2025-04-26T09:21:18.755+0000] {processor.py:183} INFO - Processing /opt/airflow/dags/sync_golden_layer_dag.py took 0.372 seconds
[2025-04-26T09:39:17.468+0000] {processor.py:161} INFO - Started process (PID=93190) to work on /opt/airflow/dags/sync_golden_layer_dag.py
[2025-04-26T09:39:17.476+0000] {processor.py:830} INFO - Processing file /opt/airflow/dags/sync_golden_layer_dag.py for tasks to queue
[2025-04-26T09:39:17.483+0000] {logging_mixin.py:188} INFO - [2025-04-26T09:39:17.482+0000] {dagbag.py:538} INFO - Filling up the DagBag from /opt/airflow/dags/sync_golden_layer_dag.py
[2025-04-26T09:39:17.577+0000] {processor.py:840} INFO - DAG(s) 'sync_golden_layer_dag' retrieved from /opt/airflow/dags/sync_golden_layer_dag.py
[2025-04-26T09:39:17.805+0000] {logging_mixin.py:188} INFO - [2025-04-26T09:39:17.804+0000] {dag.py:3036} INFO - Sync 1 DAGs
[2025-04-26T09:39:17.889+0000] {logging_mixin.py:188} INFO - [2025-04-26T09:39:17.888+0000] {dag.py:3823} INFO - Setting next_dagrun for sync_golden_layer_dag to 2025-04-27 06:00:00+00:00, run_after=2025-04-28 06:00:00+00:00
[2025-04-26T09:39:17.926+0000] {processor.py:183} INFO - Processing /opt/airflow/dags/sync_golden_layer_dag.py took 0.475 seconds
[2025-04-26T09:45:29.116+0000] {processor.py:161} INFO - Started process (PID=93215) to work on /opt/airflow/dags/sync_golden_layer_dag.py
[2025-04-26T09:45:29.121+0000] {processor.py:830} INFO - Processing file /opt/airflow/dags/sync_golden_layer_dag.py for tasks to queue
[2025-04-26T09:45:29.126+0000] {logging_mixin.py:188} INFO - [2025-04-26T09:45:29.126+0000] {dagbag.py:538} INFO - Filling up the DagBag from /opt/airflow/dags/sync_golden_layer_dag.py
[2025-04-26T09:45:29.171+0000] {processor.py:840} INFO - DAG(s) 'sync_golden_layer_dag' retrieved from /opt/airflow/dags/sync_golden_layer_dag.py
[2025-04-26T09:45:29.514+0000] {logging_mixin.py:188} INFO - [2025-04-26T09:45:29.514+0000] {dag.py:3036} INFO - Sync 1 DAGs
[2025-04-26T09:45:29.550+0000] {logging_mixin.py:188} INFO - [2025-04-26T09:45:29.550+0000] {dag.py:3823} INFO - Setting next_dagrun for sync_golden_layer_dag to 2025-04-27 06:00:00+00:00, run_after=2025-04-28 06:00:00+00:00
[2025-04-26T09:45:29.582+0000] {processor.py:183} INFO - Processing /opt/airflow/dags/sync_golden_layer_dag.py took 0.490 seconds
[2025-04-26T09:48:39.723+0000] {processor.py:161} INFO - Started process (PID=93239) to work on /opt/airflow/dags/sync_golden_layer_dag.py
[2025-04-26T09:48:39.736+0000] {processor.py:830} INFO - Processing file /opt/airflow/dags/sync_golden_layer_dag.py for tasks to queue
[2025-04-26T09:48:39.745+0000] {logging_mixin.py:188} INFO - [2025-04-26T09:48:39.744+0000] {dagbag.py:538} INFO - Filling up the DagBag from /opt/airflow/dags/sync_golden_layer_dag.py
[2025-04-26T09:48:39.933+0000] {processor.py:840} INFO - DAG(s) 'sync_golden_layer_dag' retrieved from /opt/airflow/dags/sync_golden_layer_dag.py
[2025-04-26T09:48:40.153+0000] {logging_mixin.py:188} INFO - [2025-04-26T09:48:40.153+0000] {dag.py:3036} INFO - Sync 1 DAGs
[2025-04-26T09:48:40.181+0000] {logging_mixin.py:188} INFO - [2025-04-26T09:48:40.180+0000] {dag.py:3823} INFO - Setting next_dagrun for sync_golden_layer_dag to 2025-04-27 06:00:00+00:00, run_after=2025-04-28 06:00:00+00:00
[2025-04-26T09:48:40.214+0000] {processor.py:183} INFO - Processing /opt/airflow/dags/sync_golden_layer_dag.py took 0.501 seconds
[2025-04-26T09:49:10.302+0000] {processor.py:161} INFO - Started process (PID=93262) to work on /opt/airflow/dags/sync_golden_layer_dag.py
[2025-04-26T09:49:10.304+0000] {processor.py:830} INFO - Processing file /opt/airflow/dags/sync_golden_layer_dag.py for tasks to queue
[2025-04-26T09:49:10.305+0000] {logging_mixin.py:188} INFO - [2025-04-26T09:49:10.305+0000] {dagbag.py:538} INFO - Filling up the DagBag from /opt/airflow/dags/sync_golden_layer_dag.py
[2025-04-26T09:49:10.347+0000] {processor.py:840} INFO - DAG(s) 'sync_golden_layer_dag' retrieved from /opt/airflow/dags/sync_golden_layer_dag.py
[2025-04-26T09:49:10.479+0000] {logging_mixin.py:188} INFO - [2025-04-26T09:49:10.479+0000] {dag.py:3036} INFO - Sync 1 DAGs
[2025-04-26T09:49:10.507+0000] {logging_mixin.py:188} INFO - [2025-04-26T09:49:10.507+0000] {dag.py:3823} INFO - Setting next_dagrun for sync_golden_layer_dag to 2025-04-27 06:00:00+00:00, run_after=2025-04-28 06:00:00+00:00
[2025-04-26T09:49:10.520+0000] {processor.py:183} INFO - Processing /opt/airflow/dags/sync_golden_layer_dag.py took 0.225 seconds
[2025-04-26T09:49:41.944+0000] {processor.py:161} INFO - Started process (PID=93285) to work on /opt/airflow/dags/sync_golden_layer_dag.py
[2025-04-26T09:49:41.945+0000] {processor.py:830} INFO - Processing file /opt/airflow/dags/sync_golden_layer_dag.py for tasks to queue
[2025-04-26T09:49:41.948+0000] {logging_mixin.py:188} INFO - [2025-04-26T09:49:41.946+0000] {dagbag.py:538} INFO - Filling up the DagBag from /opt/airflow/dags/sync_golden_layer_dag.py
[2025-04-26T09:49:42.004+0000] {processor.py:840} INFO - DAG(s) 'sync_golden_layer_dag' retrieved from /opt/airflow/dags/sync_golden_layer_dag.py
[2025-04-26T09:49:42.176+0000] {logging_mixin.py:188} INFO - [2025-04-26T09:49:42.176+0000] {dag.py:3036} INFO - Sync 1 DAGs
[2025-04-26T09:49:42.205+0000] {logging_mixin.py:188} INFO - [2025-04-26T09:49:42.205+0000] {dag.py:3823} INFO - Setting next_dagrun for sync_golden_layer_dag to 2025-04-27 06:00:00+00:00, run_after=2025-04-28 06:00:00+00:00
[2025-04-26T09:49:42.218+0000] {processor.py:183} INFO - Processing /opt/airflow/dags/sync_golden_layer_dag.py took 0.279 seconds
[2025-04-26T09:54:49.668+0000] {processor.py:161} INFO - Started process (PID=93308) to work on /opt/airflow/dags/sync_golden_layer_dag.py
[2025-04-26T09:54:49.677+0000] {processor.py:830} INFO - Processing file /opt/airflow/dags/sync_golden_layer_dag.py for tasks to queue
[2025-04-26T09:54:49.679+0000] {logging_mixin.py:188} INFO - [2025-04-26T09:54:49.678+0000] {dagbag.py:538} INFO - Filling up the DagBag from /opt/airflow/dags/sync_golden_layer_dag.py
[2025-04-26T09:54:49.772+0000] {processor.py:840} INFO - DAG(s) 'sync_golden_layer_dag' retrieved from /opt/airflow/dags/sync_golden_layer_dag.py
[2025-04-26T09:54:50.175+0000] {logging_mixin.py:188} INFO - [2025-04-26T09:54:50.175+0000] {dag.py:3036} INFO - Sync 1 DAGs
[2025-04-26T09:54:50.217+0000] {logging_mixin.py:188} INFO - [2025-04-26T09:54:50.217+0000] {dag.py:3823} INFO - Setting next_dagrun for sync_golden_layer_dag to 2025-04-27 06:00:00+00:00, run_after=2025-04-28 06:00:00+00:00
[2025-04-26T09:54:50.271+0000] {processor.py:183} INFO - Processing /opt/airflow/dags/sync_golden_layer_dag.py took 0.636 seconds
[2025-04-26T10:43:02.555+0000] {processor.py:161} INFO - Started process (PID=93333) to work on /opt/airflow/dags/sync_golden_layer_dag.py
[2025-04-26T10:43:02.589+0000] {processor.py:830} INFO - Processing file /opt/airflow/dags/sync_golden_layer_dag.py for tasks to queue
[2025-04-26T10:43:02.591+0000] {logging_mixin.py:188} INFO - [2025-04-26T10:43:02.591+0000] {dagbag.py:538} INFO - Filling up the DagBag from /opt/airflow/dags/sync_golden_layer_dag.py
[2025-04-26T10:43:02.692+0000] {processor.py:840} INFO - DAG(s) 'sync_golden_layer_dag' retrieved from /opt/airflow/dags/sync_golden_layer_dag.py
[2025-04-26T10:43:03.069+0000] {logging_mixin.py:188} INFO - [2025-04-26T10:43:03.068+0000] {dag.py:3036} INFO - Sync 1 DAGs
[2025-04-26T10:43:03.134+0000] {logging_mixin.py:188} INFO - [2025-04-26T10:43:03.132+0000] {dag.py:3823} INFO - Setting next_dagrun for sync_golden_layer_dag to 2025-04-27 06:00:00+00:00, run_after=2025-04-28 06:00:00+00:00
[2025-04-26T10:43:03.197+0000] {processor.py:183} INFO - Processing /opt/airflow/dags/sync_golden_layer_dag.py took 0.665 seconds
[2025-04-26T11:19:56.165+0000] {processor.py:161} INFO - Started process (PID=93358) to work on /opt/airflow/dags/sync_golden_layer_dag.py
[2025-04-26T11:19:56.169+0000] {processor.py:830} INFO - Processing file /opt/airflow/dags/sync_golden_layer_dag.py for tasks to queue
[2025-04-26T11:19:56.206+0000] {logging_mixin.py:188} INFO - [2025-04-26T11:19:56.192+0000] {dagbag.py:538} INFO - Filling up the DagBag from /opt/airflow/dags/sync_golden_layer_dag.py
[2025-04-26T11:19:56.303+0000] {processor.py:840} INFO - DAG(s) 'sync_golden_layer_dag' retrieved from /opt/airflow/dags/sync_golden_layer_dag.py
[2025-04-26T11:19:56.486+0000] {logging_mixin.py:188} INFO - [2025-04-26T11:19:56.485+0000] {dag.py:3036} INFO - Sync 1 DAGs
[2025-04-26T11:19:56.508+0000] {logging_mixin.py:188} INFO - [2025-04-26T11:19:56.508+0000] {dag.py:3823} INFO - Setting next_dagrun for sync_golden_layer_dag to 2025-04-27 06:00:00+00:00, run_after=2025-04-28 06:00:00+00:00
[2025-04-26T11:19:56.525+0000] {processor.py:183} INFO - Processing /opt/airflow/dags/sync_golden_layer_dag.py took 0.375 seconds
[2025-04-26T11:36:39.045+0000] {processor.py:161} INFO - Started process (PID=93381) to work on /opt/airflow/dags/sync_golden_layer_dag.py
[2025-04-26T11:36:39.050+0000] {processor.py:830} INFO - Processing file /opt/airflow/dags/sync_golden_layer_dag.py for tasks to queue
[2025-04-26T11:36:39.053+0000] {logging_mixin.py:188} INFO - [2025-04-26T11:36:39.053+0000] {dagbag.py:538} INFO - Filling up the DagBag from /opt/airflow/dags/sync_golden_layer_dag.py
[2025-04-26T11:36:39.098+0000] {processor.py:840} INFO - DAG(s) 'sync_golden_layer_dag' retrieved from /opt/airflow/dags/sync_golden_layer_dag.py
[2025-04-26T11:36:39.327+0000] {logging_mixin.py:188} INFO - [2025-04-26T11:36:39.327+0000] {dag.py:3036} INFO - Sync 1 DAGs
[2025-04-26T11:36:39.409+0000] {logging_mixin.py:188} INFO - [2025-04-26T11:36:39.408+0000] {dag.py:3823} INFO - Setting next_dagrun for sync_golden_layer_dag to 2025-04-27 06:00:00+00:00, run_after=2025-04-28 06:00:00+00:00
[2025-04-26T11:36:39.450+0000] {processor.py:183} INFO - Processing /opt/airflow/dags/sync_golden_layer_dag.py took 0.430 seconds
[2025-04-26T11:47:28.610+0000] {processor.py:161} INFO - Started process (PID=93406) to work on /opt/airflow/dags/sync_golden_layer_dag.py
[2025-04-26T11:47:28.617+0000] {processor.py:830} INFO - Processing file /opt/airflow/dags/sync_golden_layer_dag.py for tasks to queue
[2025-04-26T11:47:28.619+0000] {logging_mixin.py:188} INFO - [2025-04-26T11:47:28.618+0000] {dagbag.py:538} INFO - Filling up the DagBag from /opt/airflow/dags/sync_golden_layer_dag.py
[2025-04-26T11:47:28.675+0000] {processor.py:840} INFO - DAG(s) 'sync_golden_layer_dag' retrieved from /opt/airflow/dags/sync_golden_layer_dag.py
[2025-04-26T11:47:28.996+0000] {logging_mixin.py:188} INFO - [2025-04-26T11:47:28.995+0000] {dag.py:3036} INFO - Sync 1 DAGs
[2025-04-26T11:47:29.083+0000] {logging_mixin.py:188} INFO - [2025-04-26T11:47:29.083+0000] {dag.py:3823} INFO - Setting next_dagrun for sync_golden_layer_dag to 2025-04-27 06:00:00+00:00, run_after=2025-04-28 06:00:00+00:00
[2025-04-26T11:47:29.142+0000] {processor.py:183} INFO - Processing /opt/airflow/dags/sync_golden_layer_dag.py took 0.552 seconds
[2025-04-26T12:11:12.415+0000] {processor.py:161} INFO - Started process (PID=93429) to work on /opt/airflow/dags/sync_golden_layer_dag.py
[2025-04-26T12:11:12.418+0000] {processor.py:830} INFO - Processing file /opt/airflow/dags/sync_golden_layer_dag.py for tasks to queue
[2025-04-26T12:11:12.422+0000] {logging_mixin.py:188} INFO - [2025-04-26T12:11:12.421+0000] {dagbag.py:538} INFO - Filling up the DagBag from /opt/airflow/dags/sync_golden_layer_dag.py
[2025-04-26T12:11:12.478+0000] {processor.py:840} INFO - DAG(s) 'sync_golden_layer_dag' retrieved from /opt/airflow/dags/sync_golden_layer_dag.py
[2025-04-26T12:11:12.766+0000] {logging_mixin.py:188} INFO - [2025-04-26T12:11:12.765+0000] {dag.py:3036} INFO - Sync 1 DAGs
[2025-04-26T12:11:12.885+0000] {logging_mixin.py:188} INFO - [2025-04-26T12:11:12.883+0000] {dag.py:3823} INFO - Setting next_dagrun for sync_golden_layer_dag to 2025-04-27 06:00:00+00:00, run_after=2025-04-28 06:00:00+00:00
[2025-04-26T12:11:13.004+0000] {processor.py:183} INFO - Processing /opt/airflow/dags/sync_golden_layer_dag.py took 0.597 seconds
[2025-04-26T12:11:43.669+0000] {processor.py:161} INFO - Started process (PID=93452) to work on /opt/airflow/dags/sync_golden_layer_dag.py
[2025-04-26T12:11:43.677+0000] {processor.py:830} INFO - Processing file /opt/airflow/dags/sync_golden_layer_dag.py for tasks to queue
[2025-04-26T12:11:43.679+0000] {logging_mixin.py:188} INFO - [2025-04-26T12:11:43.678+0000] {dagbag.py:538} INFO - Filling up the DagBag from /opt/airflow/dags/sync_golden_layer_dag.py
[2025-04-26T12:11:43.707+0000] {processor.py:840} INFO - DAG(s) 'sync_golden_layer_dag' retrieved from /opt/airflow/dags/sync_golden_layer_dag.py
[2025-04-26T12:11:43.833+0000] {logging_mixin.py:188} INFO - [2025-04-26T12:11:43.833+0000] {dag.py:3036} INFO - Sync 1 DAGs
[2025-04-26T12:11:43.848+0000] {logging_mixin.py:188} INFO - [2025-04-26T12:11:43.848+0000] {dag.py:3823} INFO - Setting next_dagrun for sync_golden_layer_dag to 2025-04-27 06:00:00+00:00, run_after=2025-04-28 06:00:00+00:00
[2025-04-26T12:11:43.876+0000] {processor.py:183} INFO - Processing /opt/airflow/dags/sync_golden_layer_dag.py took 0.219 seconds
[2025-04-26T12:47:59.959+0000] {processor.py:161} INFO - Started process (PID=93475) to work on /opt/airflow/dags/sync_golden_layer_dag.py
[2025-04-26T12:47:59.963+0000] {processor.py:830} INFO - Processing file /opt/airflow/dags/sync_golden_layer_dag.py for tasks to queue
[2025-04-26T12:47:59.971+0000] {logging_mixin.py:188} INFO - [2025-04-26T12:47:59.968+0000] {dagbag.py:538} INFO - Filling up the DagBag from /opt/airflow/dags/sync_golden_layer_dag.py
[2025-04-26T12:48:00.026+0000] {processor.py:840} INFO - DAG(s) 'sync_golden_layer_dag' retrieved from /opt/airflow/dags/sync_golden_layer_dag.py
[2025-04-26T12:48:00.360+0000] {logging_mixin.py:188} INFO - [2025-04-26T12:48:00.360+0000] {dag.py:3036} INFO - Sync 1 DAGs
[2025-04-26T12:48:00.433+0000] {logging_mixin.py:188} INFO - [2025-04-26T12:48:00.432+0000] {dag.py:3823} INFO - Setting next_dagrun for sync_golden_layer_dag to 2025-04-27 06:00:00+00:00, run_after=2025-04-28 06:00:00+00:00
[2025-04-26T12:48:00.480+0000] {processor.py:183} INFO - Processing /opt/airflow/dags/sync_golden_layer_dag.py took 0.536 seconds
[2025-04-26T13:21:33.741+0000] {processor.py:161} INFO - Started process (PID=93499) to work on /opt/airflow/dags/sync_golden_layer_dag.py
[2025-04-26T13:21:33.751+0000] {processor.py:830} INFO - Processing file /opt/airflow/dags/sync_golden_layer_dag.py for tasks to queue
[2025-04-26T13:21:33.757+0000] {logging_mixin.py:188} INFO - [2025-04-26T13:21:33.757+0000] {dagbag.py:538} INFO - Filling up the DagBag from /opt/airflow/dags/sync_golden_layer_dag.py
[2025-04-26T13:21:33.843+0000] {processor.py:840} INFO - DAG(s) 'sync_golden_layer_dag' retrieved from /opt/airflow/dags/sync_golden_layer_dag.py
[2025-04-26T13:21:34.017+0000] {logging_mixin.py:188} INFO - [2025-04-26T13:21:34.017+0000] {dag.py:3036} INFO - Sync 1 DAGs
[2025-04-26T13:21:34.042+0000] {logging_mixin.py:188} INFO - [2025-04-26T13:21:34.042+0000] {dag.py:3823} INFO - Setting next_dagrun for sync_golden_layer_dag to 2025-04-27 06:00:00+00:00, run_after=2025-04-28 06:00:00+00:00
[2025-04-26T13:21:34.060+0000] {processor.py:183} INFO - Processing /opt/airflow/dags/sync_golden_layer_dag.py took 0.391 seconds
[2025-04-26T13:26:42.584+0000] {processor.py:161} INFO - Started process (PID=93522) to work on /opt/airflow/dags/sync_golden_layer_dag.py
[2025-04-26T13:26:42.595+0000] {processor.py:830} INFO - Processing file /opt/airflow/dags/sync_golden_layer_dag.py for tasks to queue
[2025-04-26T13:26:42.598+0000] {logging_mixin.py:188} INFO - [2025-04-26T13:26:42.597+0000] {dagbag.py:538} INFO - Filling up the DagBag from /opt/airflow/dags/sync_golden_layer_dag.py
[2025-04-26T13:26:42.684+0000] {processor.py:840} INFO - DAG(s) 'sync_golden_layer_dag' retrieved from /opt/airflow/dags/sync_golden_layer_dag.py
[2025-04-26T13:26:42.997+0000] {logging_mixin.py:188} INFO - [2025-04-26T13:26:42.997+0000] {dag.py:3036} INFO - Sync 1 DAGs
[2025-04-26T13:26:43.034+0000] {logging_mixin.py:188} INFO - [2025-04-26T13:26:43.034+0000] {dag.py:3823} INFO - Setting next_dagrun for sync_golden_layer_dag to 2025-04-27 06:00:00+00:00, run_after=2025-04-28 06:00:00+00:00
[2025-04-26T13:26:43.060+0000] {processor.py:183} INFO - Processing /opt/airflow/dags/sync_golden_layer_dag.py took 0.499 seconds
[2025-04-26T13:27:13.237+0000] {processor.py:161} INFO - Started process (PID=93545) to work on /opt/airflow/dags/sync_golden_layer_dag.py
[2025-04-26T13:27:13.242+0000] {processor.py:830} INFO - Processing file /opt/airflow/dags/sync_golden_layer_dag.py for tasks to queue
[2025-04-26T13:27:13.244+0000] {logging_mixin.py:188} INFO - [2025-04-26T13:27:13.243+0000] {dagbag.py:538} INFO - Filling up the DagBag from /opt/airflow/dags/sync_golden_layer_dag.py
[2025-04-26T13:27:13.290+0000] {processor.py:840} INFO - DAG(s) 'sync_golden_layer_dag' retrieved from /opt/airflow/dags/sync_golden_layer_dag.py
[2025-04-26T13:27:13.434+0000] {logging_mixin.py:188} INFO - [2025-04-26T13:27:13.434+0000] {dag.py:3036} INFO - Sync 1 DAGs
[2025-04-26T13:27:13.462+0000] {logging_mixin.py:188} INFO - [2025-04-26T13:27:13.462+0000] {dag.py:3823} INFO - Setting next_dagrun for sync_golden_layer_dag to 2025-04-27 06:00:00+00:00, run_after=2025-04-28 06:00:00+00:00
[2025-04-26T13:27:13.477+0000] {processor.py:183} INFO - Processing /opt/airflow/dags/sync_golden_layer_dag.py took 0.247 seconds
[2025-04-26T13:28:03.393+0000] {processor.py:161} INFO - Started process (PID=93570) to work on /opt/airflow/dags/sync_golden_layer_dag.py
[2025-04-26T13:28:03.399+0000] {processor.py:830} INFO - Processing file /opt/airflow/dags/sync_golden_layer_dag.py for tasks to queue
[2025-04-26T13:28:03.401+0000] {logging_mixin.py:188} INFO - [2025-04-26T13:28:03.400+0000] {dagbag.py:538} INFO - Filling up the DagBag from /opt/airflow/dags/sync_golden_layer_dag.py
[2025-04-26T13:28:03.443+0000] {processor.py:840} INFO - DAG(s) 'sync_golden_layer_dag' retrieved from /opt/airflow/dags/sync_golden_layer_dag.py
[2025-04-26T13:28:03.624+0000] {logging_mixin.py:188} INFO - [2025-04-26T13:28:03.623+0000] {dag.py:3036} INFO - Sync 1 DAGs
[2025-04-26T13:28:03.662+0000] {logging_mixin.py:188} INFO - [2025-04-26T13:28:03.662+0000] {dag.py:3823} INFO - Setting next_dagrun for sync_golden_layer_dag to 2025-04-27 06:00:00+00:00, run_after=2025-04-28 06:00:00+00:00
[2025-04-26T13:28:03.699+0000] {processor.py:183} INFO - Processing /opt/airflow/dags/sync_golden_layer_dag.py took 0.323 seconds
[2025-04-26T13:28:33.796+0000] {processor.py:161} INFO - Started process (PID=93593) to work on /opt/airflow/dags/sync_golden_layer_dag.py
[2025-04-26T13:28:33.797+0000] {processor.py:830} INFO - Processing file /opt/airflow/dags/sync_golden_layer_dag.py for tasks to queue
[2025-04-26T13:28:33.799+0000] {logging_mixin.py:188} INFO - [2025-04-26T13:28:33.798+0000] {dagbag.py:538} INFO - Filling up the DagBag from /opt/airflow/dags/sync_golden_layer_dag.py
[2025-04-26T13:28:33.837+0000] {processor.py:840} INFO - DAG(s) 'sync_golden_layer_dag' retrieved from /opt/airflow/dags/sync_golden_layer_dag.py
[2025-04-26T13:28:33.984+0000] {logging_mixin.py:188} INFO - [2025-04-26T13:28:33.983+0000] {dag.py:3036} INFO - Sync 1 DAGs
[2025-04-26T13:28:34.025+0000] {logging_mixin.py:188} INFO - [2025-04-26T13:28:34.025+0000] {dag.py:3823} INFO - Setting next_dagrun for sync_golden_layer_dag to 2025-04-27 06:00:00+00:00, run_after=2025-04-28 06:00:00+00:00
[2025-04-26T13:28:34.038+0000] {processor.py:183} INFO - Processing /opt/airflow/dags/sync_golden_layer_dag.py took 0.248 seconds
[2025-04-26T14:06:42.964+0000] {processor.py:161} INFO - Started process (PID=93615) to work on /opt/airflow/dags/sync_golden_layer_dag.py
[2025-04-26T14:06:42.966+0000] {processor.py:830} INFO - Processing file /opt/airflow/dags/sync_golden_layer_dag.py for tasks to queue
[2025-04-26T14:06:42.971+0000] {logging_mixin.py:188} INFO - [2025-04-26T14:06:42.971+0000] {dagbag.py:538} INFO - Filling up the DagBag from /opt/airflow/dags/sync_golden_layer_dag.py
[2025-04-26T14:06:43.001+0000] {processor.py:840} INFO - DAG(s) 'sync_golden_layer_dag' retrieved from /opt/airflow/dags/sync_golden_layer_dag.py
[2025-04-26T14:06:43.305+0000] {logging_mixin.py:188} INFO - [2025-04-26T14:06:43.304+0000] {dag.py:3036} INFO - Sync 1 DAGs
[2025-04-26T14:06:43.339+0000] {logging_mixin.py:188} INFO - [2025-04-26T14:06:43.339+0000] {dag.py:3823} INFO - Setting next_dagrun for sync_golden_layer_dag to 2025-04-27 06:00:00+00:00, run_after=2025-04-28 06:00:00+00:00
[2025-04-26T14:06:43.376+0000] {processor.py:183} INFO - Processing /opt/airflow/dags/sync_golden_layer_dag.py took 0.417 seconds
[2025-04-26T14:37:43.128+0000] {processor.py:161} INFO - Started process (PID=93638) to work on /opt/airflow/dags/sync_golden_layer_dag.py
[2025-04-26T14:37:43.133+0000] {processor.py:830} INFO - Processing file /opt/airflow/dags/sync_golden_layer_dag.py for tasks to queue
[2025-04-26T14:37:43.135+0000] {logging_mixin.py:188} INFO - [2025-04-26T14:37:43.134+0000] {dagbag.py:538} INFO - Filling up the DagBag from /opt/airflow/dags/sync_golden_layer_dag.py
[2025-04-26T14:37:43.167+0000] {processor.py:840} INFO - DAG(s) 'sync_golden_layer_dag' retrieved from /opt/airflow/dags/sync_golden_layer_dag.py
[2025-04-26T14:37:43.457+0000] {logging_mixin.py:188} INFO - [2025-04-26T14:37:43.456+0000] {dag.py:3036} INFO - Sync 1 DAGs
[2025-04-26T14:37:43.516+0000] {logging_mixin.py:188} INFO - [2025-04-26T14:37:43.515+0000] {dag.py:3823} INFO - Setting next_dagrun for sync_golden_layer_dag to 2025-04-27 06:00:00+00:00, run_after=2025-04-28 06:00:00+00:00
[2025-04-26T14:37:43.569+0000] {processor.py:183} INFO - Processing /opt/airflow/dags/sync_golden_layer_dag.py took 0.460 seconds
[2025-04-26T14:50:19.740+0000] {processor.py:161} INFO - Started process (PID=93663) to work on /opt/airflow/dags/sync_golden_layer_dag.py
[2025-04-26T14:50:19.747+0000] {processor.py:830} INFO - Processing file /opt/airflow/dags/sync_golden_layer_dag.py for tasks to queue
[2025-04-26T14:50:19.750+0000] {logging_mixin.py:188} INFO - [2025-04-26T14:50:19.750+0000] {dagbag.py:538} INFO - Filling up the DagBag from /opt/airflow/dags/sync_golden_layer_dag.py
[2025-04-26T14:50:20.056+0000] {processor.py:840} INFO - DAG(s) 'sync_golden_layer_dag' retrieved from /opt/airflow/dags/sync_golden_layer_dag.py
[2025-04-26T14:50:20.183+0000] {logging_mixin.py:188} INFO - [2025-04-26T14:50:20.183+0000] {dag.py:3036} INFO - Sync 1 DAGs
[2025-04-26T14:50:20.201+0000] {logging_mixin.py:188} INFO - [2025-04-26T14:50:20.201+0000] {dag.py:3823} INFO - Setting next_dagrun for sync_golden_layer_dag to 2025-04-27 06:00:00+00:00, run_after=2025-04-28 06:00:00+00:00
[2025-04-26T14:50:20.213+0000] {processor.py:183} INFO - Processing /opt/airflow/dags/sync_golden_layer_dag.py took 0.506 seconds
[2025-04-26T15:24:48.076+0000] {processor.py:161} INFO - Started process (PID=93686) to work on /opt/airflow/dags/sync_golden_layer_dag.py
[2025-04-26T15:24:48.083+0000] {processor.py:830} INFO - Processing file /opt/airflow/dags/sync_golden_layer_dag.py for tasks to queue
[2025-04-26T15:24:48.084+0000] {logging_mixin.py:188} INFO - [2025-04-26T15:24:48.084+0000] {dagbag.py:538} INFO - Filling up the DagBag from /opt/airflow/dags/sync_golden_layer_dag.py
[2025-04-26T15:24:48.140+0000] {processor.py:840} INFO - DAG(s) 'sync_golden_layer_dag' retrieved from /opt/airflow/dags/sync_golden_layer_dag.py
[2025-04-26T15:24:48.323+0000] {logging_mixin.py:188} INFO - [2025-04-26T15:24:48.323+0000] {dag.py:3036} INFO - Sync 1 DAGs
[2025-04-26T15:24:48.342+0000] {logging_mixin.py:188} INFO - [2025-04-26T15:24:48.342+0000] {dag.py:3823} INFO - Setting next_dagrun for sync_golden_layer_dag to 2025-04-27 06:00:00+00:00, run_after=2025-04-28 06:00:00+00:00
[2025-04-26T15:24:48.366+0000] {processor.py:183} INFO - Processing /opt/airflow/dags/sync_golden_layer_dag.py took 0.309 seconds
[2025-04-26T15:41:52.852+0000] {processor.py:161} INFO - Started process (PID=93708) to work on /opt/airflow/dags/sync_golden_layer_dag.py
[2025-04-26T15:41:52.857+0000] {processor.py:830} INFO - Processing file /opt/airflow/dags/sync_golden_layer_dag.py for tasks to queue
[2025-04-26T15:41:52.864+0000] {logging_mixin.py:188} INFO - [2025-04-26T15:41:52.860+0000] {dagbag.py:538} INFO - Filling up the DagBag from /opt/airflow/dags/sync_golden_layer_dag.py
[2025-04-26T15:41:52.927+0000] {processor.py:840} INFO - DAG(s) 'sync_golden_layer_dag' retrieved from /opt/airflow/dags/sync_golden_layer_dag.py
[2025-04-26T15:41:53.052+0000] {logging_mixin.py:188} INFO - [2025-04-26T15:41:53.052+0000] {dag.py:3036} INFO - Sync 1 DAGs
[2025-04-26T15:41:53.074+0000] {logging_mixin.py:188} INFO - [2025-04-26T15:41:53.074+0000] {dag.py:3823} INFO - Setting next_dagrun for sync_golden_layer_dag to 2025-04-27 06:00:00+00:00, run_after=2025-04-28 06:00:00+00:00
[2025-04-26T15:41:53.089+0000] {processor.py:183} INFO - Processing /opt/airflow/dags/sync_golden_layer_dag.py took 0.264 seconds
[2025-04-26T15:51:20.067+0000] {processor.py:161} INFO - Started process (PID=93731) to work on /opt/airflow/dags/sync_golden_layer_dag.py
[2025-04-26T15:51:20.071+0000] {processor.py:830} INFO - Processing file /opt/airflow/dags/sync_golden_layer_dag.py for tasks to queue
[2025-04-26T15:51:20.077+0000] {logging_mixin.py:188} INFO - [2025-04-26T15:51:20.077+0000] {dagbag.py:538} INFO - Filling up the DagBag from /opt/airflow/dags/sync_golden_layer_dag.py
[2025-04-26T15:51:20.126+0000] {processor.py:840} INFO - DAG(s) 'sync_golden_layer_dag' retrieved from /opt/airflow/dags/sync_golden_layer_dag.py
[2025-04-26T15:51:20.442+0000] {logging_mixin.py:188} INFO - [2025-04-26T15:51:20.442+0000] {dag.py:3036} INFO - Sync 1 DAGs
[2025-04-26T15:51:20.637+0000] {logging_mixin.py:188} INFO - [2025-04-26T15:51:20.637+0000] {dag.py:3823} INFO - Setting next_dagrun for sync_golden_layer_dag to 2025-04-27 06:00:00+00:00, run_after=2025-04-28 06:00:00+00:00
[2025-04-26T15:51:20.697+0000] {processor.py:183} INFO - Processing /opt/airflow/dags/sync_golden_layer_dag.py took 0.651 seconds
[2025-04-26T16:07:20.977+0000] {processor.py:161} INFO - Started process (PID=93756) to work on /opt/airflow/dags/sync_golden_layer_dag.py
[2025-04-26T16:07:20.983+0000] {processor.py:830} INFO - Processing file /opt/airflow/dags/sync_golden_layer_dag.py for tasks to queue
[2025-04-26T16:07:20.989+0000] {logging_mixin.py:188} INFO - [2025-04-26T16:07:20.988+0000] {dagbag.py:538} INFO - Filling up the DagBag from /opt/airflow/dags/sync_golden_layer_dag.py
[2025-04-26T16:07:21.068+0000] {processor.py:840} INFO - DAG(s) 'sync_golden_layer_dag' retrieved from /opt/airflow/dags/sync_golden_layer_dag.py
[2025-04-26T16:07:21.221+0000] {logging_mixin.py:188} INFO - [2025-04-26T16:07:21.221+0000] {dag.py:3036} INFO - Sync 1 DAGs
[2025-04-26T16:07:21.243+0000] {logging_mixin.py:188} INFO - [2025-04-26T16:07:21.242+0000] {dag.py:3823} INFO - Setting next_dagrun for sync_golden_layer_dag to 2025-04-27 06:00:00+00:00, run_after=2025-04-28 06:00:00+00:00
[2025-04-26T16:07:21.259+0000] {processor.py:183} INFO - Processing /opt/airflow/dags/sync_golden_layer_dag.py took 0.293 seconds
[2025-04-26T16:52:16.326+0000] {processor.py:161} INFO - Started process (PID=93779) to work on /opt/airflow/dags/sync_golden_layer_dag.py
[2025-04-26T16:52:16.331+0000] {processor.py:830} INFO - Processing file /opt/airflow/dags/sync_golden_layer_dag.py for tasks to queue
[2025-04-26T16:52:16.334+0000] {logging_mixin.py:188} INFO - [2025-04-26T16:52:16.333+0000] {dagbag.py:538} INFO - Filling up the DagBag from /opt/airflow/dags/sync_golden_layer_dag.py
[2025-04-26T16:52:16.393+0000] {processor.py:840} INFO - DAG(s) 'sync_golden_layer_dag' retrieved from /opt/airflow/dags/sync_golden_layer_dag.py
[2025-04-26T16:52:16.596+0000] {logging_mixin.py:188} INFO - [2025-04-26T16:52:16.596+0000] {dag.py:3036} INFO - Sync 1 DAGs
[2025-04-26T16:52:16.623+0000] {logging_mixin.py:188} INFO - [2025-04-26T16:52:16.623+0000] {dag.py:3823} INFO - Setting next_dagrun for sync_golden_layer_dag to 2025-04-27 06:00:00+00:00, run_after=2025-04-28 06:00:00+00:00
[2025-04-26T16:52:16.641+0000] {processor.py:183} INFO - Processing /opt/airflow/dags/sync_golden_layer_dag.py took 0.327 seconds
[2025-04-26T17:15:00.139+0000] {processor.py:161} INFO - Started process (PID=93802) to work on /opt/airflow/dags/sync_golden_layer_dag.py
[2025-04-26T17:15:00.142+0000] {processor.py:830} INFO - Processing file /opt/airflow/dags/sync_golden_layer_dag.py for tasks to queue
[2025-04-26T17:15:00.144+0000] {logging_mixin.py:188} INFO - [2025-04-26T17:15:00.142+0000] {dagbag.py:538} INFO - Filling up the DagBag from /opt/airflow/dags/sync_golden_layer_dag.py
[2025-04-26T17:15:00.195+0000] {processor.py:840} INFO - DAG(s) 'sync_golden_layer_dag' retrieved from /opt/airflow/dags/sync_golden_layer_dag.py
[2025-04-26T17:15:00.473+0000] {logging_mixin.py:188} INFO - [2025-04-26T17:15:00.468+0000] {dag.py:3036} INFO - Sync 1 DAGs
[2025-04-26T17:15:00.605+0000] {logging_mixin.py:188} INFO - [2025-04-26T17:15:00.605+0000] {dag.py:3823} INFO - Setting next_dagrun for sync_golden_layer_dag to 2025-04-27 06:00:00+00:00, run_after=2025-04-28 06:00:00+00:00
[2025-04-26T17:15:00.680+0000] {processor.py:183} INFO - Processing /opt/airflow/dags/sync_golden_layer_dag.py took 0.552 seconds
[2025-04-26T17:15:31.140+0000] {processor.py:161} INFO - Started process (PID=93825) to work on /opt/airflow/dags/sync_golden_layer_dag.py
[2025-04-26T17:15:31.142+0000] {processor.py:830} INFO - Processing file /opt/airflow/dags/sync_golden_layer_dag.py for tasks to queue
[2025-04-26T17:15:31.143+0000] {logging_mixin.py:188} INFO - [2025-04-26T17:15:31.143+0000] {dagbag.py:538} INFO - Filling up the DagBag from /opt/airflow/dags/sync_golden_layer_dag.py
[2025-04-26T17:15:31.187+0000] {processor.py:840} INFO - DAG(s) 'sync_golden_layer_dag' retrieved from /opt/airflow/dags/sync_golden_layer_dag.py
[2025-04-26T17:15:31.331+0000] {logging_mixin.py:188} INFO - [2025-04-26T17:15:31.331+0000] {dag.py:3036} INFO - Sync 1 DAGs
[2025-04-26T17:15:31.361+0000] {logging_mixin.py:188} INFO - [2025-04-26T17:15:31.360+0000] {dag.py:3823} INFO - Setting next_dagrun for sync_golden_layer_dag to 2025-04-27 06:00:00+00:00, run_after=2025-04-28 06:00:00+00:00
[2025-04-26T17:15:31.384+0000] {processor.py:183} INFO - Processing /opt/airflow/dags/sync_golden_layer_dag.py took 0.254 seconds
[2025-04-26T17:20:25.977+0000] {processor.py:161} INFO - Started process (PID=93850) to work on /opt/airflow/dags/sync_golden_layer_dag.py
[2025-04-26T17:20:25.988+0000] {processor.py:830} INFO - Processing file /opt/airflow/dags/sync_golden_layer_dag.py for tasks to queue
[2025-04-26T17:20:26.000+0000] {logging_mixin.py:188} INFO - [2025-04-26T17:20:25.991+0000] {dagbag.py:538} INFO - Filling up the DagBag from /opt/airflow/dags/sync_golden_layer_dag.py
[2025-04-26T17:20:26.206+0000] {processor.py:840} INFO - DAG(s) 'sync_golden_layer_dag' retrieved from /opt/airflow/dags/sync_golden_layer_dag.py
[2025-04-26T17:20:26.592+0000] {logging_mixin.py:188} INFO - [2025-04-26T17:20:26.591+0000] {dag.py:3036} INFO - Sync 1 DAGs
[2025-04-26T17:20:26.608+0000] {logging_mixin.py:188} INFO - [2025-04-26T17:20:26.608+0000] {dag.py:3823} INFO - Setting next_dagrun for sync_golden_layer_dag to 2025-04-27 06:00:00+00:00, run_after=2025-04-28 06:00:00+00:00
[2025-04-26T17:20:26.623+0000] {processor.py:183} INFO - Processing /opt/airflow/dags/sync_golden_layer_dag.py took 0.680 seconds
[2025-04-26T17:20:57.803+0000] {processor.py:161} INFO - Started process (PID=93873) to work on /opt/airflow/dags/sync_golden_layer_dag.py
[2025-04-26T17:20:57.805+0000] {processor.py:830} INFO - Processing file /opt/airflow/dags/sync_golden_layer_dag.py for tasks to queue
[2025-04-26T17:20:57.806+0000] {logging_mixin.py:188} INFO - [2025-04-26T17:20:57.806+0000] {dagbag.py:538} INFO - Filling up the DagBag from /opt/airflow/dags/sync_golden_layer_dag.py
[2025-04-26T17:20:57.859+0000] {processor.py:840} INFO - DAG(s) 'sync_golden_layer_dag' retrieved from /opt/airflow/dags/sync_golden_layer_dag.py
[2025-04-26T17:20:58.058+0000] {logging_mixin.py:188} INFO - [2025-04-26T17:20:58.058+0000] {dag.py:3036} INFO - Sync 1 DAGs
[2025-04-26T17:20:58.091+0000] {logging_mixin.py:188} INFO - [2025-04-26T17:20:58.091+0000] {dag.py:3823} INFO - Setting next_dagrun for sync_golden_layer_dag to 2025-04-27 06:00:00+00:00, run_after=2025-04-28 06:00:00+00:00
[2025-04-26T17:20:58.112+0000] {processor.py:183} INFO - Processing /opt/airflow/dags/sync_golden_layer_dag.py took 0.324 seconds
[2025-04-26T17:53:24.227+0000] {processor.py:161} INFO - Started process (PID=93896) to work on /opt/airflow/dags/sync_golden_layer_dag.py
[2025-04-26T17:53:24.249+0000] {processor.py:830} INFO - Processing file /opt/airflow/dags/sync_golden_layer_dag.py for tasks to queue
[2025-04-26T17:53:24.271+0000] {logging_mixin.py:188} INFO - [2025-04-26T17:53:24.267+0000] {dagbag.py:538} INFO - Filling up the DagBag from /opt/airflow/dags/sync_golden_layer_dag.py
[2025-04-26T17:53:24.415+0000] {processor.py:840} INFO - DAG(s) 'sync_golden_layer_dag' retrieved from /opt/airflow/dags/sync_golden_layer_dag.py
[2025-04-26T17:53:24.865+0000] {logging_mixin.py:188} INFO - [2025-04-26T17:53:24.864+0000] {dag.py:3036} INFO - Sync 1 DAGs
[2025-04-26T17:53:24.891+0000] {logging_mixin.py:188} INFO - [2025-04-26T17:53:24.891+0000] {dag.py:3823} INFO - Setting next_dagrun for sync_golden_layer_dag to 2025-04-27 06:00:00+00:00, run_after=2025-04-28 06:00:00+00:00
[2025-04-26T17:53:24.913+0000] {processor.py:183} INFO - Processing /opt/airflow/dags/sync_golden_layer_dag.py took 0.717 seconds
[2025-04-26T18:25:01.923+0000] {processor.py:161} INFO - Started process (PID=93919) to work on /opt/airflow/dags/sync_golden_layer_dag.py
[2025-04-26T18:25:01.933+0000] {processor.py:830} INFO - Processing file /opt/airflow/dags/sync_golden_layer_dag.py for tasks to queue
[2025-04-26T18:25:01.948+0000] {logging_mixin.py:188} INFO - [2025-04-26T18:25:01.947+0000] {dagbag.py:538} INFO - Filling up the DagBag from /opt/airflow/dags/sync_golden_layer_dag.py
[2025-04-26T18:25:02.039+0000] {processor.py:840} INFO - DAG(s) 'sync_golden_layer_dag' retrieved from /opt/airflow/dags/sync_golden_layer_dag.py
[2025-04-26T18:25:02.192+0000] {logging_mixin.py:188} INFO - [2025-04-26T18:25:02.192+0000] {dag.py:3036} INFO - Sync 1 DAGs
[2025-04-26T18:25:02.215+0000] {logging_mixin.py:188} INFO - [2025-04-26T18:25:02.215+0000] {dag.py:3823} INFO - Setting next_dagrun for sync_golden_layer_dag to 2025-04-27 06:00:00+00:00, run_after=2025-04-28 06:00:00+00:00
[2025-04-26T18:25:02.236+0000] {processor.py:183} INFO - Processing /opt/airflow/dags/sync_golden_layer_dag.py took 0.340 seconds
[2025-04-26T18:54:20.323+0000] {processor.py:161} INFO - Started process (PID=93944) to work on /opt/airflow/dags/sync_golden_layer_dag.py
[2025-04-26T18:54:20.326+0000] {processor.py:830} INFO - Processing file /opt/airflow/dags/sync_golden_layer_dag.py for tasks to queue
[2025-04-26T18:54:20.330+0000] {logging_mixin.py:188} INFO - [2025-04-26T18:54:20.329+0000] {dagbag.py:538} INFO - Filling up the DagBag from /opt/airflow/dags/sync_golden_layer_dag.py
[2025-04-26T18:54:20.380+0000] {processor.py:840} INFO - DAG(s) 'sync_golden_layer_dag' retrieved from /opt/airflow/dags/sync_golden_layer_dag.py
[2025-04-26T18:54:20.538+0000] {logging_mixin.py:188} INFO - [2025-04-26T18:54:20.538+0000] {dag.py:3036} INFO - Sync 1 DAGs
[2025-04-26T18:54:20.572+0000] {logging_mixin.py:188} INFO - [2025-04-26T18:54:20.572+0000] {dag.py:3823} INFO - Setting next_dagrun for sync_golden_layer_dag to 2025-04-27 06:00:00+00:00, run_after=2025-04-28 06:00:00+00:00
[2025-04-26T18:54:20.593+0000] {processor.py:183} INFO - Processing /opt/airflow/dags/sync_golden_layer_dag.py took 0.281 seconds
[2025-04-26T19:11:24.385+0000] {processor.py:161} INFO - Started process (PID=93967) to work on /opt/airflow/dags/sync_golden_layer_dag.py
[2025-04-26T19:11:24.389+0000] {processor.py:830} INFO - Processing file /opt/airflow/dags/sync_golden_layer_dag.py for tasks to queue
[2025-04-26T19:11:24.414+0000] {logging_mixin.py:188} INFO - [2025-04-26T19:11:24.411+0000] {dagbag.py:538} INFO - Filling up the DagBag from /opt/airflow/dags/sync_golden_layer_dag.py
[2025-04-26T19:11:24.526+0000] {processor.py:840} INFO - DAG(s) 'sync_golden_layer_dag' retrieved from /opt/airflow/dags/sync_golden_layer_dag.py
[2025-04-26T19:11:24.758+0000] {logging_mixin.py:188} INFO - [2025-04-26T19:11:24.758+0000] {dag.py:3036} INFO - Sync 1 DAGs
[2025-04-26T19:11:24.777+0000] {logging_mixin.py:188} INFO - [2025-04-26T19:11:24.777+0000] {dag.py:3823} INFO - Setting next_dagrun for sync_golden_layer_dag to 2025-04-27 06:00:00+00:00, run_after=2025-04-28 06:00:00+00:00
[2025-04-26T19:11:24.796+0000] {processor.py:183} INFO - Processing /opt/airflow/dags/sync_golden_layer_dag.py took 0.465 seconds
[2025-04-26T19:55:13.259+0000] {processor.py:161} INFO - Started process (PID=93992) to work on /opt/airflow/dags/sync_golden_layer_dag.py
[2025-04-26T19:55:13.262+0000] {processor.py:830} INFO - Processing file /opt/airflow/dags/sync_golden_layer_dag.py for tasks to queue
[2025-04-26T19:55:13.264+0000] {logging_mixin.py:188} INFO - [2025-04-26T19:55:13.264+0000] {dagbag.py:538} INFO - Filling up the DagBag from /opt/airflow/dags/sync_golden_layer_dag.py
[2025-04-26T19:55:13.309+0000] {processor.py:840} INFO - DAG(s) 'sync_golden_layer_dag' retrieved from /opt/airflow/dags/sync_golden_layer_dag.py
[2025-04-26T19:55:13.485+0000] {logging_mixin.py:188} INFO - [2025-04-26T19:55:13.485+0000] {dag.py:3036} INFO - Sync 1 DAGs
[2025-04-26T19:55:13.520+0000] {logging_mixin.py:188} INFO - [2025-04-26T19:55:13.520+0000] {dag.py:3823} INFO - Setting next_dagrun for sync_golden_layer_dag to 2025-04-27 06:00:00+00:00, run_after=2025-04-28 06:00:00+00:00
[2025-04-26T19:55:13.543+0000] {processor.py:183} INFO - Processing /opt/airflow/dags/sync_golden_layer_dag.py took 0.302 seconds
[2025-04-26T19:55:43.923+0000] {processor.py:161} INFO - Started process (PID=94015) to work on /opt/airflow/dags/sync_golden_layer_dag.py
[2025-04-26T19:55:43.925+0000] {processor.py:830} INFO - Processing file /opt/airflow/dags/sync_golden_layer_dag.py for tasks to queue
[2025-04-26T19:55:43.926+0000] {logging_mixin.py:188} INFO - [2025-04-26T19:55:43.926+0000] {dagbag.py:538} INFO - Filling up the DagBag from /opt/airflow/dags/sync_golden_layer_dag.py
[2025-04-26T19:55:43.972+0000] {processor.py:840} INFO - DAG(s) 'sync_golden_layer_dag' retrieved from /opt/airflow/dags/sync_golden_layer_dag.py
[2025-04-26T19:55:44.097+0000] {logging_mixin.py:188} INFO - [2025-04-26T19:55:44.097+0000] {dag.py:3036} INFO - Sync 1 DAGs
[2025-04-26T19:55:44.115+0000] {logging_mixin.py:188} INFO - [2025-04-26T19:55:44.115+0000] {dag.py:3823} INFO - Setting next_dagrun for sync_golden_layer_dag to 2025-04-27 06:00:00+00:00, run_after=2025-04-28 06:00:00+00:00
[2025-04-26T19:55:44.127+0000] {processor.py:183} INFO - Processing /opt/airflow/dags/sync_golden_layer_dag.py took 0.216 seconds
[2025-04-26T20:13:56.451+0000] {processor.py:161} INFO - Started process (PID=94038) to work on /opt/airflow/dags/sync_golden_layer_dag.py
[2025-04-26T20:13:56.458+0000] {processor.py:830} INFO - Processing file /opt/airflow/dags/sync_golden_layer_dag.py for tasks to queue
[2025-04-26T20:13:56.469+0000] {logging_mixin.py:188} INFO - [2025-04-26T20:13:56.468+0000] {dagbag.py:538} INFO - Filling up the DagBag from /opt/airflow/dags/sync_golden_layer_dag.py
[2025-04-26T20:13:56.678+0000] {processor.py:840} INFO - DAG(s) 'sync_golden_layer_dag' retrieved from /opt/airflow/dags/sync_golden_layer_dag.py
[2025-04-26T20:13:57.077+0000] {logging_mixin.py:188} INFO - [2025-04-26T20:13:57.077+0000] {dag.py:3036} INFO - Sync 1 DAGs
[2025-04-26T20:13:57.097+0000] {logging_mixin.py:188} INFO - [2025-04-26T20:13:57.097+0000] {dag.py:3823} INFO - Setting next_dagrun for sync_golden_layer_dag to 2025-04-27 06:00:00+00:00, run_after=2025-04-28 06:00:00+00:00
[2025-04-26T20:13:57.124+0000] {processor.py:183} INFO - Processing /opt/airflow/dags/sync_golden_layer_dag.py took 0.759 seconds
[2025-04-26T20:24:29.474+0000] {processor.py:161} INFO - Started process (PID=94063) to work on /opt/airflow/dags/sync_golden_layer_dag.py
[2025-04-26T20:24:29.477+0000] {processor.py:830} INFO - Processing file /opt/airflow/dags/sync_golden_layer_dag.py for tasks to queue
[2025-04-26T20:24:29.479+0000] {logging_mixin.py:188} INFO - [2025-04-26T20:24:29.479+0000] {dagbag.py:538} INFO - Filling up the DagBag from /opt/airflow/dags/sync_golden_layer_dag.py
[2025-04-26T20:24:29.520+0000] {processor.py:840} INFO - DAG(s) 'sync_golden_layer_dag' retrieved from /opt/airflow/dags/sync_golden_layer_dag.py
[2025-04-26T20:24:29.781+0000] {logging_mixin.py:188} INFO - [2025-04-26T20:24:29.780+0000] {dag.py:3036} INFO - Sync 1 DAGs
[2025-04-26T20:24:29.873+0000] {logging_mixin.py:188} INFO - [2025-04-26T20:24:29.873+0000] {dag.py:3823} INFO - Setting next_dagrun for sync_golden_layer_dag to 2025-04-27 06:00:00+00:00, run_after=2025-04-28 06:00:00+00:00
[2025-04-26T20:24:29.930+0000] {processor.py:183} INFO - Processing /opt/airflow/dags/sync_golden_layer_dag.py took 0.480 seconds
[2025-04-26T20:41:05.788+0000] {processor.py:161} INFO - Started process (PID=94086) to work on /opt/airflow/dags/sync_golden_layer_dag.py
[2025-04-26T20:41:05.800+0000] {processor.py:830} INFO - Processing file /opt/airflow/dags/sync_golden_layer_dag.py for tasks to queue
[2025-04-26T20:41:05.826+0000] {logging_mixin.py:188} INFO - [2025-04-26T20:41:05.816+0000] {dagbag.py:538} INFO - Filling up the DagBag from /opt/airflow/dags/sync_golden_layer_dag.py
[2025-04-26T20:41:05.976+0000] {processor.py:840} INFO - DAG(s) 'sync_golden_layer_dag' retrieved from /opt/airflow/dags/sync_golden_layer_dag.py
[2025-04-26T20:41:06.329+0000] {logging_mixin.py:188} INFO - [2025-04-26T20:41:06.329+0000] {dag.py:3036} INFO - Sync 1 DAGs
[2025-04-26T20:41:06.353+0000] {logging_mixin.py:188} INFO - [2025-04-26T20:41:06.352+0000] {dag.py:3823} INFO - Setting next_dagrun for sync_golden_layer_dag to 2025-04-27 06:00:00+00:00, run_after=2025-04-28 06:00:00+00:00
[2025-04-26T20:41:06.376+0000] {processor.py:183} INFO - Processing /opt/airflow/dags/sync_golden_layer_dag.py took 0.619 seconds
[2025-04-26T20:41:37.399+0000] {processor.py:161} INFO - Started process (PID=94109) to work on /opt/airflow/dags/sync_golden_layer_dag.py
[2025-04-26T20:41:37.402+0000] {processor.py:830} INFO - Processing file /opt/airflow/dags/sync_golden_layer_dag.py for tasks to queue
[2025-04-26T20:41:37.403+0000] {logging_mixin.py:188} INFO - [2025-04-26T20:41:37.403+0000] {dagbag.py:538} INFO - Filling up the DagBag from /opt/airflow/dags/sync_golden_layer_dag.py
[2025-04-26T20:41:37.443+0000] {processor.py:840} INFO - DAG(s) 'sync_golden_layer_dag' retrieved from /opt/airflow/dags/sync_golden_layer_dag.py
[2025-04-26T20:41:37.632+0000] {logging_mixin.py:188} INFO - [2025-04-26T20:41:37.632+0000] {dag.py:3036} INFO - Sync 1 DAGs
[2025-04-26T20:41:37.668+0000] {logging_mixin.py:188} INFO - [2025-04-26T20:41:37.668+0000] {dag.py:3823} INFO - Setting next_dagrun for sync_golden_layer_dag to 2025-04-27 06:00:00+00:00, run_after=2025-04-28 06:00:00+00:00
[2025-04-26T20:41:37.685+0000] {processor.py:183} INFO - Processing /opt/airflow/dags/sync_golden_layer_dag.py took 0.296 seconds
[2025-04-26T20:50:59.558+0000] {processor.py:161} INFO - Started process (PID=94133) to work on /opt/airflow/dags/sync_golden_layer_dag.py
[2025-04-26T20:50:59.566+0000] {processor.py:830} INFO - Processing file /opt/airflow/dags/sync_golden_layer_dag.py for tasks to queue
[2025-04-26T20:50:59.568+0000] {logging_mixin.py:188} INFO - [2025-04-26T20:50:59.566+0000] {dagbag.py:538} INFO - Filling up the DagBag from /opt/airflow/dags/sync_golden_layer_dag.py
[2025-04-26T20:50:59.667+0000] {processor.py:840} INFO - DAG(s) 'sync_golden_layer_dag' retrieved from /opt/airflow/dags/sync_golden_layer_dag.py
[2025-04-26T20:50:59.863+0000] {logging_mixin.py:188} INFO - [2025-04-26T20:50:59.862+0000] {dag.py:3036} INFO - Sync 1 DAGs
[2025-04-26T20:50:59.883+0000] {logging_mixin.py:188} INFO - [2025-04-26T20:50:59.882+0000] {dag.py:3823} INFO - Setting next_dagrun for sync_golden_layer_dag to 2025-04-27 06:00:00+00:00, run_after=2025-04-28 06:00:00+00:00
[2025-04-26T20:50:59.902+0000] {processor.py:183} INFO - Processing /opt/airflow/dags/sync_golden_layer_dag.py took 0.391 seconds
[2025-04-26T20:51:30.046+0000] {processor.py:161} INFO - Started process (PID=94156) to work on /opt/airflow/dags/sync_golden_layer_dag.py
[2025-04-26T20:51:30.052+0000] {processor.py:830} INFO - Processing file /opt/airflow/dags/sync_golden_layer_dag.py for tasks to queue
[2025-04-26T20:51:30.104+0000] {logging_mixin.py:188} INFO - [2025-04-26T20:51:30.104+0000] {dagbag.py:538} INFO - Filling up the DagBag from /opt/airflow/dags/sync_golden_layer_dag.py
[2025-04-26T20:51:30.174+0000] {processor.py:840} INFO - DAG(s) 'sync_golden_layer_dag' retrieved from /opt/airflow/dags/sync_golden_layer_dag.py
[2025-04-26T20:51:30.386+0000] {logging_mixin.py:188} INFO - [2025-04-26T20:51:30.386+0000] {dag.py:3036} INFO - Sync 1 DAGs
[2025-04-26T20:51:30.415+0000] {logging_mixin.py:188} INFO - [2025-04-26T20:51:30.415+0000] {dag.py:3823} INFO - Setting next_dagrun for sync_golden_layer_dag to 2025-04-27 06:00:00+00:00, run_after=2025-04-28 06:00:00+00:00
[2025-04-26T20:51:30.451+0000] {processor.py:183} INFO - Processing /opt/airflow/dags/sync_golden_layer_dag.py took 0.422 seconds
[2025-04-26T20:56:28.534+0000] {processor.py:161} INFO - Started process (PID=94179) to work on /opt/airflow/dags/sync_golden_layer_dag.py
[2025-04-26T20:56:28.537+0000] {processor.py:830} INFO - Processing file /opt/airflow/dags/sync_golden_layer_dag.py for tasks to queue
[2025-04-26T20:56:28.541+0000] {logging_mixin.py:188} INFO - [2025-04-26T20:56:28.539+0000] {dagbag.py:538} INFO - Filling up the DagBag from /opt/airflow/dags/sync_golden_layer_dag.py
[2025-04-26T20:56:28.622+0000] {processor.py:840} INFO - DAG(s) 'sync_golden_layer_dag' retrieved from /opt/airflow/dags/sync_golden_layer_dag.py
[2025-04-26T20:56:28.908+0000] {logging_mixin.py:188} INFO - [2025-04-26T20:56:28.908+0000] {dag.py:3036} INFO - Sync 1 DAGs
[2025-04-26T20:56:28.955+0000] {logging_mixin.py:188} INFO - [2025-04-26T20:56:28.955+0000] {dag.py:3823} INFO - Setting next_dagrun for sync_golden_layer_dag to 2025-04-27 06:00:00+00:00, run_after=2025-04-28 06:00:00+00:00
[2025-04-26T20:56:29.005+0000] {processor.py:183} INFO - Processing /opt/airflow/dags/sync_golden_layer_dag.py took 0.489 seconds
[2025-04-26T21:24:07.772+0000] {processor.py:161} INFO - Started process (PID=94203) to work on /opt/airflow/dags/sync_golden_layer_dag.py
[2025-04-26T21:24:07.778+0000] {processor.py:830} INFO - Processing file /opt/airflow/dags/sync_golden_layer_dag.py for tasks to queue
[2025-04-26T21:24:07.787+0000] {logging_mixin.py:188} INFO - [2025-04-26T21:24:07.786+0000] {dagbag.py:538} INFO - Filling up the DagBag from /opt/airflow/dags/sync_golden_layer_dag.py
[2025-04-26T21:24:07.938+0000] {processor.py:840} INFO - DAG(s) 'sync_golden_layer_dag' retrieved from /opt/airflow/dags/sync_golden_layer_dag.py
[2025-04-26T21:24:08.430+0000] {logging_mixin.py:188} INFO - [2025-04-26T21:24:08.430+0000] {dag.py:3036} INFO - Sync 1 DAGs
[2025-04-26T21:24:08.585+0000] {logging_mixin.py:188} INFO - [2025-04-26T21:24:08.584+0000] {dag.py:3823} INFO - Setting next_dagrun for sync_golden_layer_dag to 2025-04-27 06:00:00+00:00, run_after=2025-04-28 06:00:00+00:00
[2025-04-26T21:24:08.630+0000] {processor.py:183} INFO - Processing /opt/airflow/dags/sync_golden_layer_dag.py took 0.901 seconds
[2025-04-26T21:24:39.082+0000] {processor.py:161} INFO - Started process (PID=94226) to work on /opt/airflow/dags/sync_golden_layer_dag.py
[2025-04-26T21:24:39.083+0000] {processor.py:830} INFO - Processing file /opt/airflow/dags/sync_golden_layer_dag.py for tasks to queue
[2025-04-26T21:24:39.085+0000] {logging_mixin.py:188} INFO - [2025-04-26T21:24:39.085+0000] {dagbag.py:538} INFO - Filling up the DagBag from /opt/airflow/dags/sync_golden_layer_dag.py
[2025-04-26T21:24:39.115+0000] {processor.py:840} INFO - DAG(s) 'sync_golden_layer_dag' retrieved from /opt/airflow/dags/sync_golden_layer_dag.py
[2025-04-26T21:24:39.295+0000] {logging_mixin.py:188} INFO - [2025-04-26T21:24:39.295+0000] {dag.py:3036} INFO - Sync 1 DAGs
[2025-04-26T21:24:39.326+0000] {logging_mixin.py:188} INFO - [2025-04-26T21:24:39.325+0000] {dag.py:3823} INFO - Setting next_dagrun for sync_golden_layer_dag to 2025-04-27 06:00:00+00:00, run_after=2025-04-28 06:00:00+00:00
[2025-04-26T21:24:39.341+0000] {processor.py:183} INFO - Processing /opt/airflow/dags/sync_golden_layer_dag.py took 0.266 seconds
[2025-04-26T21:29:53.691+0000] {processor.py:161} INFO - Started process (PID=94249) to work on /opt/airflow/dags/sync_golden_layer_dag.py
[2025-04-26T21:29:53.698+0000] {processor.py:830} INFO - Processing file /opt/airflow/dags/sync_golden_layer_dag.py for tasks to queue
[2025-04-26T21:29:53.704+0000] {logging_mixin.py:188} INFO - [2025-04-26T21:29:53.701+0000] {dagbag.py:538} INFO - Filling up the DagBag from /opt/airflow/dags/sync_golden_layer_dag.py
[2025-04-26T21:29:53.794+0000] {processor.py:840} INFO - DAG(s) 'sync_golden_layer_dag' retrieved from /opt/airflow/dags/sync_golden_layer_dag.py
[2025-04-26T21:29:54.165+0000] {logging_mixin.py:188} INFO - [2025-04-26T21:29:54.164+0000] {dag.py:3036} INFO - Sync 1 DAGs
[2025-04-26T21:29:54.274+0000] {logging_mixin.py:188} INFO - [2025-04-26T21:29:54.274+0000] {dag.py:3823} INFO - Setting next_dagrun for sync_golden_layer_dag to 2025-04-27 06:00:00+00:00, run_after=2025-04-28 06:00:00+00:00
[2025-04-26T21:29:54.546+0000] {processor.py:183} INFO - Processing /opt/airflow/dags/sync_golden_layer_dag.py took 0.887 seconds
[2025-04-26T21:47:37.811+0000] {processor.py:161} INFO - Started process (PID=94272) to work on /opt/airflow/dags/sync_golden_layer_dag.py
[2025-04-26T21:47:37.821+0000] {processor.py:830} INFO - Processing file /opt/airflow/dags/sync_golden_layer_dag.py for tasks to queue
[2025-04-26T21:47:37.833+0000] {logging_mixin.py:188} INFO - [2025-04-26T21:47:37.830+0000] {dagbag.py:538} INFO - Filling up the DagBag from /opt/airflow/dags/sync_golden_layer_dag.py
[2025-04-26T21:47:37.935+0000] {processor.py:840} INFO - DAG(s) 'sync_golden_layer_dag' retrieved from /opt/airflow/dags/sync_golden_layer_dag.py
[2025-04-26T21:47:38.426+0000] {logging_mixin.py:188} INFO - [2025-04-26T21:47:38.426+0000] {dag.py:3036} INFO - Sync 1 DAGs
[2025-04-26T21:47:38.493+0000] {logging_mixin.py:188} INFO - [2025-04-26T21:47:38.493+0000] {dag.py:3823} INFO - Setting next_dagrun for sync_golden_layer_dag to 2025-04-27 06:00:00+00:00, run_after=2025-04-28 06:00:00+00:00
[2025-04-26T21:47:38.526+0000] {processor.py:183} INFO - Processing /opt/airflow/dags/sync_golden_layer_dag.py took 0.755 seconds
[2025-04-26T21:57:26.832+0000] {processor.py:161} INFO - Started process (PID=94297) to work on /opt/airflow/dags/sync_golden_layer_dag.py
[2025-04-26T21:57:26.851+0000] {processor.py:830} INFO - Processing file /opt/airflow/dags/sync_golden_layer_dag.py for tasks to queue
[2025-04-26T21:57:26.868+0000] {logging_mixin.py:188} INFO - [2025-04-26T21:57:26.867+0000] {dagbag.py:538} INFO - Filling up the DagBag from /opt/airflow/dags/sync_golden_layer_dag.py
[2025-04-26T21:57:27.106+0000] {processor.py:840} INFO - DAG(s) 'sync_golden_layer_dag' retrieved from /opt/airflow/dags/sync_golden_layer_dag.py
[2025-04-26T21:57:27.296+0000] {logging_mixin.py:188} INFO - [2025-04-26T21:57:27.296+0000] {dag.py:3036} INFO - Sync 1 DAGs
[2025-04-26T21:57:27.336+0000] {logging_mixin.py:188} INFO - [2025-04-26T21:57:27.336+0000] {dag.py:3823} INFO - Setting next_dagrun for sync_golden_layer_dag to 2025-04-27 06:00:00+00:00, run_after=2025-04-28 06:00:00+00:00
[2025-04-26T21:57:27.462+0000] {processor.py:183} INFO - Processing /opt/airflow/dags/sync_golden_layer_dag.py took 0.644 seconds
[2025-04-26T22:04:33.178+0000] {processor.py:161} INFO - Started process (PID=94320) to work on /opt/airflow/dags/sync_golden_layer_dag.py
[2025-04-26T22:04:33.187+0000] {processor.py:830} INFO - Processing file /opt/airflow/dags/sync_golden_layer_dag.py for tasks to queue
[2025-04-26T22:04:33.191+0000] {logging_mixin.py:188} INFO - [2025-04-26T22:04:33.190+0000] {dagbag.py:538} INFO - Filling up the DagBag from /opt/airflow/dags/sync_golden_layer_dag.py
[2025-04-26T22:04:33.277+0000] {processor.py:840} INFO - DAG(s) 'sync_golden_layer_dag' retrieved from /opt/airflow/dags/sync_golden_layer_dag.py
[2025-04-26T22:04:33.758+0000] {logging_mixin.py:188} INFO - [2025-04-26T22:04:33.757+0000] {dag.py:3036} INFO - Sync 1 DAGs
[2025-04-26T22:04:33.818+0000] {logging_mixin.py:188} INFO - [2025-04-26T22:04:33.818+0000] {dag.py:3823} INFO - Setting next_dagrun for sync_golden_layer_dag to 2025-04-27 06:00:00+00:00, run_after=2025-04-28 06:00:00+00:00
[2025-04-26T22:04:33.874+0000] {processor.py:183} INFO - Processing /opt/airflow/dags/sync_golden_layer_dag.py took 0.719 seconds
[2025-04-26T22:05:04.123+0000] {processor.py:161} INFO - Started process (PID=94343) to work on /opt/airflow/dags/sync_golden_layer_dag.py
[2025-04-26T22:05:04.127+0000] {processor.py:830} INFO - Processing file /opt/airflow/dags/sync_golden_layer_dag.py for tasks to queue
[2025-04-26T22:05:04.129+0000] {logging_mixin.py:188} INFO - [2025-04-26T22:05:04.128+0000] {dagbag.py:538} INFO - Filling up the DagBag from /opt/airflow/dags/sync_golden_layer_dag.py
[2025-04-26T22:05:04.202+0000] {processor.py:840} INFO - DAG(s) 'sync_golden_layer_dag' retrieved from /opt/airflow/dags/sync_golden_layer_dag.py
[2025-04-26T22:05:04.506+0000] {logging_mixin.py:188} INFO - [2025-04-26T22:05:04.506+0000] {dag.py:3036} INFO - Sync 1 DAGs
[2025-04-26T22:05:04.540+0000] {logging_mixin.py:188} INFO - [2025-04-26T22:05:04.540+0000] {dag.py:3823} INFO - Setting next_dagrun for sync_golden_layer_dag to 2025-04-27 06:00:00+00:00, run_after=2025-04-28 06:00:00+00:00
[2025-04-26T22:05:04.560+0000] {processor.py:183} INFO - Processing /opt/airflow/dags/sync_golden_layer_dag.py took 0.460 seconds
[2025-04-26T22:40:24.944+0000] {processor.py:161} INFO - Started process (PID=94368) to work on /opt/airflow/dags/sync_golden_layer_dag.py
[2025-04-26T22:40:24.955+0000] {processor.py:830} INFO - Processing file /opt/airflow/dags/sync_golden_layer_dag.py for tasks to queue
[2025-04-26T22:40:24.960+0000] {logging_mixin.py:188} INFO - [2025-04-26T22:40:24.957+0000] {dagbag.py:538} INFO - Filling up the DagBag from /opt/airflow/dags/sync_golden_layer_dag.py
[2025-04-26T22:40:25.112+0000] {processor.py:840} INFO - DAG(s) 'sync_golden_layer_dag' retrieved from /opt/airflow/dags/sync_golden_layer_dag.py
[2025-04-26T22:40:25.676+0000] {logging_mixin.py:188} INFO - [2025-04-26T22:40:25.675+0000] {dag.py:3036} INFO - Sync 1 DAGs
[2025-04-26T22:40:25.733+0000] {logging_mixin.py:188} INFO - [2025-04-26T22:40:25.733+0000] {dag.py:3823} INFO - Setting next_dagrun for sync_golden_layer_dag to 2025-04-27 06:00:00+00:00, run_after=2025-04-28 06:00:00+00:00
[2025-04-26T22:40:25.759+0000] {processor.py:183} INFO - Processing /opt/airflow/dags/sync_golden_layer_dag.py took 0.835 seconds
[2025-04-26T22:40:55.891+0000] {processor.py:161} INFO - Started process (PID=94391) to work on /opt/airflow/dags/sync_golden_layer_dag.py
[2025-04-26T22:40:55.893+0000] {processor.py:830} INFO - Processing file /opt/airflow/dags/sync_golden_layer_dag.py for tasks to queue
[2025-04-26T22:40:55.895+0000] {logging_mixin.py:188} INFO - [2025-04-26T22:40:55.894+0000] {dagbag.py:538} INFO - Filling up the DagBag from /opt/airflow/dags/sync_golden_layer_dag.py
[2025-04-26T22:40:55.928+0000] {processor.py:840} INFO - DAG(s) 'sync_golden_layer_dag' retrieved from /opt/airflow/dags/sync_golden_layer_dag.py
[2025-04-26T22:40:56.066+0000] {logging_mixin.py:188} INFO - [2025-04-26T22:40:56.065+0000] {dag.py:3036} INFO - Sync 1 DAGs
[2025-04-26T22:40:56.081+0000] {logging_mixin.py:188} INFO - [2025-04-26T22:40:56.081+0000] {dag.py:3823} INFO - Setting next_dagrun for sync_golden_layer_dag to 2025-04-27 06:00:00+00:00, run_after=2025-04-28 06:00:00+00:00
[2025-04-26T22:40:56.107+0000] {processor.py:183} INFO - Processing /opt/airflow/dags/sync_golden_layer_dag.py took 0.225 seconds
[2025-04-26T22:58:28.775+0000] {processor.py:161} INFO - Started process (PID=94414) to work on /opt/airflow/dags/sync_golden_layer_dag.py
[2025-04-26T22:58:28.779+0000] {processor.py:830} INFO - Processing file /opt/airflow/dags/sync_golden_layer_dag.py for tasks to queue
[2025-04-26T22:58:28.788+0000] {logging_mixin.py:188} INFO - [2025-04-26T22:58:28.783+0000] {dagbag.py:538} INFO - Filling up the DagBag from /opt/airflow/dags/sync_golden_layer_dag.py
[2025-04-26T22:58:28.896+0000] {processor.py:840} INFO - DAG(s) 'sync_golden_layer_dag' retrieved from /opt/airflow/dags/sync_golden_layer_dag.py
[2025-04-26T22:58:29.183+0000] {logging_mixin.py:188} INFO - [2025-04-26T22:58:29.182+0000] {dag.py:3036} INFO - Sync 1 DAGs
[2025-04-26T22:58:29.208+0000] {logging_mixin.py:188} INFO - [2025-04-26T22:58:29.208+0000] {dag.py:3823} INFO - Setting next_dagrun for sync_golden_layer_dag to 2025-04-27 06:00:00+00:00, run_after=2025-04-28 06:00:00+00:00
[2025-04-26T22:58:29.226+0000] {processor.py:183} INFO - Processing /opt/airflow/dags/sync_golden_layer_dag.py took 0.489 seconds
[2025-04-26T23:26:02.275+0000] {processor.py:161} INFO - Started process (PID=94436) to work on /opt/airflow/dags/sync_golden_layer_dag.py
[2025-04-26T23:26:02.277+0000] {processor.py:830} INFO - Processing file /opt/airflow/dags/sync_golden_layer_dag.py for tasks to queue
[2025-04-26T23:26:02.278+0000] {logging_mixin.py:188} INFO - [2025-04-26T23:26:02.278+0000] {dagbag.py:538} INFO - Filling up the DagBag from /opt/airflow/dags/sync_golden_layer_dag.py
[2025-04-26T23:26:02.329+0000] {processor.py:840} INFO - DAG(s) 'sync_golden_layer_dag' retrieved from /opt/airflow/dags/sync_golden_layer_dag.py
[2025-04-26T23:26:02.681+0000] {logging_mixin.py:188} INFO - [2025-04-26T23:26:02.680+0000] {dag.py:3036} INFO - Sync 1 DAGs
[2025-04-26T23:26:02.757+0000] {logging_mixin.py:188} INFO - [2025-04-26T23:26:02.757+0000] {dag.py:3823} INFO - Setting next_dagrun for sync_golden_layer_dag to 2025-04-27 06:00:00+00:00, run_after=2025-04-28 06:00:00+00:00
[2025-04-26T23:26:02.843+0000] {processor.py:183} INFO - Processing /opt/airflow/dags/sync_golden_layer_dag.py took 0.572 seconds
[2025-04-26T23:26:33.590+0000] {processor.py:161} INFO - Started process (PID=94459) to work on /opt/airflow/dags/sync_golden_layer_dag.py
[2025-04-26T23:26:33.592+0000] {processor.py:830} INFO - Processing file /opt/airflow/dags/sync_golden_layer_dag.py for tasks to queue
[2025-04-26T23:26:33.593+0000] {logging_mixin.py:188} INFO - [2025-04-26T23:26:33.593+0000] {dagbag.py:538} INFO - Filling up the DagBag from /opt/airflow/dags/sync_golden_layer_dag.py
[2025-04-26T23:26:33.622+0000] {processor.py:840} INFO - DAG(s) 'sync_golden_layer_dag' retrieved from /opt/airflow/dags/sync_golden_layer_dag.py
[2025-04-26T23:26:33.734+0000] {logging_mixin.py:188} INFO - [2025-04-26T23:26:33.733+0000] {dag.py:3036} INFO - Sync 1 DAGs
[2025-04-26T23:26:33.765+0000] {logging_mixin.py:188} INFO - [2025-04-26T23:26:33.765+0000] {dag.py:3823} INFO - Setting next_dagrun for sync_golden_layer_dag to 2025-04-27 06:00:00+00:00, run_after=2025-04-28 06:00:00+00:00
[2025-04-26T23:26:33.778+0000] {processor.py:183} INFO - Processing /opt/airflow/dags/sync_golden_layer_dag.py took 0.194 seconds
[2025-04-26T23:59:05.311+0000] {processor.py:161} INFO - Started process (PID=94481) to work on /opt/airflow/dags/sync_golden_layer_dag.py
[2025-04-26T23:59:05.314+0000] {processor.py:830} INFO - Processing file /opt/airflow/dags/sync_golden_layer_dag.py for tasks to queue
[2025-04-26T23:59:05.316+0000] {logging_mixin.py:188} INFO - [2025-04-26T23:59:05.315+0000] {dagbag.py:538} INFO - Filling up the DagBag from /opt/airflow/dags/sync_golden_layer_dag.py
[2025-04-26T23:59:05.364+0000] {processor.py:840} INFO - DAG(s) 'sync_golden_layer_dag' retrieved from /opt/airflow/dags/sync_golden_layer_dag.py
[2025-04-26T23:59:05.545+0000] {logging_mixin.py:188} INFO - [2025-04-26T23:59:05.545+0000] {dag.py:3036} INFO - Sync 1 DAGs
[2025-04-26T23:59:05.567+0000] {logging_mixin.py:188} INFO - [2025-04-26T23:59:05.567+0000] {dag.py:3823} INFO - Setting next_dagrun for sync_golden_layer_dag to 2025-04-27 06:00:00+00:00, run_after=2025-04-28 06:00:00+00:00
[2025-04-26T23:59:05.587+0000] {processor.py:183} INFO - Processing /opt/airflow/dags/sync_golden_layer_dag.py took 0.297 seconds
[2025-04-26T23:59:36.338+0000] {processor.py:161} INFO - Started process (PID=94504) to work on /opt/airflow/dags/sync_golden_layer_dag.py
[2025-04-26T23:59:36.347+0000] {processor.py:830} INFO - Processing file /opt/airflow/dags/sync_golden_layer_dag.py for tasks to queue
[2025-04-26T23:59:36.348+0000] {logging_mixin.py:188} INFO - [2025-04-26T23:59:36.347+0000] {dagbag.py:538} INFO - Filling up the DagBag from /opt/airflow/dags/sync_golden_layer_dag.py
[2025-04-26T23:59:36.373+0000] {processor.py:840} INFO - DAG(s) 'sync_golden_layer_dag' retrieved from /opt/airflow/dags/sync_golden_layer_dag.py
[2025-04-26T23:59:36.496+0000] {logging_mixin.py:188} INFO - [2025-04-26T23:59:36.496+0000] {dag.py:3036} INFO - Sync 1 DAGs
[2025-04-26T23:59:36.518+0000] {logging_mixin.py:188} INFO - [2025-04-26T23:59:36.517+0000] {dag.py:3823} INFO - Setting next_dagrun for sync_golden_layer_dag to 2025-04-27 06:00:00+00:00, run_after=2025-04-28 06:00:00+00:00
[2025-04-26T23:59:36.534+0000] {processor.py:183} INFO - Processing /opt/airflow/dags/sync_golden_layer_dag.py took 0.207 seconds
