[2025-10-29T16:05:19.247+0000] {taskinstance.py:1956} INFO - Dependencies all met for dep_context=non-requeueable deps ti=<TaskInstance: sync_golden_layer_dag.sync_golden_layer manual__2025-10-29T16:05:17.885289+00:00 [queued]>
[2025-10-29T16:05:19.251+0000] {taskinstance.py:1956} INFO - Dependencies all met for dep_context=requeueable deps ti=<TaskInstance: sync_golden_layer_dag.sync_golden_layer manual__2025-10-29T16:05:17.885289+00:00 [queued]>
[2025-10-29T16:05:19.251+0000] {taskinstance.py:2170} INFO - Starting attempt 1 of 1
[2025-10-29T16:05:19.256+0000] {taskinstance.py:2191} INFO - Executing <Task(PythonOperator): sync_golden_layer> on 2025-10-29 16:05:17.885289+00:00
[2025-10-29T16:05:19.258+0000] {standard_task_runner.py:60} INFO - Started process 355 to run task
[2025-10-29T16:05:19.260+0000] {standard_task_runner.py:87} INFO - Running: ['***', 'tasks', 'run', 'sync_golden_layer_dag', 'sync_golden_layer', 'manual__2025-10-29T16:05:17.885289+00:00', '--job-id', '9', '--raw', '--subdir', 'DAGS_FOLDER/sync_golden_layer_dag.py', '--cfg-path', '/tmp/tmpdjnm936j']
[2025-10-29T16:05:19.262+0000] {standard_task_runner.py:88} INFO - Job 9: Subtask sync_golden_layer
[2025-10-29T16:05:19.286+0000] {task_command.py:423} INFO - Running <TaskInstance: sync_golden_layer_dag.sync_golden_layer manual__2025-10-29T16:05:17.885289+00:00 [running]> on host 67ebf70470b5
[2025-10-29T16:05:19.317+0000] {taskinstance.py:2480} INFO - Exporting env vars: AIRFLOW_CTX_DAG_OWNER='***' AIRFLOW_CTX_DAG_ID='sync_golden_layer_dag' AIRFLOW_CTX_TASK_ID='sync_golden_layer' AIRFLOW_CTX_EXECUTION_DATE='2025-10-29T16:05:17.885289+00:00' AIRFLOW_CTX_TRY_NUMBER='1' AIRFLOW_CTX_DAG_RUN_ID='manual__2025-10-29T16:05:17.885289+00:00'
[2025-10-29T16:05:19.326+0000] {taskinstance.py:2698} ERROR - Task failed with exception
Traceback (most recent call last):
  File "/home/airflow/.local/lib/python3.8/site-packages/airflow/models/taskinstance.py", line 433, in _execute_task
    result = execute_callable(context=context, **execute_callable_kwargs)
  File "/home/airflow/.local/lib/python3.8/site-packages/airflow/operators/python.py", line 199, in execute
    return_value = self.execute_callable()
  File "/home/airflow/.local/lib/python3.8/site-packages/airflow/operators/python.py", line 216, in execute_callable
    return self.python_callable(*self.op_args, **self.op_kwargs)
  File "/opt/airflow/dags/sync_golden_layer_dag.py", line 18, in execute_sql_functions
    hook.run(f"SELECT {sync_function}();")
  File "/home/airflow/.local/lib/python3.8/site-packages/airflow/providers/common/sql/hooks/sql.py", line 391, in run
    with closing(self.get_conn()) as conn:
  File "/home/airflow/.local/lib/python3.8/site-packages/airflow/providers/postgres/hooks/postgres.py", line 128, in get_conn
    conn = deepcopy(self.connection or self.get_connection(conn_id))
  File "/home/airflow/.local/lib/python3.8/site-packages/airflow/hooks/base.py", line 82, in get_connection
    conn = Connection.get_connection_from_secrets(conn_id)
  File "/home/airflow/.local/lib/python3.8/site-packages/airflow/models/connection.py", line 479, in get_connection_from_secrets
    raise AirflowNotFoundException(f"The conn_id `{conn_id}` isn't defined")
airflow.exceptions.AirflowNotFoundException: The conn_id `warehouse` isn't defined
[2025-10-29T16:05:19.328+0000] {taskinstance.py:1138} INFO - Marking task as FAILED. dag_id=sync_golden_layer_dag, task_id=sync_golden_layer, execution_date=20251029T160517, start_date=20251029T160519, end_date=20251029T160519
[2025-10-29T16:05:19.332+0000] {standard_task_runner.py:107} ERROR - Failed to execute job 9 for task sync_golden_layer (The conn_id `warehouse` isn't defined; 355)
[2025-10-29T16:05:19.363+0000] {local_task_job_runner.py:234} INFO - Task exited with return code 1
[2025-10-29T16:05:19.372+0000] {taskinstance.py:3280} INFO - 0 downstream tasks scheduled from follow-on schedule check
