[2025-05-08T00:07:48.749+0000] {processor.py:161} INFO - Started process (PID=41029) to work on /opt/airflow/dags/load_pokemons_info_dag.py
[2025-05-08T00:07:48.753+0000] {processor.py:830} INFO - Processing file /opt/airflow/dags/load_pokemons_info_dag.py for tasks to queue
[2025-05-08T00:07:48.755+0000] {logging_mixin.py:188} INFO - [2025-05-08T00:07:48.754+0000] {dagbag.py:538} INFO - Filling up the DagBag from /opt/airflow/dags/load_pokemons_info_dag.py
[2025-05-08T00:07:50.610+0000] {logging_mixin.py:188} INFO - [2025-05-08T00:07:50.609+0000] {base.py:83} INFO - Using connection ID 'warehouse' for task execution.
[2025-05-08T00:07:50.614+0000] {logging_mixin.py:188} INFO - [2025-05-08T00:07:50.613+0000] {base.py:83} INFO - Using connection ID 'warehouse' for task execution.
[2025-05-08T00:07:50.616+0000] {logging_mixin.py:188} INFO - [2025-05-08T00:07:50.616+0000] {base.py:83} INFO - Using connection ID 'warehouse' for task execution.
[2025-05-08T00:07:50.618+0000] {logging_mixin.py:188} INFO - [2025-05-08T00:07:50.618+0000] {base.py:83} INFO - Using connection ID 'warehouse' for task execution.
[2025-05-08T00:07:50.620+0000] {logging_mixin.py:188} INFO - [2025-05-08T00:07:50.620+0000] {base.py:83} INFO - Using connection ID 'warehouse' for task execution.
[2025-05-08T00:07:50.621+0000] {logging_mixin.py:188} INFO - [2025-05-08T00:07:50.621+0000] {base.py:83} INFO - Using connection ID 'warehouse' for task execution.
[2025-05-08T00:07:50.623+0000] {logging_mixin.py:188} INFO - [2025-05-08T00:07:50.623+0000] {base.py:83} INFO - Using connection ID 'warehouse' for task execution.
[2025-05-08T00:07:50.625+0000] {logging_mixin.py:188} INFO - [2025-05-08T00:07:50.625+0000] {base.py:83} INFO - Using connection ID 'warehouse' for task execution.
[2025-05-08T00:07:50.627+0000] {logging_mixin.py:188} INFO - [2025-05-08T00:07:50.627+0000] {base.py:83} INFO - Using connection ID 'warehouse' for task execution.
[2025-05-08T00:07:50.632+0000] {processor.py:840} INFO - DAG(s) 'load_pokemons_info_dag' retrieved from /opt/airflow/dags/load_pokemons_info_dag.py
[2025-05-08T00:07:50.698+0000] {logging_mixin.py:188} INFO - [2025-05-08T00:07:50.697+0000] {dag.py:3036} INFO - Sync 1 DAGs
[2025-05-08T00:07:50.709+0000] {logging_mixin.py:188} INFO - [2025-05-08T00:07:50.709+0000] {dag.py:3823} INFO - Setting next_dagrun for load_pokemons_info_dag to 2025-05-08 06:00:00+00:00, run_after=2025-05-09 06:00:00+00:00
[2025-05-08T00:07:50.719+0000] {processor.py:183} INFO - Processing /opt/airflow/dags/load_pokemons_info_dag.py took 1.982 seconds
[2025-05-08T00:19:59.338+0000] {processor.py:161} INFO - Started process (PID=41052) to work on /opt/airflow/dags/load_pokemons_info_dag.py
[2025-05-08T00:19:59.350+0000] {processor.py:830} INFO - Processing file /opt/airflow/dags/load_pokemons_info_dag.py for tasks to queue
[2025-05-08T00:19:59.354+0000] {logging_mixin.py:188} INFO - [2025-05-08T00:19:59.353+0000] {dagbag.py:538} INFO - Filling up the DagBag from /opt/airflow/dags/load_pokemons_info_dag.py
[2025-05-08T00:20:00.236+0000] {logging_mixin.py:188} INFO - [2025-05-08T00:20:00.236+0000] {base.py:83} INFO - Using connection ID 'warehouse' for task execution.
[2025-05-08T00:20:00.239+0000] {logging_mixin.py:188} INFO - [2025-05-08T00:20:00.239+0000] {base.py:83} INFO - Using connection ID 'warehouse' for task execution.
[2025-05-08T00:20:00.243+0000] {logging_mixin.py:188} INFO - [2025-05-08T00:20:00.243+0000] {base.py:83} INFO - Using connection ID 'warehouse' for task execution.
[2025-05-08T00:20:00.246+0000] {logging_mixin.py:188} INFO - [2025-05-08T00:20:00.245+0000] {base.py:83} INFO - Using connection ID 'warehouse' for task execution.
[2025-05-08T00:20:00.247+0000] {logging_mixin.py:188} INFO - [2025-05-08T00:20:00.247+0000] {base.py:83} INFO - Using connection ID 'warehouse' for task execution.
[2025-05-08T00:20:00.252+0000] {logging_mixin.py:188} INFO - [2025-05-08T00:20:00.252+0000] {base.py:83} INFO - Using connection ID 'warehouse' for task execution.
[2025-05-08T00:20:00.255+0000] {logging_mixin.py:188} INFO - [2025-05-08T00:20:00.255+0000] {base.py:83} INFO - Using connection ID 'warehouse' for task execution.
[2025-05-08T00:20:00.259+0000] {logging_mixin.py:188} INFO - [2025-05-08T00:20:00.258+0000] {base.py:83} INFO - Using connection ID 'warehouse' for task execution.
[2025-05-08T00:20:00.261+0000] {logging_mixin.py:188} INFO - [2025-05-08T00:20:00.261+0000] {base.py:83} INFO - Using connection ID 'warehouse' for task execution.
[2025-05-08T00:20:00.264+0000] {processor.py:840} INFO - DAG(s) 'load_pokemons_info_dag' retrieved from /opt/airflow/dags/load_pokemons_info_dag.py
[2025-05-08T00:20:00.326+0000] {logging_mixin.py:188} INFO - [2025-05-08T00:20:00.326+0000] {dag.py:3036} INFO - Sync 1 DAGs
[2025-05-08T00:20:00.337+0000] {logging_mixin.py:188} INFO - [2025-05-08T00:20:00.337+0000] {dag.py:3823} INFO - Setting next_dagrun for load_pokemons_info_dag to 2025-05-08 06:00:00+00:00, run_after=2025-05-09 06:00:00+00:00
[2025-05-08T00:20:00.351+0000] {processor.py:183} INFO - Processing /opt/airflow/dags/load_pokemons_info_dag.py took 1.039 seconds
[2025-05-08T00:20:30.893+0000] {processor.py:161} INFO - Started process (PID=41077) to work on /opt/airflow/dags/load_pokemons_info_dag.py
[2025-05-08T00:20:30.895+0000] {processor.py:830} INFO - Processing file /opt/airflow/dags/load_pokemons_info_dag.py for tasks to queue
[2025-05-08T00:20:30.897+0000] {logging_mixin.py:188} INFO - [2025-05-08T00:20:30.896+0000] {dagbag.py:538} INFO - Filling up the DagBag from /opt/airflow/dags/load_pokemons_info_dag.py
[2025-05-08T00:20:31.573+0000] {logging_mixin.py:188} INFO - [2025-05-08T00:20:31.573+0000] {base.py:83} INFO - Using connection ID 'warehouse' for task execution.
[2025-05-08T00:20:31.576+0000] {logging_mixin.py:188} INFO - [2025-05-08T00:20:31.576+0000] {base.py:83} INFO - Using connection ID 'warehouse' for task execution.
[2025-05-08T00:20:31.579+0000] {logging_mixin.py:188} INFO - [2025-05-08T00:20:31.578+0000] {base.py:83} INFO - Using connection ID 'warehouse' for task execution.
[2025-05-08T00:20:31.584+0000] {logging_mixin.py:188} INFO - [2025-05-08T00:20:31.584+0000] {base.py:83} INFO - Using connection ID 'warehouse' for task execution.
[2025-05-08T00:20:31.586+0000] {logging_mixin.py:188} INFO - [2025-05-08T00:20:31.586+0000] {base.py:83} INFO - Using connection ID 'warehouse' for task execution.
[2025-05-08T00:20:31.592+0000] {logging_mixin.py:188} INFO - [2025-05-08T00:20:31.592+0000] {base.py:83} INFO - Using connection ID 'warehouse' for task execution.
[2025-05-08T00:20:31.596+0000] {logging_mixin.py:188} INFO - [2025-05-08T00:20:31.596+0000] {base.py:83} INFO - Using connection ID 'warehouse' for task execution.
[2025-05-08T00:20:31.601+0000] {logging_mixin.py:188} INFO - [2025-05-08T00:20:31.601+0000] {base.py:83} INFO - Using connection ID 'warehouse' for task execution.
[2025-05-08T00:20:31.605+0000] {logging_mixin.py:188} INFO - [2025-05-08T00:20:31.605+0000] {base.py:83} INFO - Using connection ID 'warehouse' for task execution.
[2025-05-08T00:20:31.610+0000] {processor.py:840} INFO - DAG(s) 'load_pokemons_info_dag' retrieved from /opt/airflow/dags/load_pokemons_info_dag.py
[2025-05-08T00:20:31.667+0000] {logging_mixin.py:188} INFO - [2025-05-08T00:20:31.666+0000] {dag.py:3036} INFO - Sync 1 DAGs
[2025-05-08T00:20:31.680+0000] {logging_mixin.py:188} INFO - [2025-05-08T00:20:31.680+0000] {dag.py:3823} INFO - Setting next_dagrun for load_pokemons_info_dag to 2025-05-08 06:00:00+00:00, run_after=2025-05-09 06:00:00+00:00
[2025-05-08T00:20:31.690+0000] {processor.py:183} INFO - Processing /opt/airflow/dags/load_pokemons_info_dag.py took 0.807 seconds
[2025-05-08T00:38:13.894+0000] {processor.py:161} INFO - Started process (PID=41098) to work on /opt/airflow/dags/load_pokemons_info_dag.py
[2025-05-08T00:38:13.899+0000] {processor.py:830} INFO - Processing file /opt/airflow/dags/load_pokemons_info_dag.py for tasks to queue
[2025-05-08T00:38:13.904+0000] {logging_mixin.py:188} INFO - [2025-05-08T00:38:13.903+0000] {dagbag.py:538} INFO - Filling up the DagBag from /opt/airflow/dags/load_pokemons_info_dag.py
[2025-05-08T00:38:14.644+0000] {logging_mixin.py:188} INFO - [2025-05-08T00:38:14.643+0000] {base.py:83} INFO - Using connection ID 'warehouse' for task execution.
[2025-05-08T00:38:14.647+0000] {logging_mixin.py:188} INFO - [2025-05-08T00:38:14.647+0000] {base.py:83} INFO - Using connection ID 'warehouse' for task execution.
[2025-05-08T00:38:14.648+0000] {logging_mixin.py:188} INFO - [2025-05-08T00:38:14.648+0000] {base.py:83} INFO - Using connection ID 'warehouse' for task execution.
[2025-05-08T00:38:14.650+0000] {logging_mixin.py:188} INFO - [2025-05-08T00:38:14.650+0000] {base.py:83} INFO - Using connection ID 'warehouse' for task execution.
[2025-05-08T00:38:14.652+0000] {logging_mixin.py:188} INFO - [2025-05-08T00:38:14.652+0000] {base.py:83} INFO - Using connection ID 'warehouse' for task execution.
[2025-05-08T00:38:14.653+0000] {logging_mixin.py:188} INFO - [2025-05-08T00:38:14.653+0000] {base.py:83} INFO - Using connection ID 'warehouse' for task execution.
[2025-05-08T00:38:14.655+0000] {logging_mixin.py:188} INFO - [2025-05-08T00:38:14.655+0000] {base.py:83} INFO - Using connection ID 'warehouse' for task execution.
[2025-05-08T00:38:14.657+0000] {logging_mixin.py:188} INFO - [2025-05-08T00:38:14.657+0000] {base.py:83} INFO - Using connection ID 'warehouse' for task execution.
[2025-05-08T00:38:14.658+0000] {logging_mixin.py:188} INFO - [2025-05-08T00:38:14.658+0000] {base.py:83} INFO - Using connection ID 'warehouse' for task execution.
[2025-05-08T00:38:14.661+0000] {processor.py:840} INFO - DAG(s) 'load_pokemons_info_dag' retrieved from /opt/airflow/dags/load_pokemons_info_dag.py
[2025-05-08T00:38:14.729+0000] {logging_mixin.py:188} INFO - [2025-05-08T00:38:14.728+0000] {dag.py:3036} INFO - Sync 1 DAGs
[2025-05-08T00:38:14.755+0000] {logging_mixin.py:188} INFO - [2025-05-08T00:38:14.754+0000] {dag.py:3823} INFO - Setting next_dagrun for load_pokemons_info_dag to 2025-05-08 06:00:00+00:00, run_after=2025-05-09 06:00:00+00:00
[2025-05-08T00:38:14.772+0000] {processor.py:183} INFO - Processing /opt/airflow/dags/load_pokemons_info_dag.py took 0.885 seconds
[2025-05-08T00:53:58.606+0000] {processor.py:161} INFO - Started process (PID=41121) to work on /opt/airflow/dags/load_pokemons_info_dag.py
[2025-05-08T00:53:58.624+0000] {processor.py:830} INFO - Processing file /opt/airflow/dags/load_pokemons_info_dag.py for tasks to queue
[2025-05-08T00:53:58.626+0000] {logging_mixin.py:188} INFO - [2025-05-08T00:53:58.626+0000] {dagbag.py:538} INFO - Filling up the DagBag from /opt/airflow/dags/load_pokemons_info_dag.py
[2025-05-08T00:53:59.554+0000] {logging_mixin.py:188} INFO - [2025-05-08T00:53:59.554+0000] {base.py:83} INFO - Using connection ID 'warehouse' for task execution.
[2025-05-08T00:53:59.556+0000] {logging_mixin.py:188} INFO - [2025-05-08T00:53:59.556+0000] {base.py:83} INFO - Using connection ID 'warehouse' for task execution.
[2025-05-08T00:53:59.557+0000] {logging_mixin.py:188} INFO - [2025-05-08T00:53:59.557+0000] {base.py:83} INFO - Using connection ID 'warehouse' for task execution.
[2025-05-08T00:53:59.558+0000] {logging_mixin.py:188} INFO - [2025-05-08T00:53:59.558+0000] {base.py:83} INFO - Using connection ID 'warehouse' for task execution.
[2025-05-08T00:53:59.560+0000] {logging_mixin.py:188} INFO - [2025-05-08T00:53:59.560+0000] {base.py:83} INFO - Using connection ID 'warehouse' for task execution.
[2025-05-08T00:53:59.562+0000] {logging_mixin.py:188} INFO - [2025-05-08T00:53:59.561+0000] {base.py:83} INFO - Using connection ID 'warehouse' for task execution.
[2025-05-08T00:53:59.563+0000] {logging_mixin.py:188} INFO - [2025-05-08T00:53:59.563+0000] {base.py:83} INFO - Using connection ID 'warehouse' for task execution.
[2025-05-08T00:53:59.565+0000] {logging_mixin.py:188} INFO - [2025-05-08T00:53:59.565+0000] {base.py:83} INFO - Using connection ID 'warehouse' for task execution.
[2025-05-08T00:53:59.568+0000] {logging_mixin.py:188} INFO - [2025-05-08T00:53:59.568+0000] {base.py:83} INFO - Using connection ID 'warehouse' for task execution.
[2025-05-08T00:53:59.572+0000] {processor.py:840} INFO - DAG(s) 'load_pokemons_info_dag' retrieved from /opt/airflow/dags/load_pokemons_info_dag.py
[2025-05-08T00:53:59.622+0000] {logging_mixin.py:188} INFO - [2025-05-08T00:53:59.622+0000] {dag.py:3036} INFO - Sync 1 DAGs
[2025-05-08T00:53:59.634+0000] {logging_mixin.py:188} INFO - [2025-05-08T00:53:59.633+0000] {dag.py:3823} INFO - Setting next_dagrun for load_pokemons_info_dag to 2025-05-08 06:00:00+00:00, run_after=2025-05-09 06:00:00+00:00
[2025-05-08T00:53:59.647+0000] {processor.py:183} INFO - Processing /opt/airflow/dags/load_pokemons_info_dag.py took 1.050 seconds
[2025-05-08T00:54:30.249+0000] {processor.py:161} INFO - Started process (PID=41146) to work on /opt/airflow/dags/load_pokemons_info_dag.py
[2025-05-08T00:54:30.251+0000] {processor.py:830} INFO - Processing file /opt/airflow/dags/load_pokemons_info_dag.py for tasks to queue
[2025-05-08T00:54:30.254+0000] {logging_mixin.py:188} INFO - [2025-05-08T00:54:30.253+0000] {dagbag.py:538} INFO - Filling up the DagBag from /opt/airflow/dags/load_pokemons_info_dag.py
[2025-05-08T00:54:30.818+0000] {logging_mixin.py:188} INFO - [2025-05-08T00:54:30.818+0000] {base.py:83} INFO - Using connection ID 'warehouse' for task execution.
[2025-05-08T00:54:30.822+0000] {logging_mixin.py:188} INFO - [2025-05-08T00:54:30.822+0000] {base.py:83} INFO - Using connection ID 'warehouse' for task execution.
[2025-05-08T00:54:30.825+0000] {logging_mixin.py:188} INFO - [2025-05-08T00:54:30.825+0000] {base.py:83} INFO - Using connection ID 'warehouse' for task execution.
[2025-05-08T00:54:30.828+0000] {logging_mixin.py:188} INFO - [2025-05-08T00:54:30.828+0000] {base.py:83} INFO - Using connection ID 'warehouse' for task execution.
[2025-05-08T00:54:30.830+0000] {logging_mixin.py:188} INFO - [2025-05-08T00:54:30.830+0000] {base.py:83} INFO - Using connection ID 'warehouse' for task execution.
[2025-05-08T00:54:30.832+0000] {logging_mixin.py:188} INFO - [2025-05-08T00:54:30.832+0000] {base.py:83} INFO - Using connection ID 'warehouse' for task execution.
[2025-05-08T00:54:30.835+0000] {logging_mixin.py:188} INFO - [2025-05-08T00:54:30.834+0000] {base.py:83} INFO - Using connection ID 'warehouse' for task execution.
[2025-05-08T00:54:30.837+0000] {logging_mixin.py:188} INFO - [2025-05-08T00:54:30.836+0000] {base.py:83} INFO - Using connection ID 'warehouse' for task execution.
[2025-05-08T00:54:30.839+0000] {logging_mixin.py:188} INFO - [2025-05-08T00:54:30.838+0000] {base.py:83} INFO - Using connection ID 'warehouse' for task execution.
[2025-05-08T00:54:30.842+0000] {processor.py:840} INFO - DAG(s) 'load_pokemons_info_dag' retrieved from /opt/airflow/dags/load_pokemons_info_dag.py
[2025-05-08T00:54:30.924+0000] {logging_mixin.py:188} INFO - [2025-05-08T00:54:30.923+0000] {dag.py:3036} INFO - Sync 1 DAGs
[2025-05-08T00:54:30.948+0000] {logging_mixin.py:188} INFO - [2025-05-08T00:54:30.947+0000] {dag.py:3823} INFO - Setting next_dagrun for load_pokemons_info_dag to 2025-05-08 06:00:00+00:00, run_after=2025-05-09 06:00:00+00:00
[2025-05-08T00:54:30.978+0000] {processor.py:183} INFO - Processing /opt/airflow/dags/load_pokemons_info_dag.py took 0.737 seconds
[2025-05-08T01:11:50.313+0000] {processor.py:161} INFO - Started process (PID=41164) to work on /opt/airflow/dags/load_pokemons_info_dag.py
[2025-05-08T01:11:50.316+0000] {processor.py:830} INFO - Processing file /opt/airflow/dags/load_pokemons_info_dag.py for tasks to queue
[2025-05-08T01:11:50.331+0000] {logging_mixin.py:188} INFO - [2025-05-08T01:11:50.328+0000] {dagbag.py:538} INFO - Filling up the DagBag from /opt/airflow/dags/load_pokemons_info_dag.py
[2025-05-08T01:11:51.416+0000] {logging_mixin.py:188} INFO - [2025-05-08T01:11:51.415+0000] {base.py:83} INFO - Using connection ID 'warehouse' for task execution.
[2025-05-08T01:11:51.420+0000] {logging_mixin.py:188} INFO - [2025-05-08T01:11:51.419+0000] {base.py:83} INFO - Using connection ID 'warehouse' for task execution.
[2025-05-08T01:11:51.422+0000] {logging_mixin.py:188} INFO - [2025-05-08T01:11:51.422+0000] {base.py:83} INFO - Using connection ID 'warehouse' for task execution.
[2025-05-08T01:11:51.424+0000] {logging_mixin.py:188} INFO - [2025-05-08T01:11:51.423+0000] {base.py:83} INFO - Using connection ID 'warehouse' for task execution.
[2025-05-08T01:11:51.425+0000] {logging_mixin.py:188} INFO - [2025-05-08T01:11:51.425+0000] {base.py:83} INFO - Using connection ID 'warehouse' for task execution.
[2025-05-08T01:11:51.427+0000] {logging_mixin.py:188} INFO - [2025-05-08T01:11:51.427+0000] {base.py:83} INFO - Using connection ID 'warehouse' for task execution.
[2025-05-08T01:11:51.428+0000] {logging_mixin.py:188} INFO - [2025-05-08T01:11:51.428+0000] {base.py:83} INFO - Using connection ID 'warehouse' for task execution.
[2025-05-08T01:11:51.430+0000] {logging_mixin.py:188} INFO - [2025-05-08T01:11:51.430+0000] {base.py:83} INFO - Using connection ID 'warehouse' for task execution.
[2025-05-08T01:11:51.432+0000] {logging_mixin.py:188} INFO - [2025-05-08T01:11:51.432+0000] {base.py:83} INFO - Using connection ID 'warehouse' for task execution.
[2025-05-08T01:11:51.436+0000] {processor.py:840} INFO - DAG(s) 'load_pokemons_info_dag' retrieved from /opt/airflow/dags/load_pokemons_info_dag.py
[2025-05-08T01:11:51.490+0000] {logging_mixin.py:188} INFO - [2025-05-08T01:11:51.490+0000] {dag.py:3036} INFO - Sync 1 DAGs
[2025-05-08T01:11:51.507+0000] {logging_mixin.py:188} INFO - [2025-05-08T01:11:51.507+0000] {dag.py:3823} INFO - Setting next_dagrun for load_pokemons_info_dag to 2025-05-08 06:00:00+00:00, run_after=2025-05-09 06:00:00+00:00
[2025-05-08T01:11:51.520+0000] {processor.py:183} INFO - Processing /opt/airflow/dags/load_pokemons_info_dag.py took 1.251 seconds
[2025-05-08T01:12:21.945+0000] {processor.py:161} INFO - Started process (PID=41189) to work on /opt/airflow/dags/load_pokemons_info_dag.py
[2025-05-08T01:12:21.946+0000] {processor.py:830} INFO - Processing file /opt/airflow/dags/load_pokemons_info_dag.py for tasks to queue
[2025-05-08T01:12:21.947+0000] {logging_mixin.py:188} INFO - [2025-05-08T01:12:21.947+0000] {dagbag.py:538} INFO - Filling up the DagBag from /opt/airflow/dags/load_pokemons_info_dag.py
[2025-05-08T01:12:22.528+0000] {logging_mixin.py:188} INFO - [2025-05-08T01:12:22.528+0000] {base.py:83} INFO - Using connection ID 'warehouse' for task execution.
[2025-05-08T01:12:22.531+0000] {logging_mixin.py:188} INFO - [2025-05-08T01:12:22.531+0000] {base.py:83} INFO - Using connection ID 'warehouse' for task execution.
[2025-05-08T01:12:22.535+0000] {logging_mixin.py:188} INFO - [2025-05-08T01:12:22.535+0000] {base.py:83} INFO - Using connection ID 'warehouse' for task execution.
[2025-05-08T01:12:22.536+0000] {logging_mixin.py:188} INFO - [2025-05-08T01:12:22.536+0000] {base.py:83} INFO - Using connection ID 'warehouse' for task execution.
[2025-05-08T01:12:22.543+0000] {logging_mixin.py:188} INFO - [2025-05-08T01:12:22.543+0000] {base.py:83} INFO - Using connection ID 'warehouse' for task execution.
[2025-05-08T01:12:22.579+0000] {logging_mixin.py:188} INFO - [2025-05-08T01:12:22.579+0000] {base.py:83} INFO - Using connection ID 'warehouse' for task execution.
[2025-05-08T01:12:22.583+0000] {logging_mixin.py:188} INFO - [2025-05-08T01:12:22.583+0000] {base.py:83} INFO - Using connection ID 'warehouse' for task execution.
[2025-05-08T01:12:22.591+0000] {logging_mixin.py:188} INFO - [2025-05-08T01:12:22.590+0000] {base.py:83} INFO - Using connection ID 'warehouse' for task execution.
[2025-05-08T01:12:22.597+0000] {logging_mixin.py:188} INFO - [2025-05-08T01:12:22.597+0000] {base.py:83} INFO - Using connection ID 'warehouse' for task execution.
[2025-05-08T01:12:22.605+0000] {processor.py:840} INFO - DAG(s) 'load_pokemons_info_dag' retrieved from /opt/airflow/dags/load_pokemons_info_dag.py
[2025-05-08T01:12:23.088+0000] {logging_mixin.py:188} INFO - [2025-05-08T01:12:23.087+0000] {dag.py:3036} INFO - Sync 1 DAGs
[2025-05-08T01:12:23.107+0000] {logging_mixin.py:188} INFO - [2025-05-08T01:12:23.107+0000] {dag.py:3823} INFO - Setting next_dagrun for load_pokemons_info_dag to 2025-05-08 06:00:00+00:00, run_after=2025-05-09 06:00:00+00:00
[2025-05-08T01:12:23.127+0000] {processor.py:183} INFO - Processing /opt/airflow/dags/load_pokemons_info_dag.py took 1.187 seconds
[2025-05-08T01:21:14.478+0000] {processor.py:161} INFO - Started process (PID=41213) to work on /opt/airflow/dags/load_pokemons_info_dag.py
[2025-05-08T01:21:14.482+0000] {processor.py:830} INFO - Processing file /opt/airflow/dags/load_pokemons_info_dag.py for tasks to queue
[2025-05-08T01:21:14.491+0000] {logging_mixin.py:188} INFO - [2025-05-08T01:21:14.490+0000] {dagbag.py:538} INFO - Filling up the DagBag from /opt/airflow/dags/load_pokemons_info_dag.py
[2025-05-08T01:21:16.000+0000] {logging_mixin.py:188} INFO - [2025-05-08T01:21:15.999+0000] {base.py:83} INFO - Using connection ID 'warehouse' for task execution.
[2025-05-08T01:21:16.005+0000] {logging_mixin.py:188} INFO - [2025-05-08T01:21:16.005+0000] {base.py:83} INFO - Using connection ID 'warehouse' for task execution.
[2025-05-08T01:21:16.010+0000] {logging_mixin.py:188} INFO - [2025-05-08T01:21:16.010+0000] {base.py:83} INFO - Using connection ID 'warehouse' for task execution.
[2025-05-08T01:21:16.014+0000] {logging_mixin.py:188} INFO - [2025-05-08T01:21:16.014+0000] {base.py:83} INFO - Using connection ID 'warehouse' for task execution.
[2025-05-08T01:21:16.016+0000] {logging_mixin.py:188} INFO - [2025-05-08T01:21:16.016+0000] {base.py:83} INFO - Using connection ID 'warehouse' for task execution.
[2025-05-08T01:21:16.018+0000] {logging_mixin.py:188} INFO - [2025-05-08T01:21:16.018+0000] {base.py:83} INFO - Using connection ID 'warehouse' for task execution.
[2025-05-08T01:21:16.020+0000] {logging_mixin.py:188} INFO - [2025-05-08T01:21:16.020+0000] {base.py:83} INFO - Using connection ID 'warehouse' for task execution.
[2025-05-08T01:21:16.022+0000] {logging_mixin.py:188} INFO - [2025-05-08T01:21:16.022+0000] {base.py:83} INFO - Using connection ID 'warehouse' for task execution.
[2025-05-08T01:21:16.025+0000] {logging_mixin.py:188} INFO - [2025-05-08T01:21:16.024+0000] {base.py:83} INFO - Using connection ID 'warehouse' for task execution.
[2025-05-08T01:21:16.028+0000] {processor.py:840} INFO - DAG(s) 'load_pokemons_info_dag' retrieved from /opt/airflow/dags/load_pokemons_info_dag.py
[2025-05-08T01:21:16.130+0000] {logging_mixin.py:188} INFO - [2025-05-08T01:21:16.130+0000] {dag.py:3036} INFO - Sync 1 DAGs
[2025-05-08T01:21:16.149+0000] {logging_mixin.py:188} INFO - [2025-05-08T01:21:16.149+0000] {dag.py:3823} INFO - Setting next_dagrun for load_pokemons_info_dag to 2025-05-08 06:00:00+00:00, run_after=2025-05-09 06:00:00+00:00
[2025-05-08T01:21:16.163+0000] {processor.py:183} INFO - Processing /opt/airflow/dags/load_pokemons_info_dag.py took 1.697 seconds
[2025-05-08T01:21:46.607+0000] {processor.py:161} INFO - Started process (PID=41239) to work on /opt/airflow/dags/load_pokemons_info_dag.py
[2025-05-08T01:21:46.609+0000] {processor.py:830} INFO - Processing file /opt/airflow/dags/load_pokemons_info_dag.py for tasks to queue
[2025-05-08T01:21:46.609+0000] {logging_mixin.py:188} INFO - [2025-05-08T01:21:46.609+0000] {dagbag.py:538} INFO - Filling up the DagBag from /opt/airflow/dags/load_pokemons_info_dag.py
[2025-05-08T01:21:47.416+0000] {logging_mixin.py:188} INFO - [2025-05-08T01:21:47.415+0000] {base.py:83} INFO - Using connection ID 'warehouse' for task execution.
[2025-05-08T01:21:47.420+0000] {logging_mixin.py:188} INFO - [2025-05-08T01:21:47.419+0000] {base.py:83} INFO - Using connection ID 'warehouse' for task execution.
[2025-05-08T01:21:47.423+0000] {logging_mixin.py:188} INFO - [2025-05-08T01:21:47.423+0000] {base.py:83} INFO - Using connection ID 'warehouse' for task execution.
[2025-05-08T01:21:47.425+0000] {logging_mixin.py:188} INFO - [2025-05-08T01:21:47.425+0000] {base.py:83} INFO - Using connection ID 'warehouse' for task execution.
[2025-05-08T01:21:47.428+0000] {logging_mixin.py:188} INFO - [2025-05-08T01:21:47.428+0000] {base.py:83} INFO - Using connection ID 'warehouse' for task execution.
[2025-05-08T01:21:47.432+0000] {logging_mixin.py:188} INFO - [2025-05-08T01:21:47.432+0000] {base.py:83} INFO - Using connection ID 'warehouse' for task execution.
[2025-05-08T01:21:47.434+0000] {logging_mixin.py:188} INFO - [2025-05-08T01:21:47.434+0000] {base.py:83} INFO - Using connection ID 'warehouse' for task execution.
[2025-05-08T01:21:47.436+0000] {logging_mixin.py:188} INFO - [2025-05-08T01:21:47.436+0000] {base.py:83} INFO - Using connection ID 'warehouse' for task execution.
[2025-05-08T01:21:47.439+0000] {logging_mixin.py:188} INFO - [2025-05-08T01:21:47.439+0000] {base.py:83} INFO - Using connection ID 'warehouse' for task execution.
[2025-05-08T01:21:47.442+0000] {processor.py:840} INFO - DAG(s) 'load_pokemons_info_dag' retrieved from /opt/airflow/dags/load_pokemons_info_dag.py
[2025-05-08T01:21:47.503+0000] {logging_mixin.py:188} INFO - [2025-05-08T01:21:47.502+0000] {dag.py:3036} INFO - Sync 1 DAGs
[2025-05-08T01:21:47.515+0000] {logging_mixin.py:188} INFO - [2025-05-08T01:21:47.515+0000] {dag.py:3823} INFO - Setting next_dagrun for load_pokemons_info_dag to 2025-05-08 06:00:00+00:00, run_after=2025-05-09 06:00:00+00:00
[2025-05-08T01:21:47.526+0000] {processor.py:183} INFO - Processing /opt/airflow/dags/load_pokemons_info_dag.py took 0.930 seconds
[2025-05-08T01:22:18.259+0000] {processor.py:161} INFO - Started process (PID=41262) to work on /opt/airflow/dags/load_pokemons_info_dag.py
[2025-05-08T01:22:18.272+0000] {processor.py:830} INFO - Processing file /opt/airflow/dags/load_pokemons_info_dag.py for tasks to queue
[2025-05-08T01:22:18.279+0000] {logging_mixin.py:188} INFO - [2025-05-08T01:22:18.278+0000] {dagbag.py:538} INFO - Filling up the DagBag from /opt/airflow/dags/load_pokemons_info_dag.py
[2025-05-08T01:22:18.998+0000] {logging_mixin.py:188} INFO - [2025-05-08T01:22:18.998+0000] {base.py:83} INFO - Using connection ID 'warehouse' for task execution.
[2025-05-08T01:22:19.000+0000] {logging_mixin.py:188} INFO - [2025-05-08T01:22:19.000+0000] {base.py:83} INFO - Using connection ID 'warehouse' for task execution.
[2025-05-08T01:22:19.003+0000] {logging_mixin.py:188} INFO - [2025-05-08T01:22:19.003+0000] {base.py:83} INFO - Using connection ID 'warehouse' for task execution.
[2025-05-08T01:22:19.007+0000] {logging_mixin.py:188} INFO - [2025-05-08T01:22:19.007+0000] {base.py:83} INFO - Using connection ID 'warehouse' for task execution.
[2025-05-08T01:22:19.015+0000] {logging_mixin.py:188} INFO - [2025-05-08T01:22:19.015+0000] {base.py:83} INFO - Using connection ID 'warehouse' for task execution.
[2025-05-08T01:22:19.024+0000] {logging_mixin.py:188} INFO - [2025-05-08T01:22:19.024+0000] {base.py:83} INFO - Using connection ID 'warehouse' for task execution.
[2025-05-08T01:22:19.028+0000] {logging_mixin.py:188} INFO - [2025-05-08T01:22:19.028+0000] {base.py:83} INFO - Using connection ID 'warehouse' for task execution.
[2025-05-08T01:22:19.030+0000] {logging_mixin.py:188} INFO - [2025-05-08T01:22:19.029+0000] {base.py:83} INFO - Using connection ID 'warehouse' for task execution.
[2025-05-08T01:22:19.031+0000] {logging_mixin.py:188} INFO - [2025-05-08T01:22:19.031+0000] {base.py:83} INFO - Using connection ID 'warehouse' for task execution.
[2025-05-08T01:22:19.034+0000] {processor.py:840} INFO - DAG(s) 'load_pokemons_info_dag' retrieved from /opt/airflow/dags/load_pokemons_info_dag.py
[2025-05-08T01:22:19.095+0000] {logging_mixin.py:188} INFO - [2025-05-08T01:22:19.094+0000] {dag.py:3036} INFO - Sync 1 DAGs
[2025-05-08T01:22:19.105+0000] {logging_mixin.py:188} INFO - [2025-05-08T01:22:19.105+0000] {dag.py:3823} INFO - Setting next_dagrun for load_pokemons_info_dag to 2025-05-08 06:00:00+00:00, run_after=2025-05-09 06:00:00+00:00
[2025-05-08T01:22:19.116+0000] {processor.py:183} INFO - Processing /opt/airflow/dags/load_pokemons_info_dag.py took 0.862 seconds
[2025-05-08T01:22:49.660+0000] {processor.py:161} INFO - Started process (PID=41285) to work on /opt/airflow/dags/load_pokemons_info_dag.py
[2025-05-08T01:22:49.662+0000] {processor.py:830} INFO - Processing file /opt/airflow/dags/load_pokemons_info_dag.py for tasks to queue
[2025-05-08T01:22:49.662+0000] {logging_mixin.py:188} INFO - [2025-05-08T01:22:49.662+0000] {dagbag.py:538} INFO - Filling up the DagBag from /opt/airflow/dags/load_pokemons_info_dag.py
[2025-05-08T01:22:50.242+0000] {logging_mixin.py:188} INFO - [2025-05-08T01:22:50.242+0000] {base.py:83} INFO - Using connection ID 'warehouse' for task execution.
[2025-05-08T01:22:50.246+0000] {logging_mixin.py:188} INFO - [2025-05-08T01:22:50.246+0000] {base.py:83} INFO - Using connection ID 'warehouse' for task execution.
[2025-05-08T01:22:50.250+0000] {logging_mixin.py:188} INFO - [2025-05-08T01:22:50.250+0000] {base.py:83} INFO - Using connection ID 'warehouse' for task execution.
[2025-05-08T01:22:50.252+0000] {logging_mixin.py:188} INFO - [2025-05-08T01:22:50.252+0000] {base.py:83} INFO - Using connection ID 'warehouse' for task execution.
[2025-05-08T01:22:50.254+0000] {logging_mixin.py:188} INFO - [2025-05-08T01:22:50.254+0000] {base.py:83} INFO - Using connection ID 'warehouse' for task execution.
[2025-05-08T01:22:50.256+0000] {logging_mixin.py:188} INFO - [2025-05-08T01:22:50.256+0000] {base.py:83} INFO - Using connection ID 'warehouse' for task execution.
[2025-05-08T01:22:50.259+0000] {logging_mixin.py:188} INFO - [2025-05-08T01:22:50.258+0000] {base.py:83} INFO - Using connection ID 'warehouse' for task execution.
[2025-05-08T01:22:50.261+0000] {logging_mixin.py:188} INFO - [2025-05-08T01:22:50.261+0000] {base.py:83} INFO - Using connection ID 'warehouse' for task execution.
[2025-05-08T01:22:50.263+0000] {logging_mixin.py:188} INFO - [2025-05-08T01:22:50.262+0000] {base.py:83} INFO - Using connection ID 'warehouse' for task execution.
[2025-05-08T01:22:50.265+0000] {processor.py:840} INFO - DAG(s) 'load_pokemons_info_dag' retrieved from /opt/airflow/dags/load_pokemons_info_dag.py
[2025-05-08T01:22:50.313+0000] {logging_mixin.py:188} INFO - [2025-05-08T01:22:50.312+0000] {dag.py:3036} INFO - Sync 1 DAGs
[2025-05-08T01:22:50.326+0000] {logging_mixin.py:188} INFO - [2025-05-08T01:22:50.326+0000] {dag.py:3823} INFO - Setting next_dagrun for load_pokemons_info_dag to 2025-05-08 06:00:00+00:00, run_after=2025-05-09 06:00:00+00:00
[2025-05-08T01:22:50.336+0000] {processor.py:183} INFO - Processing /opt/airflow/dags/load_pokemons_info_dag.py took 0.684 seconds
[2025-05-08T01:38:36.407+0000] {processor.py:161} INFO - Started process (PID=41308) to work on /opt/airflow/dags/load_pokemons_info_dag.py
[2025-05-08T01:38:36.413+0000] {processor.py:830} INFO - Processing file /opt/airflow/dags/load_pokemons_info_dag.py for tasks to queue
[2025-05-08T01:38:36.417+0000] {logging_mixin.py:188} INFO - [2025-05-08T01:38:36.417+0000] {dagbag.py:538} INFO - Filling up the DagBag from /opt/airflow/dags/load_pokemons_info_dag.py
[2025-05-08T01:38:37.448+0000] {logging_mixin.py:188} INFO - [2025-05-08T01:38:37.448+0000] {base.py:83} INFO - Using connection ID 'warehouse' for task execution.
[2025-05-08T01:38:37.451+0000] {logging_mixin.py:188} INFO - [2025-05-08T01:38:37.451+0000] {base.py:83} INFO - Using connection ID 'warehouse' for task execution.
[2025-05-08T01:38:37.454+0000] {logging_mixin.py:188} INFO - [2025-05-08T01:38:37.454+0000] {base.py:83} INFO - Using connection ID 'warehouse' for task execution.
[2025-05-08T01:38:37.456+0000] {logging_mixin.py:188} INFO - [2025-05-08T01:38:37.456+0000] {base.py:83} INFO - Using connection ID 'warehouse' for task execution.
[2025-05-08T01:38:37.458+0000] {logging_mixin.py:188} INFO - [2025-05-08T01:38:37.458+0000] {base.py:83} INFO - Using connection ID 'warehouse' for task execution.
[2025-05-08T01:38:37.460+0000] {logging_mixin.py:188} INFO - [2025-05-08T01:38:37.460+0000] {base.py:83} INFO - Using connection ID 'warehouse' for task execution.
[2025-05-08T01:38:37.462+0000] {logging_mixin.py:188} INFO - [2025-05-08T01:38:37.462+0000] {base.py:83} INFO - Using connection ID 'warehouse' for task execution.
[2025-05-08T01:38:37.466+0000] {logging_mixin.py:188} INFO - [2025-05-08T01:38:37.465+0000] {base.py:83} INFO - Using connection ID 'warehouse' for task execution.
[2025-05-08T01:38:37.469+0000] {logging_mixin.py:188} INFO - [2025-05-08T01:38:37.469+0000] {base.py:83} INFO - Using connection ID 'warehouse' for task execution.
[2025-05-08T01:38:37.474+0000] {processor.py:840} INFO - DAG(s) 'load_pokemons_info_dag' retrieved from /opt/airflow/dags/load_pokemons_info_dag.py
[2025-05-08T01:38:37.544+0000] {logging_mixin.py:188} INFO - [2025-05-08T01:38:37.543+0000] {dag.py:3036} INFO - Sync 1 DAGs
[2025-05-08T01:38:37.569+0000] {logging_mixin.py:188} INFO - [2025-05-08T01:38:37.568+0000] {dag.py:3823} INFO - Setting next_dagrun for load_pokemons_info_dag to 2025-05-08 06:00:00+00:00, run_after=2025-05-09 06:00:00+00:00
[2025-05-08T01:38:37.590+0000] {processor.py:183} INFO - Processing /opt/airflow/dags/load_pokemons_info_dag.py took 1.201 seconds
[2025-05-08T01:39:08.021+0000] {processor.py:161} INFO - Started process (PID=41331) to work on /opt/airflow/dags/load_pokemons_info_dag.py
[2025-05-08T01:39:08.022+0000] {processor.py:830} INFO - Processing file /opt/airflow/dags/load_pokemons_info_dag.py for tasks to queue
[2025-05-08T01:39:08.023+0000] {logging_mixin.py:188} INFO - [2025-05-08T01:39:08.023+0000] {dagbag.py:538} INFO - Filling up the DagBag from /opt/airflow/dags/load_pokemons_info_dag.py
[2025-05-08T01:39:08.854+0000] {logging_mixin.py:188} INFO - [2025-05-08T01:39:08.854+0000] {base.py:83} INFO - Using connection ID 'warehouse' for task execution.
[2025-05-08T01:39:08.856+0000] {logging_mixin.py:188} INFO - [2025-05-08T01:39:08.856+0000] {base.py:83} INFO - Using connection ID 'warehouse' for task execution.
[2025-05-08T01:39:08.859+0000] {logging_mixin.py:188} INFO - [2025-05-08T01:39:08.859+0000] {base.py:83} INFO - Using connection ID 'warehouse' for task execution.
[2025-05-08T01:39:08.861+0000] {logging_mixin.py:188} INFO - [2025-05-08T01:39:08.861+0000] {base.py:83} INFO - Using connection ID 'warehouse' for task execution.
[2025-05-08T01:39:08.863+0000] {logging_mixin.py:188} INFO - [2025-05-08T01:39:08.863+0000] {base.py:83} INFO - Using connection ID 'warehouse' for task execution.
[2025-05-08T01:39:08.865+0000] {logging_mixin.py:188} INFO - [2025-05-08T01:39:08.865+0000] {base.py:83} INFO - Using connection ID 'warehouse' for task execution.
[2025-05-08T01:39:08.866+0000] {logging_mixin.py:188} INFO - [2025-05-08T01:39:08.866+0000] {base.py:83} INFO - Using connection ID 'warehouse' for task execution.
[2025-05-08T01:39:08.868+0000] {logging_mixin.py:188} INFO - [2025-05-08T01:39:08.867+0000] {base.py:83} INFO - Using connection ID 'warehouse' for task execution.
[2025-05-08T01:39:08.869+0000] {logging_mixin.py:188} INFO - [2025-05-08T01:39:08.869+0000] {base.py:83} INFO - Using connection ID 'warehouse' for task execution.
[2025-05-08T01:39:08.871+0000] {processor.py:840} INFO - DAG(s) 'load_pokemons_info_dag' retrieved from /opt/airflow/dags/load_pokemons_info_dag.py
[2025-05-08T01:39:08.916+0000] {logging_mixin.py:188} INFO - [2025-05-08T01:39:08.916+0000] {dag.py:3036} INFO - Sync 1 DAGs
[2025-05-08T01:39:08.926+0000] {logging_mixin.py:188} INFO - [2025-05-08T01:39:08.926+0000] {dag.py:3823} INFO - Setting next_dagrun for load_pokemons_info_dag to 2025-05-08 06:00:00+00:00, run_after=2025-05-09 06:00:00+00:00
[2025-05-08T01:39:08.938+0000] {processor.py:183} INFO - Processing /opt/airflow/dags/load_pokemons_info_dag.py took 0.924 seconds
[2025-05-08T01:56:09.971+0000] {processor.py:161} INFO - Started process (PID=41352) to work on /opt/airflow/dags/load_pokemons_info_dag.py
[2025-05-08T01:56:09.979+0000] {processor.py:830} INFO - Processing file /opt/airflow/dags/load_pokemons_info_dag.py for tasks to queue
[2025-05-08T01:56:09.982+0000] {logging_mixin.py:188} INFO - [2025-05-08T01:56:09.981+0000] {dagbag.py:538} INFO - Filling up the DagBag from /opt/airflow/dags/load_pokemons_info_dag.py
[2025-05-08T01:56:10.886+0000] {logging_mixin.py:188} INFO - [2025-05-08T01:56:10.886+0000] {base.py:83} INFO - Using connection ID 'warehouse' for task execution.
[2025-05-08T01:56:10.894+0000] {logging_mixin.py:188} INFO - [2025-05-08T01:56:10.892+0000] {base.py:83} INFO - Using connection ID 'warehouse' for task execution.
[2025-05-08T01:56:10.905+0000] {logging_mixin.py:188} INFO - [2025-05-08T01:56:10.905+0000] {base.py:83} INFO - Using connection ID 'warehouse' for task execution.
[2025-05-08T01:56:10.920+0000] {logging_mixin.py:188} INFO - [2025-05-08T01:56:10.919+0000] {base.py:83} INFO - Using connection ID 'warehouse' for task execution.
[2025-05-08T01:56:10.924+0000] {logging_mixin.py:188} INFO - [2025-05-08T01:56:10.923+0000] {base.py:83} INFO - Using connection ID 'warehouse' for task execution.
[2025-05-08T01:56:10.929+0000] {logging_mixin.py:188} INFO - [2025-05-08T01:56:10.929+0000] {base.py:83} INFO - Using connection ID 'warehouse' for task execution.
[2025-05-08T01:56:10.936+0000] {logging_mixin.py:188} INFO - [2025-05-08T01:56:10.936+0000] {base.py:83} INFO - Using connection ID 'warehouse' for task execution.
[2025-05-08T01:56:10.943+0000] {logging_mixin.py:188} INFO - [2025-05-08T01:56:10.942+0000] {base.py:83} INFO - Using connection ID 'warehouse' for task execution.
[2025-05-08T01:56:10.954+0000] {logging_mixin.py:188} INFO - [2025-05-08T01:56:10.954+0000] {base.py:83} INFO - Using connection ID 'warehouse' for task execution.
[2025-05-08T01:56:10.966+0000] {processor.py:840} INFO - DAG(s) 'load_pokemons_info_dag' retrieved from /opt/airflow/dags/load_pokemons_info_dag.py
[2025-05-08T01:56:11.134+0000] {logging_mixin.py:188} INFO - [2025-05-08T01:56:11.132+0000] {dag.py:3036} INFO - Sync 1 DAGs
[2025-05-08T01:56:11.172+0000] {logging_mixin.py:188} INFO - [2025-05-08T01:56:11.171+0000] {dag.py:3823} INFO - Setting next_dagrun for load_pokemons_info_dag to 2025-05-08 06:00:00+00:00, run_after=2025-05-09 06:00:00+00:00
[2025-05-08T01:56:11.205+0000] {processor.py:183} INFO - Processing /opt/airflow/dags/load_pokemons_info_dag.py took 1.249 seconds
[2025-05-08T01:56:41.280+0000] {processor.py:161} INFO - Started process (PID=41379) to work on /opt/airflow/dags/load_pokemons_info_dag.py
[2025-05-08T01:56:41.281+0000] {processor.py:830} INFO - Processing file /opt/airflow/dags/load_pokemons_info_dag.py for tasks to queue
[2025-05-08T01:56:41.282+0000] {logging_mixin.py:188} INFO - [2025-05-08T01:56:41.282+0000] {dagbag.py:538} INFO - Filling up the DagBag from /opt/airflow/dags/load_pokemons_info_dag.py
[2025-05-08T01:56:42.001+0000] {logging_mixin.py:188} INFO - [2025-05-08T01:56:42.001+0000] {base.py:83} INFO - Using connection ID 'warehouse' for task execution.
[2025-05-08T01:56:42.009+0000] {logging_mixin.py:188} INFO - [2025-05-08T01:56:42.008+0000] {base.py:83} INFO - Using connection ID 'warehouse' for task execution.
[2025-05-08T01:56:42.012+0000] {logging_mixin.py:188} INFO - [2025-05-08T01:56:42.012+0000] {base.py:83} INFO - Using connection ID 'warehouse' for task execution.
[2025-05-08T01:56:42.015+0000] {logging_mixin.py:188} INFO - [2025-05-08T01:56:42.015+0000] {base.py:83} INFO - Using connection ID 'warehouse' for task execution.
[2025-05-08T01:56:42.016+0000] {logging_mixin.py:188} INFO - [2025-05-08T01:56:42.016+0000] {base.py:83} INFO - Using connection ID 'warehouse' for task execution.
[2025-05-08T01:56:42.020+0000] {logging_mixin.py:188} INFO - [2025-05-08T01:56:42.020+0000] {base.py:83} INFO - Using connection ID 'warehouse' for task execution.
[2025-05-08T01:56:42.036+0000] {logging_mixin.py:188} INFO - [2025-05-08T01:56:42.036+0000] {base.py:83} INFO - Using connection ID 'warehouse' for task execution.
[2025-05-08T01:56:42.046+0000] {logging_mixin.py:188} INFO - [2025-05-08T01:56:42.046+0000] {base.py:83} INFO - Using connection ID 'warehouse' for task execution.
[2025-05-08T01:56:42.048+0000] {logging_mixin.py:188} INFO - [2025-05-08T01:56:42.048+0000] {base.py:83} INFO - Using connection ID 'warehouse' for task execution.
[2025-05-08T01:56:42.056+0000] {processor.py:840} INFO - DAG(s) 'load_pokemons_info_dag' retrieved from /opt/airflow/dags/load_pokemons_info_dag.py
[2025-05-08T01:56:42.200+0000] {logging_mixin.py:188} INFO - [2025-05-08T01:56:42.199+0000] {dag.py:3036} INFO - Sync 1 DAGs
[2025-05-08T01:56:42.220+0000] {logging_mixin.py:188} INFO - [2025-05-08T01:56:42.220+0000] {dag.py:3823} INFO - Setting next_dagrun for load_pokemons_info_dag to 2025-05-08 06:00:00+00:00, run_after=2025-05-09 06:00:00+00:00
[2025-05-08T01:56:42.247+0000] {processor.py:183} INFO - Processing /opt/airflow/dags/load_pokemons_info_dag.py took 0.969 seconds
[2025-05-08T02:12:39.179+0000] {processor.py:161} INFO - Started process (PID=41402) to work on /opt/airflow/dags/load_pokemons_info_dag.py
[2025-05-08T02:12:39.182+0000] {processor.py:830} INFO - Processing file /opt/airflow/dags/load_pokemons_info_dag.py for tasks to queue
[2025-05-08T02:12:39.184+0000] {logging_mixin.py:188} INFO - [2025-05-08T02:12:39.184+0000] {dagbag.py:538} INFO - Filling up the DagBag from /opt/airflow/dags/load_pokemons_info_dag.py
[2025-05-08T02:12:40.662+0000] {logging_mixin.py:188} INFO - [2025-05-08T02:12:40.661+0000] {base.py:83} INFO - Using connection ID 'warehouse' for task execution.
[2025-05-08T02:12:40.665+0000] {logging_mixin.py:188} INFO - [2025-05-08T02:12:40.664+0000] {base.py:83} INFO - Using connection ID 'warehouse' for task execution.
[2025-05-08T02:12:40.669+0000] {logging_mixin.py:188} INFO - [2025-05-08T02:12:40.669+0000] {base.py:83} INFO - Using connection ID 'warehouse' for task execution.
[2025-05-08T02:12:40.672+0000] {logging_mixin.py:188} INFO - [2025-05-08T02:12:40.672+0000] {base.py:83} INFO - Using connection ID 'warehouse' for task execution.
[2025-05-08T02:12:40.674+0000] {logging_mixin.py:188} INFO - [2025-05-08T02:12:40.674+0000] {base.py:83} INFO - Using connection ID 'warehouse' for task execution.
[2025-05-08T02:12:40.675+0000] {logging_mixin.py:188} INFO - [2025-05-08T02:12:40.675+0000] {base.py:83} INFO - Using connection ID 'warehouse' for task execution.
[2025-05-08T02:12:40.677+0000] {logging_mixin.py:188} INFO - [2025-05-08T02:12:40.677+0000] {base.py:83} INFO - Using connection ID 'warehouse' for task execution.
[2025-05-08T02:12:40.679+0000] {logging_mixin.py:188} INFO - [2025-05-08T02:12:40.679+0000] {base.py:83} INFO - Using connection ID 'warehouse' for task execution.
[2025-05-08T02:12:40.682+0000] {logging_mixin.py:188} INFO - [2025-05-08T02:12:40.682+0000] {base.py:83} INFO - Using connection ID 'warehouse' for task execution.
[2025-05-08T02:12:40.687+0000] {processor.py:840} INFO - DAG(s) 'load_pokemons_info_dag' retrieved from /opt/airflow/dags/load_pokemons_info_dag.py
[2025-05-08T02:12:40.782+0000] {logging_mixin.py:188} INFO - [2025-05-08T02:12:40.781+0000] {dag.py:3036} INFO - Sync 1 DAGs
[2025-05-08T02:12:40.800+0000] {logging_mixin.py:188} INFO - [2025-05-08T02:12:40.799+0000] {dag.py:3823} INFO - Setting next_dagrun for load_pokemons_info_dag to 2025-05-08 06:00:00+00:00, run_after=2025-05-09 06:00:00+00:00
[2025-05-08T02:12:40.816+0000] {processor.py:183} INFO - Processing /opt/airflow/dags/load_pokemons_info_dag.py took 1.647 seconds
